Archive member included because of file (symbol)

/Users/XtremD/Documents/workspace/Test2/libArduinoCores.a(HardwareSerial.o)
                              ./main.o (HardwareSerial::begin(long))
/Users/XtremD/Documents/workspace/Test2/libArduinoCores.a(Print.o)
                              /Users/XtremD/Documents/workspace/Test2/libArduinoCores.a(HardwareSerial.o) (Print::write(char const*))
/Users/XtremD/Documents/workspace/Test2/libArduinoCores.a(WMath.o)
                              ./main.o (random(long, long))
/Users/XtremD/Documents/workspace/Test2/libArduinoCores.a(WString.o)
                              /Users/XtremD/Documents/workspace/Test2/libArduinoCores.a(Print.o) (String::operator[](unsigned int) const)
/Users/XtremD/Documents/workspace/Test2/libArduinoCores.a(wiring.o)
                              ./XBee/XBee.o (millis)
/Users/XtremD/Documents/workspace/Test2/libArduinoCores.a(wiring_analog.o)
                              ./main.o (analogRead)
/Users/XtremD/Documents/workspace/Test2/libArduinoCores.a(wiring_digital.o)
                              /Users/XtremD/Documents/workspace/Test2/libArduinoCores.a(wiring_analog.o) (pinMode)
/Users/XtremD/Documents/workspace/Test2/libArduinoCores.a(pins_arduino.o)
                              /Users/XtremD/Documents/workspace/Test2/libArduinoCores.a(wiring_digital.o) (port_to_mode_PGM)
/usr/local/avr/bin/../lib/gcc/avr/4.3.2/avr51/libgcc.a(_mulsi3.o)
                              /Users/XtremD/Documents/workspace/Test2/libArduinoCores.a(WMath.o) (__mulsi3)
/usr/local/avr/bin/../lib/gcc/avr/4.3.2/avr51/libgcc.a(_udivmodsi4.o)
                              /Users/XtremD/Documents/workspace/Test2/libArduinoCores.a(HardwareSerial.o) (__udivmodsi4)
/usr/local/avr/bin/../lib/gcc/avr/4.3.2/avr51/libgcc.a(_divmodsi4.o)
                              /Users/XtremD/Documents/workspace/Test2/libArduinoCores.a(WMath.o) (__divmodsi4)
/usr/local/avr/bin/../lib/gcc/avr/4.3.2/avr51/libgcc.a(_exit.o)
                              /usr/local/avr/bin/../lib/gcc/avr/4.3.2/../../../../avr/lib/avr51/crtm1280.o (exit)
/usr/local/avr/bin/../lib/gcc/avr/4.3.2/avr51/libgcc.a(_clear_bss.o)
                              ./main.o (__do_clear_bss)
/usr/local/avr/bin/../lib/gcc/avr/4.3.2/avr51/libgcc.a(_ctors.o)
                              ./main.o (__do_global_ctors)
/usr/local/avr/bin/../lib/gcc/avr/4.3.2/avr51/libgcc.a(_dtors.o)
                              ./main.o (__do_global_dtors)
/usr/local/avr/bin/../lib/gcc/avr/4.3.2/avr51/libgcc.a(_fixunssfsi.o)
                              /Users/XtremD/Documents/workspace/Test2/libArduinoCores.a(Print.o) (__fixunssfsi)
/usr/local/avr/bin/../lib/gcc/avr/4.3.2/avr51/libgcc.a(_addsub_sf.o)
                              /Users/XtremD/Documents/workspace/Test2/libArduinoCores.a(Print.o) (__subsf3)
/usr/local/avr/bin/../lib/gcc/avr/4.3.2/avr51/libgcc.a(_mul_sf.o)
                              /Users/XtremD/Documents/workspace/Test2/libArduinoCores.a(Print.o) (__mulsf3)
/usr/local/avr/bin/../lib/gcc/avr/4.3.2/avr51/libgcc.a(_div_sf.o)
                              /Users/XtremD/Documents/workspace/Test2/libArduinoCores.a(Print.o) (__divsf3)
/usr/local/avr/bin/../lib/gcc/avr/4.3.2/avr51/libgcc.a(_ge_sf.o)
                              /usr/local/avr/bin/../lib/gcc/avr/4.3.2/avr51/libgcc.a(_fixunssfsi.o) (__gesf2)
/usr/local/avr/bin/../lib/gcc/avr/4.3.2/avr51/libgcc.a(_lt_sf.o)
                              /Users/XtremD/Documents/workspace/Test2/libArduinoCores.a(Print.o) (__ltsf2)
/usr/local/avr/bin/../lib/gcc/avr/4.3.2/avr51/libgcc.a(_si_to_sf.o)
                              /Users/XtremD/Documents/workspace/Test2/libArduinoCores.a(Print.o) (__floatsisf)
/usr/local/avr/bin/../lib/gcc/avr/4.3.2/avr51/libgcc.a(_sf_to_si.o)
                              /Users/XtremD/Documents/workspace/Test2/libArduinoCores.a(Print.o) (__fixsfsi)
/usr/local/avr/bin/../lib/gcc/avr/4.3.2/avr51/libgcc.a(_thenan_sf.o)
                              /usr/local/avr/bin/../lib/gcc/avr/4.3.2/avr51/libgcc.a(_addsub_sf.o) (__thenan_sf)
/usr/local/avr/bin/../lib/gcc/avr/4.3.2/avr51/libgcc.a(_usi_to_sf.o)
                              /Users/XtremD/Documents/workspace/Test2/libArduinoCores.a(Print.o) (__floatunsisf)
/usr/local/avr/bin/../lib/gcc/avr/4.3.2/avr51/libgcc.a(_prologue.o)
                              /usr/local/avr/bin/../lib/gcc/avr/4.3.2/avr51/libgcc.a(_addsub_sf.o) (__prologue_saves__)
/usr/local/avr/bin/../lib/gcc/avr/4.3.2/avr51/libgcc.a(_epilogue.o)
                              /usr/local/avr/bin/../lib/gcc/avr/4.3.2/avr51/libgcc.a(_addsub_sf.o) (__epilogue_restores__)
/usr/local/avr/bin/../lib/gcc/avr/4.3.2/avr51/libgcc.a(_tablejump.o)
                              /usr/local/avr/bin/../lib/gcc/avr/4.3.2/avr51/libgcc.a(_ctors.o) (__tablejump__)
/usr/local/avr/bin/../lib/gcc/avr/4.3.2/avr51/libgcc.a(_clzsi2.o)
                              /usr/local/avr/bin/../lib/gcc/avr/4.3.2/avr51/libgcc.a(_si_to_sf.o) (__clzsi2)
[...]
Memory Configuration

Name             Origin             Length             Attributes
text             0x00000000         0x00020000         xr
data             0x00800060         0x0000ffa0         rw !x
eeprom           0x00810000         0x00010000         rw !x
fuse             0x00820000         0x00000400         rw !x
lock             0x00830000         0x00000400         rw !x
signature        0x00840000         0x00000400         rw !x
*default*        0x00000000         0xffffffff

Linker script and memory map

Address of section .data set to 0x800200
LOAD /usr/local/avr/bin/../lib/gcc/avr/4.3.2/../../../../avr/lib/avr51/crtm1280.o
LOAD ./main.o
LOAD ./XBee/XBee.o
LOAD /Users/XtremD/Documents/workspace/Test2/libaes128.a
LOAD /Users/XtremD/Documents/workspace/Test2/libArduinoCores.a
LOAD /usr/local/avr/bin/../lib/gcc/avr/4.3.2/avr51/libgcc.a
LOAD /usr/local/avr/bin/../lib/gcc/avr/4.3.2/../../../../avr/lib/avr51/libm.a
LOAD /usr/local/avr/bin/../lib/gcc/avr/4.3.2/avr51/libgcc.a
LOAD /usr/local/avr/bin/../lib/gcc/avr/4.3.2/../../../../avr/lib/avr51/libc.a
LOAD /usr/local/avr/bin/../lib/gcc/avr/4.3.2/avr51/libgcc.a

.hash
 *(.hash)

.dynsym
 *(.dynsym)

.dynstr
 *(.dynstr)

.gnu.version
 *(.gnu.version)

.gnu.version_d
 *(.gnu.version_d)

.gnu.version_r
 *(.gnu.version_r)

.rel.init
 *(.rel.init)

.rela.init
 *(.rela.init)

.rel.text
 *(.rel.text)
 *(.rel.text.*)
 *(.rel.gnu.linkonce.t*)

.rela.text
 *(.rela.text)
 *(.rela.text.*)
 *(.rela.gnu.linkonce.t*)

.rel.fini
 *(.rel.fini)

.rela.fini
 *(.rela.fini)

.rel.rodata
 *(.rel.rodata)
 *(.rel.rodata.*)
 *(.rel.gnu.linkonce.r*)

.rela.rodata
 *(.rela.rodata)
 *(.rela.rodata.*)
 *(.rela.gnu.linkonce.r*)

.rel.data
 *(.rel.data)
 *(.rel.data.*)
 *(.rel.gnu.linkonce.d*)

.rela.data
 *(.rela.data)
 *(.rela.data.*)
 *(.rela.gnu.linkonce.d*)

.rel.ctors
 *(.rel.ctors)

.rela.ctors
 *(.rela.ctors)

.rel.dtors
 *(.rel.dtors)

.rela.dtors
 *(.rela.dtors)

.rel.got
 *(.rel.got)

.rela.got
 *(.rela.got)

.rel.bss
 *(.rel.bss)

.rela.bss
 *(.rela.bss)

.rel.plt
 *(.rel.plt)

.rela.plt
 *(.rela.plt)

.text           0x00000000     0x63c8
 *(.vectors)
 .vectors       0x00000000       0xe4 /usr/local/avr/bin/../lib/gcc/avr/4.3.2/../../../../avr/lib/avr51/crtm1280.o
                0x00000000                __vectors
                0x00000000                __vector_default
 *(.vectors)
 *(.progmem.gcc*)
 *(.progmem*)
 .progmem.data  0x000000e4      0x120 /Users/XtremD/Documents/workspace/Test2/libArduinoCores.a(pins_arduino.o)
                0x000000e4                port_to_mode_PGM
                0x00000132                digital_pin_to_port_PGM
                0x00000178                digital_pin_to_bit_mask_PGM
                0x000000fe                port_to_output_PGM
                0x00000118                port_to_input_PGM
                0x000001be                digital_pin_to_timer_PGM
                0x00000204                . = ALIGN (0x2)
                0x00000204                __trampolines_start = .
 *(.trampolines)
 .trampolines   0x00000204        0x0 linker stubs
 *(.trampolines*)
                0x00000204                __trampolines_end = .
 *(.jumptables)
 *(.jumptables*)
 *(.lowtext)
 *(.lowtext*)
                0x00000204                __ctors_start = .
 *(.ctors)
 .ctors         0x00000204        0x2 ./main.o
 .ctors         0x00000206        0x2 ./XBee/XBee.o
 .ctors         0x00000208        0x2 /Users/XtremD/Documents/workspace/Test2/libArduinoCores.a(HardwareSerial.o)
                0x0000020a                __ctors_end = .
                0x0000020a                __dtors_start = .
 *(.dtors)
 .dtors         0x0000020a        0x2 ./main.o
                0x0000020c                __dtors_end = .
 SORT(*)(.ctors)
 SORT(*)(.dtors)
 *(.init0)
 .init0         0x0000020c        0x0 /usr/local/avr/bin/../lib/gcc/avr/4.3.2/../../../../avr/lib/avr51/crtm1280.o
                0x0000020c                __init
 *(.init0)
 *(.init1)
 *(.init1)
 *(.init2)
 .init2         0x0000020c        0xc /usr/local/avr/bin/../lib/gcc/avr/4.3.2/../../../../avr/lib/avr51/crtm1280.o
 *(.init2)
 *(.init3)
 *(.init3)
 *(.init4)
 .init4         0x00000218       0x1c /usr/local/avr/bin/../lib/gcc/avr/4.3.2/../../../../avr/lib/avr51/crtm1280.o
                0x00000218                __do_copy_data
 .init4         0x00000234       0x10 /usr/local/avr/bin/../lib/gcc/avr/4.3.2/avr51/libgcc.a(_clear_bss.o)
                0x00000234                __do_clear_bss
 *(.init4)
 *(.init5)
 *(.init5)
 *(.init6)
 .init6         0x00000244       0x16 /usr/local/avr/bin/../lib/gcc/avr/4.3.2/avr51/libgcc.a(_ctors.o)
                0x00000244                __do_global_ctors
 *(.init6)
 *(.init7)
 *(.init7)
 *(.init8)
 *(.init8)
 *(.init9)
 .init9         0x0000025a        0x8 /usr/local/avr/bin/../lib/gcc/avr/4.3.2/../../../../avr/lib/avr51/crtm1280.o
 *(.init9)
 *(.text)
 .text          0x00000262        0x4 /usr/local/avr/bin/../lib/gcc/avr/4.3.2/../../../../avr/lib/avr51/crtm1280.o
                0x00000262                __vector_38
                0x00000262                __vector_22
                0x00000262                __vector_28
                0x00000262                __vector_1
                0x00000262                __vector_32
                0x00000262                __vector_34
                0x00000262                __vector_24
                0x00000262                __vector_12
                0x00000262                __vector_55
                0x00000262                __vector_46
                0x00000262                __bad_interrupt
                0x00000262                __vector_6
                0x00000262                __vector_31
                0x00000262                __vector_35
                0x00000262                __vector_39
                0x00000262                __vector_3
                0x00000262                __vector_30
                0x00000262                __vector_45
                0x00000262                __vector_11
                0x00000262                __vector_13
                0x00000262                __vector_17
                0x00000262                __vector_19
                0x00000262                __vector_56
                0x00000262                __vector_7
                0x00000262                __vector_49
                0x00000262                __vector_41
                0x00000262                __vector_43
                0x00000262                __vector_27
                0x00000262                __vector_5
                0x00000262                __vector_33
                0x00000262                __vector_47
                0x00000262                __vector_52
                0x00000262                __vector_37
                0x00000262                __vector_4
                0x00000262                __vector_44
                0x00000262                __vector_9
                0x00000262                __vector_2
                0x00000262                __vector_21
                0x00000262                __vector_15
                0x00000262                __vector_29
                0x00000262                __vector_40
                0x00000262                __vector_8
                0x00000262                __vector_26
                0x00000262                __vector_48
                0x00000262                __vector_14
                0x00000262                __vector_53
                0x00000262                __vector_10
                0x00000262                __vector_50
                0x00000262                __vector_16
                0x00000262                __vector_18
                0x00000262                __vector_20
                0x00000262                __vector_42
 .text          0x00000266        0x0 ./main.o
 .text          0x00000266        0x0 ./XBee/XBee.o
 .text          0x00000266        0x0 /Users/XtremD/Documents/workspace/Test2/libArduinoCores.a(HardwareSerial.o)
 .text          0x00000266        0x0 /Users/XtremD/Documents/workspace/Test2/libArduinoCores.a(Print.o)
 .text          0x00000266        0x0 /Users/XtremD/Documents/workspace/Test2/libArduinoCores.a(WMath.o)
 .text          0x00000266        0x0 /Users/XtremD/Documents/workspace/Test2/libArduinoCores.a(WString.o)
 .text          0x00000266        0x0 /Users/XtremD/Documents/workspace/Test2/libArduinoCores.a(wiring.o)
 .text          0x00000266        0x0 /Users/XtremD/Documents/workspace/Test2/libArduinoCores.a(wiring_analog.o)
 .text          0x00000266        0x0 /Users/XtremD/Documents/workspace/Test2/libArduinoCores.a(wiring_digital.o)
 .text          0x00000266        0x0 /Users/XtremD/Documents/workspace/Test2/libArduinoCores.a(pins_arduino.o)
 .text          0x00000266        0x0 /usr/local/avr/bin/../lib/gcc/avr/4.3.2/avr51/libgcc.a(_mulsi3.o)
 .text          0x00000266        0x0 /usr/local/avr/bin/../lib/gcc/avr/4.3.2/avr51/libgcc.a(_udivmodsi4.o)
 .text          0x00000266        0x0 /usr/local/avr/bin/../lib/gcc/avr/4.3.2/avr51/libgcc.a(_divmodsi4.o)
 .text          0x00000266        0x0 /usr/local/avr/bin/../lib/gcc/avr/4.3.2/avr51/libgcc.a(_exit.o)
 .text          0x00000266        0x0 /usr/local/avr/bin/../lib/gcc/avr/4.3.2/avr51/libgcc.a(_clear_bss.o)
 .text          0x00000266        0x0 /usr/local/avr/bin/../lib/gcc/avr/4.3.2/avr51/libgcc.a(_ctors.o)
 .text          0x00000266        0x0 /usr/local/avr/bin/../lib/gcc/avr/4.3.2/avr51/libgcc.a(_dtors.o)
 .text          0x00000266       0x58 /usr/local/avr/bin/../lib/gcc/avr/4.3.2/avr51/libgcc.a(_fixunssfsi.o)
                0x00000266                __fixunssfsi
 .text          0x000002be      0x354 /usr/local/avr/bin/../lib/gcc/avr/4.3.2/avr51/libgcc.a(_addsub_sf.o)
                0x00000556                __subsf3
                0x000005b8                __addsf3
 .text          0x00000612      0x1f4 /usr/local/avr/bin/../lib/gcc/avr/4.3.2/avr51/libgcc.a(_mul_sf.o)
                0x00000612                __mulsf3
 .text          0x00000806      0x158 /usr/local/avr/bin/../lib/gcc/avr/4.3.2/avr51/libgcc.a(_div_sf.o)
                0x00000806                __divsf3
 .text          0x0000095e       0x60 /usr/local/avr/bin/../lib/gcc/avr/4.3.2/avr51/libgcc.a(_ge_sf.o)
                0x0000095e                __gesf2
 .text          0x000009be       0x60 /usr/local/avr/bin/../lib/gcc/avr/4.3.2/avr51/libgcc.a(_lt_sf.o)
                0x000009be                __ltsf2
 .text          0x00000a1e       0xbc /usr/local/avr/bin/../lib/gcc/avr/4.3.2/avr51/libgcc.a(_si_to_sf.o)
                0x00000a1e                __floatsisf
 .text          0x00000ada       0xa8 /usr/local/avr/bin/../lib/gcc/avr/4.3.2/avr51/libgcc.a(_sf_to_si.o)
                0x00000ada                __fixsfsi
 .text          0x00000b82        0x0 /usr/local/avr/bin/../lib/gcc/avr/4.3.2/avr51/libgcc.a(_thenan_sf.o)
 .text          0x00000b82       0xf2 /usr/local/avr/bin/../lib/gcc/avr/4.3.2/avr51/libgcc.a(_usi_to_sf.o)
                0x00000b82                __floatunsisf
 .text          0x00000c74        0x0 /usr/local/avr/bin/../lib/gcc/avr/4.3.2/avr51/libgcc.a(_prologue.o)
 .text          0x00000c74        0x0 /usr/local/avr/bin/../lib/gcc/avr/4.3.2/avr51/libgcc.a(_epilogue.o)
 .text          0x00000c74        0x0 /usr/local/avr/bin/../lib/gcc/avr/4.3.2/avr51/libgcc.a(_tablejump.o)
 .text          0x00000c74       0x9e /usr/local/avr/bin/../lib/gcc/avr/4.3.2/avr51/libgcc.a(_clzsi2.o)
                0x00000c74                __clzsi2
 .text          0x00000d12      0x1aa /usr/local/avr/bin/../lib/gcc/avr/4.3.2/avr51/libgcc.a(_pack_sf.o)
                0x00000d12                __pack_f
 .text          0x00000ebc       0xf0 /usr/local/avr/bin/../lib/gcc/avr/4.3.2/avr51/libgcc.a(_unpack_sf.o)
                0x00000ebc                __unpack_f
 .text          0x00000fac       0xb2 /usr/local/avr/bin/../lib/gcc/avr/4.3.2/avr51/libgcc.a(_fpcmp_parts_sf.o)
                0x00000fac                __fpcmp_parts_f
 .text          0x0000105e        0x0 /usr/local/avr/bin/../lib/gcc/avr/4.3.2/avr51/libgcc.a(_clz.o)
 .text          0x0000105e      0x204 /usr/local/avr/bin/../lib/gcc/avr/4.3.2/../../../../avr/lib/avr51/libc.a(malloc.o)
                0x0000105e                malloc
                0x000011b2                free
 .text          0x00001262       0xc2 /usr/local/avr/bin/../lib/gcc/avr/4.3.2/../../../../avr/lib/avr51/libc.a(random.o)
                0x00001308                random
                0x00001302                random_r
                0x00001312                srandom
 .text          0x00001324      0x1aa /usr/local/avr/bin/../lib/gcc/avr/4.3.2/../../../../avr/lib/avr51/libc.a(realloc.o)
                0x00001324                realloc
 .text          0x000014ce       0x4e /usr/local/avr/bin/../lib/gcc/avr/4.3.2/../../../../avr/lib/avr51/libc.a(atol.o)
                0x000014ce                atol
 .text          0x0000151c        0x0 /usr/local/avr/bin/../lib/gcc/avr/4.3.2/../../../../avr/lib/avr51/libc.a(isspace.o)
 .text          0x0000151c        0x0 /usr/local/avr/bin/../lib/gcc/avr/4.3.2/../../../../avr/lib/avr51/libc.a(tolower.o)
 .text          0x0000151c        0x0 /usr/local/avr/bin/../lib/gcc/avr/4.3.2/../../../../avr/lib/avr51/libc.a(toupper.o)
 .text          0x0000151c       0x12 /usr/local/avr/bin/../lib/gcc/avr/4.3.2/../../../../avr/lib/avr51/libc.a(memcpy.o)
                0x0000151c                memcpy
 .text          0x0000152e       0x16 /usr/local/avr/bin/../lib/gcc/avr/4.3.2/../../../../avr/lib/avr51/libc.a(strcat.o)
                0x0000152e                strcat
 .text          0x00001544       0x16 /usr/local/avr/bin/../lib/gcc/avr/4.3.2/../../../../avr/lib/avr51/libc.a(strchr.o)
                0x00001544                strchr
 .text          0x0000155a       0x12 /usr/local/avr/bin/../lib/gcc/avr/4.3.2/../../../../avr/lib/avr51/libc.a(strcmp.o)
                0x0000155a                strcmp
 .text          0x0000156c        0xe /usr/local/avr/bin/../lib/gcc/avr/4.3.2/../../../../avr/lib/avr51/libc.a(strcpy.o)
                0x0000156c                strcpy
 .text          0x0000157a       0x1c /usr/local/avr/bin/../lib/gcc/avr/4.3.2/../../../../avr/lib/avr51/libc.a(strncmp.o)
                0x0000157a                strncmp
 .text          0x00001596       0x1e /usr/local/avr/bin/../lib/gcc/avr/4.3.2/../../../../avr/lib/avr51/libc.a(strncpy.o)
                0x00001596                strncpy
 .text          0x000015b4       0x16 /usr/local/avr/bin/../lib/gcc/avr/4.3.2/../../../../avr/lib/avr51/libc.a(strrchr.o)
                0x000015b4                strrchr
 .text          0x000015ca       0x34 /usr/local/avr/bin/../lib/gcc/avr/4.3.2/../../../../avr/lib/avr51/libc.a(strstr.o)
                0x000015ca                strstr
 .text          0x000015fe       0x42 /usr/local/avr/bin/../lib/gcc/avr/4.3.2/../../../../avr/lib/avr51/libc.a(itoa.o)
                0x000015fe                itoa
 .text          0x00001640       0x68 /usr/local/avr/bin/../lib/gcc/avr/4.3.2/../../../../avr/lib/avr51/libc.a(ltoa.o)
                0x00001640                ltoa
 .text          0x000016a8       0x2a /usr/local/avr/bin/../lib/gcc/avr/4.3.2/../../../../avr/lib/avr51/libc.a(mulsi10.o)
                0x000016a8                __mulsi_const_10
 .text          0x000016d2       0x4a /usr/local/avr/bin/../lib/gcc/avr/4.3.2/../../../../avr/lib/avr51/libc.a(ultoa.o)
                0x000016d2                ultoa
 .text          0x0000171c        0x0 /usr/local/avr/bin/../lib/gcc/avr/4.3.2/../../../../avr/lib/avr51/libc.a(cty_isfalse.o)
 .text          0x0000171c       0x20 /usr/local/avr/bin/../lib/gcc/avr/4.3.2/../../../../avr/lib/avr51/libc.a(strrev.o)
                0x0000171c                strrev
 .text          0x0000173c        0x0 /usr/local/avr/bin/../lib/gcc/avr/4.3.2/avr51/libgcc.a(_udivmodhi4.o)
                0x0000173c                . = ALIGN (0x2)
 *(.text.*)
 .text.__cxa_pure_virtual
                0x0000173c        0x4 ./main.o
                0x0000173c                __cxa_pure_virtual
 .text._ZN11XBeeRequestaSERKS_
                0x00001740       0x16 ./main.o
                0x00001740                XBeeRequest::operator=(XBeeRequest const&)
 .text._ZN16AtCommandRequestaSERKS_
                0x00001756       0x3c ./main.o
                0x00001756                AtCommandRequest::operator=(AtCommandRequest const&)
 .text._Z12cleanPayloadv
                0x00001792       0x10 ./main.o
                0x00001792                cleanPayload()
 .text._Z13cleanRXPacketv
                0x000017a2       0x10 ./main.o
                0x000017a2                cleanRXPacket()
 .text._ZN6StringD1Ev
                0x000017b2       0x20 ./main.o
                0x000017b2                String::~String()
 .text._Z41__static_initialization_and_destruction_0ii
                0x000017d2       0x8c ./main.o
 .text._GLOBAL__D___cxa_pure_virtual
                0x0000185e        0xe ./main.o
 .text._GLOBAL__I___cxa_pure_virtual
                0x0000186c        0xe ./main.o
 .text._Z17handleTXAftermathv
                0x0000187a       0x74 ./main.o
                0x0000187a                handleTXAftermath()
 .text._Z13sendAtCommandv
                0x000018ee      0x1c2 ./main.o
                0x000018ee                sendAtCommand()
 .text._Z12randoPayloadv
                0x00001ab0       0x32 ./main.o
                0x00001ab0                randoPayload()
 .text.main     0x00001ae2       0xd2 ./main.o
                0x00001ae2                main
 .text._ZN12XBeeResponseC2Ev
                0x00001bb4        0x2 ./XBee/XBee.o
                0x00001bb4                XBeeResponse::XBeeResponse()
 .text._ZN12XBeeResponseC1Ev
                0x00001bb6        0x2 ./XBee/XBee.o
                0x00001bb6                XBeeResponse::XBeeResponse()
 .text._ZN12XBeeResponse8getApiIdEv
                0x00001bb8        0x6 ./XBee/XBee.o
                0x00001bb8                XBeeResponse::getApiId()
 .text._ZN12XBeeResponse8setApiIdEh
                0x00001bbe        0x6 ./XBee/XBee.o
                0x00001bbe                XBeeResponse::setApiId(unsigned char)
 .text._ZN12XBeeResponse12getMsbLengthEv
                0x00001bc4        0x6 ./XBee/XBee.o
                0x00001bc4                XBeeResponse::getMsbLength()
 .text._ZN12XBeeResponse12setMsbLengthEh
                0x00001bca        0x6 ./XBee/XBee.o
                0x00001bca                XBeeResponse::setMsbLength(unsigned char)
 .text._ZN12XBeeResponse12getLsbLengthEv
                0x00001bd0        0x6 ./XBee/XBee.o
                0x00001bd0                XBeeResponse::getLsbLength()
 .text._ZN12XBeeResponse12setLsbLengthEh
                0x00001bd6        0x6 ./XBee/XBee.o
                0x00001bd6                XBeeResponse::setLsbLength(unsigned char)
 .text._ZN12XBeeResponse11getChecksumEv
                0x00001bdc        0x6 ./XBee/XBee.o
                0x00001bdc                XBeeResponse::getChecksum()
 .text._ZN12XBeeResponse11setChecksumEh
                0x00001be2        0x6 ./XBee/XBee.o
                0x00001be2                XBeeResponse::setChecksum(unsigned char)
 .text._ZN12XBeeResponse18getFrameDataLengthEv
                0x00001be8        0x6 ./XBee/XBee.o
                0x00001be8                XBeeResponse::getFrameDataLength()
 .text._ZN12XBeeResponse14setFrameLengthEh
                0x00001bee        0x6 ./XBee/XBee.o
                0x00001bee                XBeeResponse::setFrameLength(unsigned char)
 .text._ZN12XBeeResponse11isAvailableEv
                0x00001bf4        0x6 ./XBee/XBee.o
                0x00001bf4                XBeeResponse::isAvailable()
 .text._ZN12XBeeResponse12setAvailableEb
                0x00001bfa        0x6 ./XBee/XBee.o
                0x00001bfa                XBeeResponse::setAvailable(bool)
 .text._ZN12XBeeResponse7isErrorEv
                0x00001c00        0xa ./XBee/XBee.o
                0x00001c00                XBeeResponse::isError()
 .text._ZN12XBeeResponse12getErrorCodeEv
                0x00001c0a        0x6 ./XBee/XBee.o
                0x00001c0a                XBeeResponse::getErrorCode()
 .text._ZN12XBeeResponse12setErrorCodeEh
                0x00001c10        0x6 ./XBee/XBee.o
                0x00001c10                XBeeResponse::setErrorCode(unsigned char)
 .text._ZN12XBeeResponse9setCommonERS_
                0x00001c16       0x76 ./XBee/XBee.o
                0x00001c16                XBeeResponse::setCommon(XBeeResponse&)
 .text._ZN12ZBRxResponse13getDataOffsetEv
                0x00001c8c        0x4 ./XBee/XBee.o
                0x00001c8c                ZBRxResponse::getDataOffset()
 .text._ZN12ZBRxResponse18getRemoteAddress64Ev
                0x00001c90        0xa ./XBee/XBee.o
                0x00001c90                ZBRxResponse::getRemoteAddress64()
 .text._ZN12Rx64Response18getRemoteAddress64Ev
                0x00001c9a        0xa ./XBee/XBee.o
                0x00001c9a                Rx64Response::getRemoteAddress64()
 .text._ZN22RxIoSampleBaseResponse15getSampleOffsetEv
                0x00001ca4       0x16 ./XBee/XBee.o
                0x00001ca4                RxIoSampleBaseResponse::getSampleOffset()
 .text._ZN20Rx16IoSampleResponse13getRssiOffsetEv
                0x00001cba        0x4 ./XBee/XBee.o
                0x00001cba                Rx16IoSampleResponse::getRssiOffset()
 .text._ZN20Rx64IoSampleResponse18getRemoteAddress64Ev
                0x00001cbe        0xa ./XBee/XBee.o
                0x00001cbe                Rx64IoSampleResponse::getRemoteAddress64()
 .text._ZN20Rx64IoSampleResponse13getRssiOffsetEv
                0x00001cc8        0x4 ./XBee/XBee.o
                0x00001cc8                Rx64IoSampleResponse::getRssiOffset()
 .text._ZN10RxResponse13getDataOffsetEv
                0x00001ccc       0x16 ./XBee/XBee.o
                0x00001ccc                RxResponse::getDataOffset()
 .text._ZN12Rx16Response13getRssiOffsetEv
                0x00001ce2        0x4 ./XBee/XBee.o
                0x00001ce2                Rx16Response::getRssiOffset()
 .text._ZN12Rx64Response13getRssiOffsetEv
                0x00001ce6        0x4 ./XBee/XBee.o
                0x00001ce6                Rx64Response::getRssiOffset()
 .text._ZN23RemoteAtCommandResponse14getValueLengthEv
                0x00001cea        0x8 ./XBee/XBee.o
                0x00001cea                RemoteAtCommandResponse::getValueLength()
 .text._ZN23RemoteAtCommandResponse18getRemoteAddress64Ev
                0x00001cf2        0xa ./XBee/XBee.o
                0x00001cf2                RemoteAtCommandResponse::getRemoteAddress64()
 .text._ZN14RxDataResponseC2Ev
                0x00001cfc        0xc ./XBee/XBee.o
                0x00001cfc                RxDataResponse::RxDataResponse()
 .text._ZN10RxResponseC1Ev
                0x00001d08       0x1a ./XBee/XBee.o
                0x00001d08                RxResponse::RxResponse()
 .text._ZN10RxResponseC2Ev
                0x00001d22       0x1a ./XBee/XBee.o
                0x00001d22                RxResponse::RxResponse()
 .text._ZN22RxIoSampleBaseResponseC1Ev
                0x00001d3c       0x1a ./XBee/XBee.o
                0x00001d3c                RxIoSampleBaseResponse::RxIoSampleBaseResponse()
 .text._ZN22RxIoSampleBaseResponseC2Ev
                0x00001d56       0x1a ./XBee/XBee.o
                0x00001d56                RxIoSampleBaseResponse::RxIoSampleBaseResponse()
 .text._ZN20Rx16IoSampleResponseC1Ev
                0x00001d70       0x1a ./XBee/XBee.o
                0x00001d70                Rx16IoSampleResponse::Rx16IoSampleResponse()
 .text._ZN20Rx16IoSampleResponseC2Ev
                0x00001d8a       0x1a ./XBee/XBee.o
                0x00001d8a                Rx16IoSampleResponse::Rx16IoSampleResponse()
 .text._ZN12Rx16ResponseC1Ev
                0x00001da4       0x1a ./XBee/XBee.o
                0x00001da4                Rx16Response::Rx16Response()
 .text._ZN12Rx16ResponseC2Ev
                0x00001dbe       0x1a ./XBee/XBee.o
                0x00001dbe                Rx16Response::Rx16Response()
 .text._ZN14RxDataResponseC1Ev
                0x00001dd8        0xc ./XBee/XBee.o
                0x00001dd8                RxDataResponse::RxDataResponse()
 .text._ZN15FrameIdResponseC2Ev
                0x00001de4        0x2 ./XBee/XBee.o
                0x00001de4                FrameIdResponse::FrameIdResponse()
 .text._ZN16TxStatusResponseC1Ev
                0x00001de6        0x2 ./XBee/XBee.o
                0x00001de6                TxStatusResponse::TxStatusResponse()
 .text._ZN16TxStatusResponseC2Ev
                0x00001de8        0x2 ./XBee/XBee.o
                0x00001de8                TxStatusResponse::TxStatusResponse()
 .text._ZN18ZBTxStatusResponseC1Ev
                0x00001dea        0x2 ./XBee/XBee.o
                0x00001dea                ZBTxStatusResponse::ZBTxStatusResponse()
 .text._ZN18ZBTxStatusResponseC2Ev
                0x00001dec        0x2 ./XBee/XBee.o
                0x00001dec                ZBTxStatusResponse::ZBTxStatusResponse()
 .text._ZN15FrameIdResponseC1Ev
                0x00001dee        0x2 ./XBee/XBee.o
                0x00001dee                FrameIdResponse::FrameIdResponse()
 .text._ZN19ModemStatusResponseC2Ev
                0x00001df0        0x2 ./XBee/XBee.o
                0x00001df0                ModemStatusResponse::ModemStatusResponse()
 .text._ZN19ModemStatusResponseC1Ev
                0x00001df2        0x2 ./XBee/XBee.o
                0x00001df2                ModemStatusResponse::ModemStatusResponse()
 .text._ZN17AtCommandResponseC2Ev
                0x00001df4        0x2 ./XBee/XBee.o
                0x00001df4                AtCommandResponse::AtCommandResponse()
 .text._ZN17AtCommandResponseC1Ev
                0x00001df6        0x2 ./XBee/XBee.o
                0x00001df6                AtCommandResponse::AtCommandResponse()
 .text._ZN17AtCommandResponse14getValueLengthEv
                0x00001df8        0x8 ./XBee/XBee.o
                0x00001df8                AtCommandResponse::getValueLength()
 .text._ZN12XBeeResponse15getPacketLengthEv
                0x00001e00        0x8 ./XBee/XBee.o
                0x00001e00                XBeeResponse::getPacketLength()
 .text._ZN10RxResponse13getDataLengthEv
                0x00001e08       0x2e ./XBee/XBee.o
                0x00001e08                RxResponse::getDataLength()
 .text._ZN12ZBRxResponse13getDataLengthEv
                0x00001e36       0x2e ./XBee/XBee.o
                0x00001e36                ZBRxResponse::getDataLength()
 .text._ZN12XBeeResponse12getFrameDataEv
                0x00001e64        0x8 ./XBee/XBee.o
                0x00001e64                XBeeResponse::getFrameData()
 .text._ZN17AtCommandResponse8getValueEv
                0x00001e6c       0x28 ./XBee/XBee.o
                0x00001e6c                AtCommandResponse::getValue()
 .text._ZN17AtCommandResponse9getStatusEv
                0x00001e94        0xa ./XBee/XBee.o
                0x00001e94                AtCommandResponse::getStatus()
 .text._ZN17AtCommandResponse4isOkEv
                0x00001e9e       0x10 ./XBee/XBee.o
                0x00001e9e                AtCommandResponse::isOk()
 .text._ZN17AtCommandResponse10getCommandEv
                0x00001eae        0xe ./XBee/XBee.o
                0x00001eae                AtCommandResponse::getCommand()
 .text._ZN19ModemStatusResponse9getStatusEv
                0x00001ebc        0xa ./XBee/XBee.o
                0x00001ebc                ModemStatusResponse::getStatus()
 .text._ZN15FrameIdResponse10getFrameIdEv
                0x00001ec6        0xa ./XBee/XBee.o
                0x00001ec6                FrameIdResponse::getFrameId()
 .text._ZN14RxDataResponse7getDataEv
                0x00001ed0       0x32 ./XBee/XBee.o
                0x00001ed0                RxDataResponse::getData()
 .text._ZN14RxDataResponse7getDataEi
                0x00001f02       0x42 ./XBee/XBee.o
                0x00001f02                RxDataResponse::getData(int)
 .text._ZN23RemoteAtCommandResponse18getRemoteAddress16Ev
                0x00001f44       0x14 ./XBee/XBee.o
                0x00001f44                RemoteAtCommandResponse::getRemoteAddress16()
 .text._ZN23RemoteAtCommandResponse8getValueEv
                0x00001f58       0x28 ./XBee/XBee.o
                0x00001f58                RemoteAtCommandResponse::getValue()
 .text._ZN23RemoteAtCommandResponse9getStatusEv
                0x00001f80        0xa ./XBee/XBee.o
                0x00001f80                RemoteAtCommandResponse::getStatus()
 .text._ZN23RemoteAtCommandResponse4isOkEv
                0x00001f8a       0x10 ./XBee/XBee.o
                0x00001f8a                RemoteAtCommandResponse::isOk()
 .text._ZN23RemoteAtCommandResponse10getCommandEv
                0x00001f9a        0xe ./XBee/XBee.o
                0x00001f9a                RemoteAtCommandResponse::getCommand()
 .text._ZN10RxResponse9getOptionEv
                0x00001fa8       0x34 ./XBee/XBee.o
                0x00001fa8                RxResponse::getOption()
 .text._ZN10RxResponse14isPanBroadcastEv
                0x00001fdc       0x12 ./XBee/XBee.o
                0x00001fdc                RxResponse::isPanBroadcast()
 .text._ZN10RxResponse18isAddressBroadcastEv
                0x00001fee        0xe ./XBee/XBee.o
                0x00001fee                RxResponse::isAddressBroadcast()
 .text._ZN10RxResponse7getRssiEv
                0x00001ffc       0x34 ./XBee/XBee.o
                0x00001ffc                RxResponse::getRssi()
 .text._ZN16TxStatusResponse9getStatusEv
                0x00002030        0xa ./XBee/XBee.o
                0x00002030                TxStatusResponse::getStatus()
 .text._ZN16TxStatusResponse9isSuccessEv
                0x0000203a       0x10 ./XBee/XBee.o
                0x0000203a                TxStatusResponse::isSuccess()
 .text._ZN20Rx16IoSampleResponse18getRemoteAddress16Ev
                0x0000204a       0x16 ./XBee/XBee.o
                0x0000204a                Rx16IoSampleResponse::getRemoteAddress16()
 .text._ZN22RxIoSampleBaseResponse11isDigitalOnEhh
                0x00002060       0x5a ./XBee/XBee.o
                0x00002060                RxIoSampleBaseResponse::isDigitalOn(unsigned char, unsigned char)
 .text._ZN22RxIoSampleBaseResponse16isDigitalEnabledEh
                0x000020ba       0x5a ./XBee/XBee.o
                0x000020ba                RxIoSampleBaseResponse::isDigitalEnabled(unsigned char)
 .text._ZN22RxIoSampleBaseResponse15isAnalogEnabledEh
                0x00002114       0x4a ./XBee/XBee.o
                0x00002114                RxIoSampleBaseResponse::isAnalogEnabled(unsigned char)
 .text._ZN22RxIoSampleBaseResponse15containsDigitalEv
                0x0000215e       0x5a ./XBee/XBee.o
                0x0000215e                RxIoSampleBaseResponse::containsDigital()
 .text._ZN22RxIoSampleBaseResponse9getAnalogEhh
                0x000021b8       0xe4 ./XBee/XBee.o
                0x000021b8                RxIoSampleBaseResponse::getAnalog(unsigned char, unsigned char)
 .text._ZN22RxIoSampleBaseResponse14containsAnalogEv
                0x0000229c       0x34 ./XBee/XBee.o
                0x0000229c                RxIoSampleBaseResponse::containsAnalog()
 .text._ZN22RxIoSampleBaseResponse13getSampleSizeEv
                0x000022d0       0x2a ./XBee/XBee.o
                0x000022d0                RxIoSampleBaseResponse::getSampleSize()
 .text._ZN12Rx16Response18getRemoteAddress16Ev
                0x000022fa       0x16 ./XBee/XBee.o
                0x000022fa                Rx16Response::getRemoteAddress16()
 .text._ZN20ZBRxIoSampleResponse11isDigitalOnEh
                0x00002310       0x42 ./XBee/XBee.o
                0x00002310                ZBRxIoSampleResponse::isDigitalOn(unsigned char)
 .text._ZN20ZBRxIoSampleResponse13getAnalogMaskEv
                0x00002352        0xe ./XBee/XBee.o
                0x00002352                ZBRxIoSampleResponse::getAnalogMask()
 .text._ZN20ZBRxIoSampleResponse15isAnalogEnabledEh
                0x00002360       0x1a ./XBee/XBee.o
                0x00002360                ZBRxIoSampleResponse::isAnalogEnabled(unsigned char)
 .text._ZN20ZBRxIoSampleResponse14containsAnalogEv
                0x0000237a        0xa ./XBee/XBee.o
                0x0000237a                ZBRxIoSampleResponse::containsAnalog()
 .text._ZN20ZBRxIoSampleResponse17getDigitalMaskLsbEv
                0x00002384        0xc ./XBee/XBee.o
                0x00002384                ZBRxIoSampleResponse::getDigitalMaskLsb()
 .text._ZN20ZBRxIoSampleResponse17getDigitalMaskMsbEv
                0x00002390        0xe ./XBee/XBee.o
                0x00002390                ZBRxIoSampleResponse::getDigitalMaskMsb()
 .text._ZN20ZBRxIoSampleResponse16isDigitalEnabledEh
                0x0000239e       0x38 ./XBee/XBee.o
                0x0000239e                ZBRxIoSampleResponse::isDigitalEnabled(unsigned char)
 .text._ZN20ZBRxIoSampleResponse15containsDigitalEv
                0x000023d6       0x1e ./XBee/XBee.o
                0x000023d6                ZBRxIoSampleResponse::containsDigital()
 .text._ZN20ZBRxIoSampleResponse9getAnalogEh
                0x000023f4       0x74 ./XBee/XBee.o
                0x000023f4                ZBRxIoSampleResponse::getAnalog(unsigned char)
 .text._ZN12ZBRxResponse9getOptionEv
                0x00002468        0xc ./XBee/XBee.o
                0x00002468                ZBRxResponse::getOption()
 .text._ZN12ZBRxResponse18getRemoteAddress16Ev
                0x00002474       0x16 ./XBee/XBee.o
                0x00002474                ZBRxResponse::getRemoteAddress16()
 .text._ZN18ZBTxStatusResponse18getDiscoveryStatusEv
                0x0000248a        0xa ./XBee/XBee.o
                0x0000248a                ZBTxStatusResponse::getDiscoveryStatus()
 .text._ZN18ZBTxStatusResponse17getDeliveryStatusEv
                0x00002494        0xa ./XBee/XBee.o
                0x00002494                ZBTxStatusResponse::getDeliveryStatus()
 .text._ZN18ZBTxStatusResponse9isSuccessEv
                0x0000249e       0x10 ./XBee/XBee.o
                0x0000249e                ZBTxStatusResponse::isSuccess()
 .text._ZN18ZBTxStatusResponse15getTxRetryCountEv
                0x000024ae        0xa ./XBee/XBee.o
                0x000024ae                ZBTxStatusResponse::getTxRetryCount()
 .text._ZN18ZBTxStatusResponse16getRemoteAddressEv
                0x000024b8       0x14 ./XBee/XBee.o
                0x000024b8                ZBTxStatusResponse::getRemoteAddress()
 .text._ZN12XBeeResponse12setFrameDataEPh
                0x000024cc        0x8 ./XBee/XBee.o
                0x000024cc                XBeeResponse::setFrameData(unsigned char*)
 .text._ZN12XBeeResponse20getAtCommandResponseERS_
                0x000024d4       0x2a ./XBee/XBee.o
                0x000024d4                XBeeResponse::getAtCommandResponse(XBeeResponse&)
 .text._ZN12XBeeResponse22getModemStatusResponseERS_
                0x000024fe       0x2a ./XBee/XBee.o
                0x000024fe                XBeeResponse::getModemStatusResponse(XBeeResponse&)
 .text._ZN12XBeeResponse15getRx16ResponseERS_
                0x00002528       0x2a ./XBee/XBee.o
                0x00002528                XBeeResponse::getRx16Response(XBeeResponse&)
 .text._ZN12XBeeResponse19getTxStatusResponseERS_
                0x00002552       0x2a ./XBee/XBee.o
                0x00002552                XBeeResponse::getTxStatusResponse(XBeeResponse&)
 .text._ZN12XBeeResponse23getRx16IoSampleResponseERS_
                0x0000257c       0x2a ./XBee/XBee.o
                0x0000257c                XBeeResponse::getRx16IoSampleResponse(XBeeResponse&)
 .text._ZN12XBeeResponse21getZBTxStatusResponseERS_
                0x000025a6       0x2a ./XBee/XBee.o
                0x000025a6                XBeeResponse::getZBTxStatusResponse(XBeeResponse&)
 .text._ZN12XBeeResponse4initEv
                0x000025d0        0xa ./XBee/XBee.o
                0x000025d0                XBeeResponse::init()
 .text._ZN12XBeeResponse5resetEv
                0x000025da       0x3e ./XBee/XBee.o
                0x000025da                XBeeResponse::reset()
 .text._ZN4XBee13resetResponseEv
                0x00002618        0xc ./XBee/XBee.o
                0x00002618                XBee::resetResponse()
 .text._ZN4XBeeC2Ev
                0x00002624       0x26 ./XBee/XBee.o
                0x00002624                XBee::XBee()
 .text._ZN4XBeeC1Ev
                0x0000264a       0x26 ./XBee/XBee.o
                0x0000264a                XBee::XBee()
 .text._ZN4XBee14getNextFrameIdEv
                0x00002670       0x14 ./XBee/XBee.o
                0x00002670                XBee::getNextFrameId()
 .text._ZN14HardwareSerialaSERKS_
                0x00002684       0x78 ./XBee/XBee.o
                0x00002684                HardwareSerial::operator=(HardwareSerial const&)
 .text._ZN4XBee9setSerialE14HardwareSerial
                0x000026fc        0xa ./XBee/XBee.o
                0x000026fc                XBee::setSerial(HardwareSerial)
 .text._ZN4XBee11getResponseEv
                0x00002706        0x2 ./XBee/XBee.o
                0x00002706                XBee::getResponse()
 .text._ZN4XBee11getResponseER12XBeeResponse
                0x00002708       0x64 ./XBee/XBee.o
                0x00002708                XBee::getResponse(XBeeResponse&)
 .text._ZN11XBeeRequestC2Ehh
                0x0000276c       0x10 ./XBee/XBee.o
                0x0000276c                XBeeRequest::XBeeRequest(unsigned char, unsigned char)
 .text._ZN11XBeeRequestC1Ehh
                0x0000277c       0x10 ./XBee/XBee.o
                0x0000277c                XBeeRequest::XBeeRequest(unsigned char, unsigned char)
 .text._ZN11XBeeRequest10setFrameIdEh
                0x0000278c        0x6 ./XBee/XBee.o
                0x0000278c                XBeeRequest::setFrameId(unsigned char)
 .text._ZN11XBeeRequest10getFrameIdEv
                0x00002792        0x6 ./XBee/XBee.o
                0x00002792                XBeeRequest::getFrameId()
 .text._ZN11XBeeRequest8getApiIdEv
                0x00002798        0x6 ./XBee/XBee.o
                0x00002798                XBeeRequest::getApiId()
 .text._ZN11XBeeRequest8setApiIdEh
                0x0000279e        0x6 ./XBee/XBee.o
                0x0000279e                XBeeRequest::setApiId(unsigned char)
 .text._ZN14PayloadRequestC2EhhPhh
                0x000027a4       0x2e ./XBee/XBee.o
                0x000027a4                PayloadRequest::PayloadRequest(unsigned char, unsigned char, unsigned char*, unsigned char)
 .text._ZN14PayloadRequestC1EhhPhh
                0x000027d2       0x2e ./XBee/XBee.o
                0x000027d2                PayloadRequest::PayloadRequest(unsigned char, unsigned char, unsigned char*, unsigned char)
 .text._ZN14PayloadRequest10getPayloadEv
                0x00002800        0x8 ./XBee/XBee.o
                0x00002800                PayloadRequest::getPayload()
 .text._ZN14PayloadRequest10setPayloadEPh
                0x00002808        0x8 ./XBee/XBee.o
                0x00002808                PayloadRequest::setPayload(unsigned char*)
 .text._ZN14PayloadRequest16getPayloadLengthEv
                0x00002810        0x6 ./XBee/XBee.o
                0x00002810                PayloadRequest::getPayloadLength()
 .text._ZN14PayloadRequest16setPayloadLengthEh
                0x00002816        0x6 ./XBee/XBee.o
                0x00002816                PayloadRequest::setPayloadLength(unsigned char)
 .text._ZN11XBeeAddressC2Ev
                0x0000281c        0x2 ./XBee/XBee.o
                0x0000281c                XBeeAddress::XBeeAddress()
 .text._ZN11XBeeAddressC1Ev
                0x0000281e        0x2 ./XBee/XBee.o
                0x0000281e                XBeeAddress::XBeeAddress()
 .text._ZN13XBeeAddress64C2Ev
                0x00002820        0x2 ./XBee/XBee.o
                0x00002820                XBeeAddress64::XBeeAddress64()
 .text._ZN13XBeeAddress64C1Ev
                0x00002822        0x2 ./XBee/XBee.o
                0x00002822                XBeeAddress64::XBeeAddress64()
 .text._ZN23RemoteAtCommandResponseC1Ev
                0x00002824        0x2 ./XBee/XBee.o
                0x00002824                RemoteAtCommandResponse::RemoteAtCommandResponse()
 .text._ZN23RemoteAtCommandResponseC2Ev
                0x00002826        0x2 ./XBee/XBee.o
                0x00002826                RemoteAtCommandResponse::RemoteAtCommandResponse()
 .text._ZN20Rx64IoSampleResponseC1Ev
                0x00002828       0x50 ./XBee/XBee.o
                0x00002828                Rx64IoSampleResponse::Rx64IoSampleResponse()
 .text._ZN20Rx64IoSampleResponseC2Ev
                0x00002878       0x50 ./XBee/XBee.o
                0x00002878                Rx64IoSampleResponse::Rx64IoSampleResponse()
 .text._ZN12Rx64ResponseC1Ev
                0x000028c8       0x50 ./XBee/XBee.o
                0x000028c8                Rx64Response::Rx64Response()
 .text._ZN12Rx64ResponseC2Ev
                0x00002918       0x50 ./XBee/XBee.o
                0x00002918                Rx64Response::Rx64Response()
 .text._ZN12ZBRxResponseC1Ev
                0x00002968       0x50 ./XBee/XBee.o
                0x00002968                ZBRxResponse::ZBRxResponse()
 .text._ZN12ZBRxResponseC2Ev
                0x000029b8       0x50 ./XBee/XBee.o
                0x000029b8                ZBRxResponse::ZBRxResponse()
 .text._ZN20ZBRxIoSampleResponseC1Ev
                0x00002a08       0x1a ./XBee/XBee.o
                0x00002a08                ZBRxIoSampleResponse::ZBRxIoSampleResponse()
 .text._ZN20ZBRxIoSampleResponseC2Ev
                0x00002a22       0x1a ./XBee/XBee.o
                0x00002a22                ZBRxIoSampleResponse::ZBRxIoSampleResponse()
 .text._ZN13XBeeAddress64C2Emm
                0x00002a3c       0x1c ./XBee/XBee.o
                0x00002a3c                XBeeAddress64::XBeeAddress64(unsigned long, unsigned long)
 .text._ZN13XBeeAddress64C1Emm
                0x00002a58       0x1c ./XBee/XBee.o
                0x00002a58                XBeeAddress64::XBeeAddress64(unsigned long, unsigned long)
 .text._ZN13XBeeAddress646getMsbEv
                0x00002a74        0xc ./XBee/XBee.o
                0x00002a74                XBeeAddress64::getMsb()
 .text._ZN13XBeeAddress646setMsbEm
                0x00002a80        0xc ./XBee/XBee.o
                0x00002a80                XBeeAddress64::setMsb(unsigned long)
 .text._ZN13XBeeAddress646getLsbEv
                0x00002a8c        0xc ./XBee/XBee.o
                0x00002a8c                XBeeAddress64::getLsb()
 .text._ZN13XBeeAddress646setLsbEm
                0x00002a98        0xc ./XBee/XBee.o
                0x00002a98                XBeeAddress64::setLsb(unsigned long)
 .text._ZN12XBeeResponse26getRemoteAtCommandResponseERS_
                0x00002aa4       0xd6 ./XBee/XBee.o
                0x00002aa4                XBeeResponse::getRemoteAtCommandResponse(XBeeResponse&)
 .text._ZN12XBeeResponse15getRx64ResponseERS_
                0x00002b7a       0xd2 ./XBee/XBee.o
                0x00002b7a                XBeeResponse::getRx64Response(XBeeResponse&)
 .text._ZN12XBeeResponse23getRx64IoSampleResponseERS_
                0x00002c4c       0xd2 ./XBee/XBee.o
                0x00002c4c                XBeeResponse::getRx64IoSampleResponse(XBeeResponse&)
 .text._ZN12XBeeResponse23getZBRxIoSampleResponseERS_
                0x00002d1e       0xd2 ./XBee/XBee.o
                0x00002d1e                XBeeResponse::getZBRxIoSampleResponse(XBeeResponse&)
 .text._ZN12XBeeResponse15getZBRxResponseERS_
                0x00002df0       0xd2 ./XBee/XBee.o
                0x00002df0                XBeeResponse::getZBRxResponse(XBeeResponse&)
 .text._ZN11ZBTxRequestC2Ev
                0x00002ec2       0x28 ./XBee/XBee.o
                0x00002ec2                ZBTxRequest::ZBTxRequest()
 .text._ZN11ZBTxRequestC1Ev
                0x00002eea       0x28 ./XBee/XBee.o
                0x00002eea                ZBTxRequest::ZBTxRequest()
 .text._ZN11ZBTxRequestC2ER13XBeeAddress64jhhPhhh
                0x00002f12       0x74 ./XBee/XBee.o
                0x00002f12                ZBTxRequest::ZBTxRequest(XBeeAddress64&, unsigned int, unsigned char, unsigned char, unsigned char*, unsigned char, unsigned char)
 .text._ZN11ZBTxRequestC1ER13XBeeAddress64jhhPhhh
                0x00002f86       0x74 ./XBee/XBee.o
                0x00002f86                ZBTxRequest::ZBTxRequest(XBeeAddress64&, unsigned int, unsigned char, unsigned char, unsigned char*, unsigned char, unsigned char)
 .text._ZN11ZBTxRequestC2ER13XBeeAddress64Phh
                0x00002ffa       0x54 ./XBee/XBee.o
                0x00002ffa                ZBTxRequest::ZBTxRequest(XBeeAddress64&, unsigned char*, unsigned char)
 .text._ZN11ZBTxRequestC1ER13XBeeAddress64Phh
                0x0000304e       0x54 ./XBee/XBee.o
                0x0000304e                ZBTxRequest::ZBTxRequest(XBeeAddress64&, unsigned char*, unsigned char)
 .text._ZN11ZBTxRequest12getFrameDataEh
                0x000030a2       0xb0 ./XBee/XBee.o
                0x000030a2                ZBTxRequest::getFrameData(unsigned char)
 .text._ZN11ZBTxRequest18getFrameDataLengthEv
                0x00003152        0x8 ./XBee/XBee.o
                0x00003152                ZBTxRequest::getFrameDataLength()
 .text._ZN11ZBTxRequest12getAddress64Ev
                0x0000315a        0xa ./XBee/XBee.o
                0x0000315a                ZBTxRequest::getAddress64()
 .text._ZN11ZBTxRequest12getAddress16Ev
                0x00003164        0x8 ./XBee/XBee.o
                0x00003164                ZBTxRequest::getAddress16()
 .text._ZN11ZBTxRequest18getBroadcastRadiusEv
                0x0000316c        0x6 ./XBee/XBee.o
                0x0000316c                ZBTxRequest::getBroadcastRadius()
 .text._ZN11ZBTxRequest9getOptionEv
                0x00003172        0x6 ./XBee/XBee.o
                0x00003172                ZBTxRequest::getOption()
 .text._ZN11ZBTxRequest12setAddress64ER13XBeeAddress64
                0x00003178       0x12 ./XBee/XBee.o
                0x00003178                ZBTxRequest::setAddress64(XBeeAddress64&)
 .text._ZN11ZBTxRequest12setAddress16Ej
                0x0000318a        0x8 ./XBee/XBee.o
                0x0000318a                ZBTxRequest::setAddress16(unsigned int)
 .text._ZN11ZBTxRequest18setBroadcastRadiusEh
                0x00003192        0x6 ./XBee/XBee.o
                0x00003192                ZBTxRequest::setBroadcastRadius(unsigned char)
 .text._ZN11ZBTxRequest9setOptionEh
                0x00003198        0x6 ./XBee/XBee.o
                0x00003198                ZBTxRequest::setOption(unsigned char)
 .text._ZN11Tx16RequestC2Ev
                0x0000319e       0x28 ./XBee/XBee.o
                0x0000319e                Tx16Request::Tx16Request()
 .text._ZN11Tx16RequestC1Ev
                0x000031c6       0x28 ./XBee/XBee.o
                0x000031c6                Tx16Request::Tx16Request()
 .text._ZN11Tx16RequestC2EjhPhhh
                0x000031ee       0x3c ./XBee/XBee.o
                0x000031ee                Tx16Request::Tx16Request(unsigned int, unsigned char, unsigned char*, unsigned char, unsigned char)
 .text._ZN11Tx16RequestC1EjhPhhh
                0x0000322a       0x3c ./XBee/XBee.o
                0x0000322a                Tx16Request::Tx16Request(unsigned int, unsigned char, unsigned char*, unsigned char, unsigned char)
 .text._ZN11Tx16RequestC2EjPhh
                0x00003266       0x38 ./XBee/XBee.o
                0x00003266                Tx16Request::Tx16Request(unsigned int, unsigned char*, unsigned char)
 .text._ZN11Tx16RequestC1EjPhh
                0x0000329e       0x38 ./XBee/XBee.o
                0x0000329e                Tx16Request::Tx16Request(unsigned int, unsigned char*, unsigned char)
 .text._ZN11Tx16Request12getFrameDataEh
                0x000032d6       0x30 ./XBee/XBee.o
                0x000032d6                Tx16Request::getFrameData(unsigned char)
 .text._ZN11Tx16Request18getFrameDataLengthEv
                0x00003306        0x8 ./XBee/XBee.o
                0x00003306                Tx16Request::getFrameDataLength()
 .text._ZN11Tx16Request12getAddress16Ev
                0x0000330e        0x8 ./XBee/XBee.o
                0x0000330e                Tx16Request::getAddress16()
 .text._ZN11Tx16Request12setAddress16Ej
                0x00003316        0x8 ./XBee/XBee.o
                0x00003316                Tx16Request::setAddress16(unsigned int)
 .text._ZN11Tx16Request9getOptionEv
                0x0000331e        0x6 ./XBee/XBee.o
                0x0000331e                Tx16Request::getOption()
 .text._ZN11Tx16Request9setOptionEh
                0x00003324        0x6 ./XBee/XBee.o
                0x00003324                Tx16Request::setOption(unsigned char)
 .text._ZN11Tx64RequestC2Ev
                0x0000332a       0x28 ./XBee/XBee.o
                0x0000332a                Tx64Request::Tx64Request()
 .text._ZN11Tx64RequestC1Ev
                0x00003352       0x28 ./XBee/XBee.o
                0x00003352                Tx64Request::Tx64Request()
 .text._ZN11Tx64RequestC2ER13XBeeAddress64hPhhh
                0x0000337a       0x4e ./XBee/XBee.o
                0x0000337a                Tx64Request::Tx64Request(XBeeAddress64&, unsigned char, unsigned char*, unsigned char, unsigned char)
 .text._ZN11Tx64RequestC1ER13XBeeAddress64hPhhh
                0x000033c8       0x4e ./XBee/XBee.o
                0x000033c8                Tx64Request::Tx64Request(XBeeAddress64&, unsigned char, unsigned char*, unsigned char, unsigned char)
 .text._ZN11Tx64RequestC2ER13XBeeAddress64Phh
                0x00003416       0x4a ./XBee/XBee.o
                0x00003416                Tx64Request::Tx64Request(XBeeAddress64&, unsigned char*, unsigned char)
 .text._ZN11Tx64RequestC1ER13XBeeAddress64Phh
                0x00003460       0x4a ./XBee/XBee.o
                0x00003460                Tx64Request::Tx64Request(XBeeAddress64&, unsigned char*, unsigned char)
 .text._ZN11Tx64Request12getFrameDataEh
                0x000034aa       0x98 ./XBee/XBee.o
                0x000034aa                Tx64Request::getFrameData(unsigned char)
 .text._ZN11Tx64Request18getFrameDataLengthEv
                0x00003542        0x8 ./XBee/XBee.o
                0x00003542                Tx64Request::getFrameDataLength()
 .text._ZN11Tx64Request12getAddress64Ev
                0x0000354a        0xa ./XBee/XBee.o
                0x0000354a                Tx64Request::getAddress64()
 .text._ZN11Tx64Request12setAddress64ER13XBeeAddress64
                0x00003554       0x12 ./XBee/XBee.o
                0x00003554                Tx64Request::setAddress64(XBeeAddress64&)
 .text._ZN11Tx64Request9getOptionEv
                0x00003566        0x6 ./XBee/XBee.o
                0x00003566                Tx64Request::getOption()
 .text._ZN11Tx64Request9setOptionEh
                0x0000356c        0x6 ./XBee/XBee.o
                0x0000356c                Tx64Request::setOption(unsigned char)
 .text._ZN16AtCommandRequestC2EPhS0_h
                0x00003572       0x42 ./XBee/XBee.o
                0x00003572                AtCommandRequest::AtCommandRequest(unsigned char*, unsigned char*, unsigned char)
 .text._ZN16AtCommandRequestC1EPhS0_h
                0x000035b4       0x42 ./XBee/XBee.o
                0x000035b4                AtCommandRequest::AtCommandRequest(unsigned char*, unsigned char*, unsigned char)
 .text._ZN16AtCommandRequest10getCommandEv
                0x000035f6        0x8 ./XBee/XBee.o
                0x000035f6                AtCommandRequest::getCommand()
 .text._ZN16AtCommandRequest15getCommandValueEv
                0x000035fe        0x8 ./XBee/XBee.o
                0x000035fe                AtCommandRequest::getCommandValue()
 .text._ZN16AtCommandRequest21getCommandValueLengthEv
                0x00003606        0x6 ./XBee/XBee.o
                0x00003606                AtCommandRequest::getCommandValueLength()
 .text._ZN16AtCommandRequest10setCommandEPh
                0x0000360c        0x8 ./XBee/XBee.o
                0x0000360c                AtCommandRequest::setCommand(unsigned char*)
 .text._ZN16AtCommandRequest15setCommandValueEPh
                0x00003614        0x8 ./XBee/XBee.o
                0x00003614                AtCommandRequest::setCommandValue(unsigned char*)
 .text._ZN16AtCommandRequest21setCommandValueLengthEh
                0x0000361c        0x6 ./XBee/XBee.o
                0x0000361c                AtCommandRequest::setCommandValueLength(unsigned char)
 .text._ZN16AtCommandRequest12getFrameDataEh
                0x00003622       0x2e ./XBee/XBee.o
                0x00003622                AtCommandRequest::getFrameData(unsigned char)
 .text._ZN16AtCommandRequest17clearCommandValueEv
                0x00003650        0xa ./XBee/XBee.o
                0x00003650                AtCommandRequest::clearCommandValue()
 .text._ZN16AtCommandRequestC1EPh
                0x0000365a       0x32 ./XBee/XBee.o
                0x0000365a                AtCommandRequest::AtCommandRequest(unsigned char*)
 .text._ZN16AtCommandRequestC2EPh
                0x0000368c       0x32 ./XBee/XBee.o
                0x0000368c                AtCommandRequest::AtCommandRequest(unsigned char*)
 .text._ZN16AtCommandRequestC1Ev
                0x000036be       0x28 ./XBee/XBee.o
                0x000036be                AtCommandRequest::AtCommandRequest()
 .text._ZN16AtCommandRequestC2Ev
                0x000036e6       0x28 ./XBee/XBee.o
                0x000036e6                AtCommandRequest::AtCommandRequest()
 .text._ZN16AtCommandRequest18getFrameDataLengthEv
                0x0000370e        0x8 ./XBee/XBee.o
                0x0000370e                AtCommandRequest::getFrameDataLength()
 .text._ZN22RemoteAtCommandRequestC2Ev
                0x00003716       0x32 ./XBee/XBee.o
                0x00003716                RemoteAtCommandRequest::RemoteAtCommandRequest()
 .text._ZN22RemoteAtCommandRequestC1Ev
                0x00003748       0x32 ./XBee/XBee.o
                0x00003748                RemoteAtCommandRequest::RemoteAtCommandRequest()
 .text._ZN22RemoteAtCommandRequestC2EjPhS0_h
                0x0000377a       0x4e ./XBee/XBee.o
                0x0000377a                RemoteAtCommandRequest::RemoteAtCommandRequest(unsigned int, unsigned char*, unsigned char*, unsigned char)
 .text._ZN22RemoteAtCommandRequestC1EjPhS0_h
                0x000037c8       0x4e ./XBee/XBee.o
                0x000037c8                RemoteAtCommandRequest::RemoteAtCommandRequest(unsigned int, unsigned char*, unsigned char*, unsigned char)
 .text._ZN22RemoteAtCommandRequestC2EjPh
                0x00003816       0x4a ./XBee/XBee.o
                0x00003816                RemoteAtCommandRequest::RemoteAtCommandRequest(unsigned int, unsigned char*)
 .text._ZN22RemoteAtCommandRequestC1EjPh
                0x00003860       0x4a ./XBee/XBee.o
                0x00003860                RemoteAtCommandRequest::RemoteAtCommandRequest(unsigned int, unsigned char*)
 .text._ZN22RemoteAtCommandRequestC2ER13XBeeAddress64PhS2_h
                0x000038aa       0x58 ./XBee/XBee.o
                0x000038aa                RemoteAtCommandRequest::RemoteAtCommandRequest(XBeeAddress64&, unsigned char*, unsigned char*, unsigned char)
 .text._ZN22RemoteAtCommandRequestC1ER13XBeeAddress64PhS2_h
                0x00003902       0x58 ./XBee/XBee.o
                0x00003902                RemoteAtCommandRequest::RemoteAtCommandRequest(XBeeAddress64&, unsigned char*, unsigned char*, unsigned char)
 .text._ZN22RemoteAtCommandRequestC2ER13XBeeAddress64Ph
                0x0000395a       0x54 ./XBee/XBee.o
                0x0000395a                RemoteAtCommandRequest::RemoteAtCommandRequest(XBeeAddress64&, unsigned char*)
 .text._ZN22RemoteAtCommandRequestC1ER13XBeeAddress64Ph
                0x000039ae       0x54 ./XBee/XBee.o
                0x000039ae                RemoteAtCommandRequest::RemoteAtCommandRequest(XBeeAddress64&, unsigned char*)
 .text._ZN22RemoteAtCommandRequest18getRemoteAddress16Ev
                0x00003a02        0x8 ./XBee/XBee.o
                0x00003a02                RemoteAtCommandRequest::getRemoteAddress16()
 .text._ZN22RemoteAtCommandRequest18setRemoteAddress16Ej
                0x00003a0a        0x8 ./XBee/XBee.o
                0x00003a0a                RemoteAtCommandRequest::setRemoteAddress16(unsigned int)
 .text._ZN22RemoteAtCommandRequest18getRemoteAddress64Ev
                0x00003a12        0xa ./XBee/XBee.o
                0x00003a12                RemoteAtCommandRequest::getRemoteAddress64()
 .text._ZN22RemoteAtCommandRequest18setRemoteAddress64ER13XBeeAddress64
                0x00003a1c       0x12 ./XBee/XBee.o
                0x00003a1c                RemoteAtCommandRequest::setRemoteAddress64(XBeeAddress64&)
 .text._ZN22RemoteAtCommandRequest15getApplyChangesEv
                0x00003a2e        0x6 ./XBee/XBee.o
                0x00003a2e                RemoteAtCommandRequest::getApplyChanges()
 .text._ZN22RemoteAtCommandRequest15setApplyChangesEb
                0x00003a34        0x6 ./XBee/XBee.o
                0x00003a34                RemoteAtCommandRequest::setApplyChanges(bool)
 .text._ZN22RemoteAtCommandRequest12getFrameDataEh
                0x00003a3a       0xcc ./XBee/XBee.o
                0x00003a3a                RemoteAtCommandRequest::getFrameData(unsigned char)
 .text._ZN22RemoteAtCommandRequest18getFrameDataLengthEv
                0x00003b06        0x8 ./XBee/XBee.o
                0x00003b06                RemoteAtCommandRequest::getFrameDataLength()
 .text._GLOBAL__I__ZN12XBeeResponseC2Ev
                0x00003b0e       0x22 ./XBee/XBee.o
 .text._ZN4XBee8sendByteEhb
                0x00003b30       0x4e ./XBee/XBee.o
                0x00003b30                XBee::sendByte(unsigned char, bool)
 .text._ZN4XBee4sendER11XBeeRequest
                0x00003b7e       0xf8 ./XBee/XBee.o
                0x00003b7e                XBee::send(XBeeRequest&)
 .text._ZN4XBee10readPacketEv
                0x00003c76      0x17a ./XBee/XBee.o
                0x00003c76                XBee::readPacket()
 .text._ZN4XBee24readPacketUntilAvailableEv
                0x00003df0       0x36 ./XBee/XBee.o
                0x00003df0                XBee::readPacketUntilAvailable()
 .text._ZN4XBee10readPacketEi
                0x00003e26       0x70 ./XBee/XBee.o
                0x00003e26                XBee::readPacket(int)
 .text._ZN4XBee5beginEl
                0x00003e96        0xa ./XBee/XBee.o
                0x00003e96                XBee::begin(long)
 .text.__vector_25
                0x00003ea0       0x6a /Users/XtremD/Documents/workspace/Test2/libArduinoCores.a(HardwareSerial.o)
                0x00003ea0                __vector_25
 .text.__vector_36
                0x00003f0a       0x6a /Users/XtremD/Documents/workspace/Test2/libArduinoCores.a(HardwareSerial.o)
                0x00003f0a                __vector_36
 .text.__vector_51
                0x00003f74       0x6a /Users/XtremD/Documents/workspace/Test2/libArduinoCores.a(HardwareSerial.o)
                0x00003f74                __vector_51
 .text.__vector_54
                0x00003fde       0x6a /Users/XtremD/Documents/workspace/Test2/libArduinoCores.a(HardwareSerial.o)
                0x00003fde                __vector_54
 .text._ZN14HardwareSerialC2EP11ring_bufferPVhS3_S3_S3_S3_hhhhh
                0x00004048       0x60 /Users/XtremD/Documents/workspace/Test2/libArduinoCores.a(HardwareSerial.o)
                0x00004048                HardwareSerial::HardwareSerial(ring_buffer*, unsigned char volatile*, unsigned char volatile*, unsigned char volatile*, unsigned char volatile*, unsigned char volatile*, unsigned char, unsigned char, unsigned char, unsigned char, unsigned char)
 .text._ZN14HardwareSerialC1EP11ring_bufferPVhS3_S3_S3_S3_hhhhh
                0x000040a8       0x60 /Users/XtremD/Documents/workspace/Test2/libArduinoCores.a(HardwareSerial.o)
                0x000040a8                HardwareSerial::HardwareSerial(ring_buffer*, unsigned char volatile*, unsigned char volatile*, unsigned char volatile*, unsigned char volatile*, unsigned char volatile*, unsigned char, unsigned char, unsigned char, unsigned char, unsigned char)
 .text._ZN14HardwareSerial5beginEl
                0x00004108       0xb2 /Users/XtremD/Documents/workspace/Test2/libArduinoCores.a(HardwareSerial.o)
                0x00004108                HardwareSerial::begin(long)
 .text._ZN14HardwareSerial3endEv
                0x000041ba       0x54 /Users/XtremD/Documents/workspace/Test2/libArduinoCores.a(HardwareSerial.o)
                0x000041ba                HardwareSerial::end()
 .text._ZN14HardwareSerial9availableEv
                0x0000420e       0x22 /Users/XtremD/Documents/workspace/Test2/libArduinoCores.a(HardwareSerial.o)
                0x0000420e                HardwareSerial::available()
 .text._ZN14HardwareSerial4peekEv
                0x00004230       0x34 /Users/XtremD/Documents/workspace/Test2/libArduinoCores.a(HardwareSerial.o)
                0x00004230                HardwareSerial::peek()
 .text._ZN14HardwareSerial4readEv
                0x00004264       0x48 /Users/XtremD/Documents/workspace/Test2/libArduinoCores.a(HardwareSerial.o)
                0x00004264                HardwareSerial::read()
 .text._ZN14HardwareSerial5flushEv
                0x000042ac       0x18 /Users/XtremD/Documents/workspace/Test2/libArduinoCores.a(HardwareSerial.o)
                0x000042ac                HardwareSerial::flush()
 .text._ZN14HardwareSerial5writeEh
                0x000042c4       0x26 /Users/XtremD/Documents/workspace/Test2/libArduinoCores.a(HardwareSerial.o)
                0x000042c4                HardwareSerial::write(unsigned char)
 .text._GLOBAL__I_rx_buffer
                0x000042ea      0x1a0 /Users/XtremD/Documents/workspace/Test2/libArduinoCores.a(HardwareSerial.o)
 .text._ZN5Print5writeEPKc
                0x0000448a       0x30 /Users/XtremD/Documents/workspace/Test2/libArduinoCores.a(Print.o)
                0x0000448a                Print::write(char const*)
 .text._ZN5Print5writeEPKhj
                0x000044ba       0x3e /Users/XtremD/Documents/workspace/Test2/libArduinoCores.a(Print.o)
                0x000044ba                Print::write(unsigned char const*, unsigned int)
 .text._ZN5Print5printEPKc
                0x000044f8       0x10 /Users/XtremD/Documents/workspace/Test2/libArduinoCores.a(Print.o)
                0x000044f8                Print::print(char const*)
 .text._ZN5Print5printERK6String
                0x00004508       0x54 /Users/XtremD/Documents/workspace/Test2/libArduinoCores.a(Print.o)
                0x00004508                Print::print(String const&)
 .text._ZN5Print11printNumberEmh
                0x0000455c      0x130 /Users/XtremD/Documents/workspace/Test2/libArduinoCores.a(Print.o)
                0x0000455c                Print::printNumber(unsigned long, unsigned char)
 .text._ZN5Print5printEmi
                0x0000468c       0x1e /Users/XtremD/Documents/workspace/Test2/libArduinoCores.a(Print.o)
                0x0000468c                Print::print(unsigned long, int)
 .text._ZN5Print5printEji
                0x000046aa       0x22 /Users/XtremD/Documents/workspace/Test2/libArduinoCores.a(Print.o)
                0x000046aa                Print::print(unsigned int, int)
 .text._ZN5Print5printEhi
                0x000046cc       0x24 /Users/XtremD/Documents/workspace/Test2/libArduinoCores.a(Print.o)
                0x000046cc                Print::print(unsigned char, int)
 .text._ZN5Print5printEli
                0x000046f0       0x6c /Users/XtremD/Documents/workspace/Test2/libArduinoCores.a(Print.o)
                0x000046f0                Print::print(long, int)
 .text._ZN5Print5printEii
                0x0000475c       0x26 /Users/XtremD/Documents/workspace/Test2/libArduinoCores.a(Print.o)
                0x0000475c                Print::print(int, int)
 .text._ZN5Print5printEci
                0x00004782       0x24 /Users/XtremD/Documents/workspace/Test2/libArduinoCores.a(Print.o)
                0x00004782                Print::print(char, int)
 .text._ZN5Print7printlnEv
                0x000047a6       0x2e /Users/XtremD/Documents/workspace/Test2/libArduinoCores.a(Print.o)
                0x000047a6                Print::println()
 .text._ZN5Print7printlnEmi
                0x000047d4       0x16 /Users/XtremD/Documents/workspace/Test2/libArduinoCores.a(Print.o)
                0x000047d4                Print::println(unsigned long, int)
 .text._ZN5Print7printlnEji
                0x000047ea       0x32 /Users/XtremD/Documents/workspace/Test2/libArduinoCores.a(Print.o)
                0x000047ea                Print::println(unsigned int, int)
 .text._ZN5Print7printlnEhi
                0x0000481c       0x34 /Users/XtremD/Documents/workspace/Test2/libArduinoCores.a(Print.o)
                0x0000481c                Print::println(unsigned char, int)
 .text._ZN5Print7printlnEPKc
                0x00004850       0x16 /Users/XtremD/Documents/workspace/Test2/libArduinoCores.a(Print.o)
                0x00004850                Print::println(char const*)
 .text._ZN5Print7printlnERK6String
                0x00004866       0x16 /Users/XtremD/Documents/workspace/Test2/libArduinoCores.a(Print.o)
                0x00004866                Print::println(String const&)
 .text._ZN5Print7printlnEli
                0x0000487c       0x16 /Users/XtremD/Documents/workspace/Test2/libArduinoCores.a(Print.o)
                0x0000487c                Print::println(long, int)
 .text._ZN5Print7printlnEii
                0x00004892       0x36 /Users/XtremD/Documents/workspace/Test2/libArduinoCores.a(Print.o)
                0x00004892                Print::println(int, int)
 .text._ZN5Print7printlnEci
                0x000048c8       0x34 /Users/XtremD/Documents/workspace/Test2/libArduinoCores.a(Print.o)
                0x000048c8                Print::println(char, int)
 .text._ZN5Print10printFloatEdh
                0x000048fc      0x118 /Users/XtremD/Documents/workspace/Test2/libArduinoCores.a(Print.o)
                0x000048fc                Print::printFloat(double, unsigned char)
 .text._ZN5Print5printEdi
                0x00004a14        0x6 /Users/XtremD/Documents/workspace/Test2/libArduinoCores.a(Print.o)
                0x00004a14                Print::print(double, int)
 .text._ZN5Print7printlnEdi
                0x00004a1a       0x16 /Users/XtremD/Documents/workspace/Test2/libArduinoCores.a(Print.o)
                0x00004a1a                Print::println(double, int)
 .text._Z3maplllll
                0x00004a30       0x92 /Users/XtremD/Documents/workspace/Test2/libArduinoCores.a(WMath.o)
                0x00004a30                map(long, long, long, long, long)
 .text._Z8makeWordj
                0x00004ac2        0x2 /Users/XtremD/Documents/workspace/Test2/libArduinoCores.a(WMath.o)
                0x00004ac2                makeWord(unsigned int)
 .text._Z8makeWordhh
                0x00004ac4        0xe /Users/XtremD/Documents/workspace/Test2/libArduinoCores.a(WMath.o)
                0x00004ac4                makeWord(unsigned char, unsigned char)
 .text._Z6randoml
                0x00004ad2       0x44 /Users/XtremD/Documents/workspace/Test2/libArduinoCores.a(WMath.o)
                0x00004ad2                random(long)
 .text._Z6randomll
                0x00004b16       0x3c /Users/XtremD/Documents/workspace/Test2/libArduinoCores.a(WMath.o)
                0x00004b16                random(long, long)
 .text._Z10randomSeedj
                0x00004b52       0x10 /Users/XtremD/Documents/workspace/Test2/libArduinoCores.a(WMath.o)
                0x00004b52                randomSeed(unsigned int)
 .text._ZNK6String6charAtEj
                0x00004b62       0x10 /Users/XtremD/Documents/workspace/Test2/libArduinoCores.a(WString.o)
                0x00004b62                String::charAt(unsigned int) const
 .text._ZN6String9setCharAtEjc
                0x00004b72       0x22 /Users/XtremD/Documents/workspace/Test2/libArduinoCores.a(WString.o)
                0x00004b72                String::setCharAt(unsigned int, char)
 .text._ZN6StringixEj
                0x00004b94       0x2a /Users/XtremD/Documents/workspace/Test2/libArduinoCores.a(WString.o)
                0x00004b94                String::operator[](unsigned int)
 .text._ZNK6StringixEj
                0x00004bbe       0x10 /Users/XtremD/Documents/workspace/Test2/libArduinoCores.a(WString.o)
                0x00004bbe                String::operator[](unsigned int) const
 .text._ZN6String5toIntEv
                0x00004bce        0xc /Users/XtremD/Documents/workspace/Test2/libArduinoCores.a(WString.o)
                0x00004bce                String::toInt()
 .text._ZN6String11toCharArrayEPcj
                0x00004bda       0x44 /Users/XtremD/Documents/workspace/Test2/libArduinoCores.a(WString.o)
                0x00004bda                String::toCharArray(char*, unsigned int)
 .text._ZN6String8getBytesEPhj
                0x00004c1e       0x44 /Users/XtremD/Documents/workspace/Test2/libArduinoCores.a(WString.o)
                0x00004c1e                String::getBytes(unsigned char*, unsigned int)
 .text._ZN6StringD1Ev
                0x00004c62       0x20 /Users/XtremD/Documents/workspace/Test2/libArduinoCores.a(WString.o)
 .text._ZNK6String10startsWithERKS_j
                0x00004c82       0x3c /Users/XtremD/Documents/workspace/Test2/libArduinoCores.a(WString.o)
                0x00004c82                String::startsWith(String const&, unsigned int) const
 .text._ZNK6String10startsWithERKS_
                0x00004cbe       0x26 /Users/XtremD/Documents/workspace/Test2/libArduinoCores.a(WString.o)
                0x00004cbe                String::startsWith(String const&) const
 .text._ZNK6String11lastIndexOfEcj
                0x00004ce4       0x6a /Users/XtremD/Documents/workspace/Test2/libArduinoCores.a(WString.o)
                0x00004ce4                String::lastIndexOf(char, unsigned int) const
 .text._ZNK6String11lastIndexOfEc
                0x00004d4e       0x10 /Users/XtremD/Documents/workspace/Test2/libArduinoCores.a(WString.o)
                0x00004d4e                String::lastIndexOf(char) const
 .text._ZNK6String7indexOfERKS_j
                0x00004d5e       0x3c /Users/XtremD/Documents/workspace/Test2/libArduinoCores.a(WString.o)
                0x00004d5e                String::indexOf(String const&, unsigned int) const
 .text._ZNK6String7indexOfERKS_
                0x00004d9a        0xa /Users/XtremD/Documents/workspace/Test2/libArduinoCores.a(WString.o)
                0x00004d9a                String::indexOf(String const&) const
 .text._ZNK6String7indexOfEcj
                0x00004da4       0x38 /Users/XtremD/Documents/workspace/Test2/libArduinoCores.a(WString.o)
                0x00004da4                String::indexOf(char, unsigned int) const
 .text._ZNK6String7indexOfEc
                0x00004ddc        0xa /Users/XtremD/Documents/workspace/Test2/libArduinoCores.a(WString.o)
                0x00004ddc                String::indexOf(char) const
 .text._ZNK6String6equalsERKS_
                0x00004de6       0x32 /Users/XtremD/Documents/workspace/Test2/libArduinoCores.a(WString.o)
                0x00004de6                String::equals(String const&) const
 .text._ZNK6String8endsWithERKS_
                0x00004e18       0x3a /Users/XtremD/Documents/workspace/Test2/libArduinoCores.a(WString.o)
                0x00004e18                String::endsWith(String const&) const
 .text._ZNK6StringgeERKS_
                0x00004e52       0x28 /Users/XtremD/Documents/workspace/Test2/libArduinoCores.a(WString.o)
                0x00004e52                String::operator>=(String const&) const
 .text._ZNK6StringleERKS_
                0x00004e7a       0x22 /Users/XtremD/Documents/workspace/Test2/libArduinoCores.a(WString.o)
                0x00004e7a                String::operator<=(String const&) const
 .text._ZNK6StringgtERKS_
                0x00004e9c       0x22 /Users/XtremD/Documents/workspace/Test2/libArduinoCores.a(WString.o)
                0x00004e9c                String::operator>(String const&) const
 .text._ZNK6StringltERKS_
                0x00004ebe       0x24 /Users/XtremD/Documents/workspace/Test2/libArduinoCores.a(WString.o)
                0x00004ebe                String::operator<(String const&) const
 .text._ZNK6StringneERKS_
                0x00004ee2       0x30 /Users/XtremD/Documents/workspace/Test2/libArduinoCores.a(WString.o)
                0x00004ee2                String::operator!=(String const&) const
 .text._ZNK6StringeqERKS_
                0x00004f12       0x34 /Users/XtremD/Documents/workspace/Test2/libArduinoCores.a(WString.o)
                0x00004f12                String::operator==(String const&) const
 .text._ZNK6String9compareToERKS_
                0x00004f46       0x12 /Users/XtremD/Documents/workspace/Test2/libArduinoCores.a(WString.o)
                0x00004f46                String::compareTo(String const&) const
 .text._ZN6StringpLERKS_
                0x00004f58       0x70 /Users/XtremD/Documents/workspace/Test2/libArduinoCores.a(WString.o)
                0x00004f58                String::operator+=(String const&)
 .text._ZN6String6concatERKS_
                0x00004fc8        0x6 /Users/XtremD/Documents/workspace/Test2/libArduinoCores.a(WString.o)
                0x00004fc8                String::concat(String const&)
 .text._ZN6String9getBufferEj
                0x00004fce       0x28 /Users/XtremD/Documents/workspace/Test2/libArduinoCores.a(WString.o)
                0x00004fce                String::getBuffer(unsigned int)
 .text._ZN6StringaSERKS_
                0x00004ff6       0x60 /Users/XtremD/Documents/workspace/Test2/libArduinoCores.a(WString.o)
                0x00004ff6                String::operator=(String const&)
 .text._ZN6StringC1Eh
                0x00005056       0x34 /Users/XtremD/Documents/workspace/Test2/libArduinoCores.a(WString.o)
                0x00005056                String::String(unsigned char)
 .text._ZN6StringC2Eh
                0x0000508a       0x34 /Users/XtremD/Documents/workspace/Test2/libArduinoCores.a(WString.o)
                0x0000508a                String::String(unsigned char)
 .text._ZN6StringC1Ec
                0x000050be       0x34 /Users/XtremD/Documents/workspace/Test2/libArduinoCores.a(WString.o)
                0x000050be                String::String(char)
 .text._ZN6StringC2Ec
                0x000050f2       0x34 /Users/XtremD/Documents/workspace/Test2/libArduinoCores.a(WString.o)
                0x000050f2                String::String(char)
 .text._ZN6StringC1ERKS_
                0x00005126       0x36 /Users/XtremD/Documents/workspace/Test2/libArduinoCores.a(WString.o)
                0x00005126                String::String(String const&)
 .text._ZN6StringC2ERKS_
                0x0000515c       0x36 /Users/XtremD/Documents/workspace/Test2/libArduinoCores.a(WString.o)
                0x0000515c                String::String(String const&)
 .text._ZN6StringC1Emi
                0x00005192       0x7e /Users/XtremD/Documents/workspace/Test2/libArduinoCores.a(WString.o)
                0x00005192                String::String(unsigned long, int)
 .text._ZN6StringC2Emi
                0x00005210       0x7e /Users/XtremD/Documents/workspace/Test2/libArduinoCores.a(WString.o)
                0x00005210                String::String(unsigned long, int)
 .text._ZN6StringC1Eji
                0x0000528e       0x7c /Users/XtremD/Documents/workspace/Test2/libArduinoCores.a(WString.o)
                0x0000528e                String::String(unsigned int, int)
 .text._ZN6StringC2Eji
                0x0000530a       0x7c /Users/XtremD/Documents/workspace/Test2/libArduinoCores.a(WString.o)
                0x0000530a                String::String(unsigned int, int)
 .text._ZN6StringC1EPKc
                0x00005386       0x50 /Users/XtremD/Documents/workspace/Test2/libArduinoCores.a(WString.o)
                0x00005386                String::String(char const*)
 .text._ZNK6String11toUpperCaseEv
                0x000053d6       0x72 /Users/XtremD/Documents/workspace/Test2/libArduinoCores.a(WString.o)
                0x000053d6                String::toUpperCase() const
 .text._ZNK6String11toLowerCaseEv
                0x00005448       0x72 /Users/XtremD/Documents/workspace/Test2/libArduinoCores.a(WString.o)
                0x00005448                String::toLowerCase() const
 .text._ZNK6String16equalsIgnoreCaseERKS_
                0x000054ba       0x98 /Users/XtremD/Documents/workspace/Test2/libArduinoCores.a(WString.o)
                0x000054ba                String::equalsIgnoreCase(String const&) const
 .text._ZNK6String9substringEjj
                0x00005552       0x6e /Users/XtremD/Documents/workspace/Test2/libArduinoCores.a(WString.o)
                0x00005552                String::substring(unsigned int, unsigned int) const
 .text._ZNK6String9substringEj
                0x000055c0       0x18 /Users/XtremD/Documents/workspace/Test2/libArduinoCores.a(WString.o)
                0x000055c0                String::substring(unsigned int) const
 .text._ZNK6String11lastIndexOfERKS_j
                0x000055d8       0xca /Users/XtremD/Documents/workspace/Test2/libArduinoCores.a(WString.o)
                0x000055d8                String::lastIndexOf(String const&, unsigned int) const
 .text._ZNK6String11lastIndexOfERKS_
                0x000056a2       0x1c /Users/XtremD/Documents/workspace/Test2/libArduinoCores.a(WString.o)
                0x000056a2                String::lastIndexOf(String const&) const
 .text._ZNK6String4trimEv
                0x000056be       0xd6 /Users/XtremD/Documents/workspace/Test2/libArduinoCores.a(WString.o)
                0x000056be                String::trim() const
 .text._ZN6String7replaceERKS_S1_
                0x00005794      0x136 /Users/XtremD/Documents/workspace/Test2/libArduinoCores.a(WString.o)
                0x00005794                String::replace(String const&, String const&)
 .text._ZN6String7replaceEcc
                0x000058ca       0x7e /Users/XtremD/Documents/workspace/Test2/libArduinoCores.a(WString.o)
                0x000058ca                String::replace(char, char)
 .text._ZN6StringC2EPKc
                0x00005948       0x50 /Users/XtremD/Documents/workspace/Test2/libArduinoCores.a(WString.o)
                0x00005948                String::String(char const*)
 .text._ZN6StringC1Eli
                0x00005998       0x7a /Users/XtremD/Documents/workspace/Test2/libArduinoCores.a(WString.o)
                0x00005998                String::String(long, int)
 .text._ZN6StringC2Eli
                0x00005a12       0x7a /Users/XtremD/Documents/workspace/Test2/libArduinoCores.a(WString.o)
                0x00005a12                String::String(long, int)
 .text._ZN6StringC1Eii
                0x00005a8c       0x78 /Users/XtremD/Documents/workspace/Test2/libArduinoCores.a(WString.o)
                0x00005a8c                String::String(int, int)
 .text._ZN6StringC2Eii
                0x00005b04       0x78 /Users/XtremD/Documents/workspace/Test2/libArduinoCores.a(WString.o)
                0x00005b04                String::String(int, int)
 .text.__vector_23
                0x00005b7c       0x90 /Users/XtremD/Documents/workspace/Test2/libArduinoCores.a(wiring.o)
                0x00005b7c                __vector_23
 .text.millis   0x00005c0c       0x1c /Users/XtremD/Documents/workspace/Test2/libArduinoCores.a(wiring.o)
                0x00005c0c                millis
 .text.micros   0x00005c28       0x4c /Users/XtremD/Documents/workspace/Test2/libArduinoCores.a(wiring.o)
                0x00005c28                micros
 .text.delay    0x00005c74       0xb2 /Users/XtremD/Documents/workspace/Test2/libArduinoCores.a(wiring.o)
                0x00005c74                delay
 .text.delayMicroseconds
                0x00005d26       0x14 /Users/XtremD/Documents/workspace/Test2/libArduinoCores.a(wiring.o)
                0x00005d26                delayMicroseconds
 .text.init     0x00005d3a       0xc4 /Users/XtremD/Documents/workspace/Test2/libArduinoCores.a(wiring.o)
                0x00005d3a                init
 .text.analogReference
                0x00005dfe        0x6 /Users/XtremD/Documents/workspace/Test2/libArduinoCores.a(wiring_analog.o)
                0x00005dfe                analogReference
 .text.analogRead
                0x00005e04       0x68 /Users/XtremD/Documents/workspace/Test2/libArduinoCores.a(wiring_analog.o)
                0x00005e04                analogRead
 .text.analogWrite
                0x00005e6c      0x1b6 /Users/XtremD/Documents/workspace/Test2/libArduinoCores.a(wiring_analog.o)
                0x00005e6c                analogWrite
 .text.pinMode  0x00006022       0x4c /Users/XtremD/Documents/workspace/Test2/libArduinoCores.a(wiring_digital.o)
                0x00006022                pinMode
 .text.turnOffPWM
                0x0000606e       0xe6 /Users/XtremD/Documents/workspace/Test2/libArduinoCores.a(wiring_digital.o)
 .text.digitalWrite
                0x00006154       0x6a /Users/XtremD/Documents/workspace/Test2/libArduinoCores.a(wiring_digital.o)
                0x00006154                digitalWrite
 .text.digitalRead
                0x000061be       0x60 /Users/XtremD/Documents/workspace/Test2/libArduinoCores.a(wiring_digital.o)
                0x000061be                digitalRead
 .text.libgcc   0x0000621e       0x3e /usr/local/avr/bin/../lib/gcc/avr/4.3.2/avr51/libgcc.a(_mulsi3.o)
                0x0000621e                __mulsi3
 .text.libgcc   0x0000625c       0x44 /usr/local/avr/bin/../lib/gcc/avr/4.3.2/avr51/libgcc.a(_udivmodsi4.o)
                0x0000625c                __udivmodsi4
 .text.libgcc   0x000062a0       0x36 /usr/local/avr/bin/../lib/gcc/avr/4.3.2/avr51/libgcc.a(_divmodsi4.o)
                0x000062a0                __divmodsi4
 .text.libgcc   0x000062d6        0x0 /usr/local/avr/bin/../lib/gcc/avr/4.3.2/avr51/libgcc.a(_exit.o)
 .text.libgcc   0x000062d6        0x0 /usr/local/avr/bin/../lib/gcc/avr/4.3.2/avr51/libgcc.a(_clear_bss.o)
 .text.libgcc   0x000062d6        0x0 /usr/local/avr/bin/../lib/gcc/avr/4.3.2/avr51/libgcc.a(_ctors.o)
 .text.libgcc   0x000062d6        0x0 /usr/local/avr/bin/../lib/gcc/avr/4.3.2/avr51/libgcc.a(_dtors.o)
 .text.libgcc   0x000062d6       0x38 /usr/local/avr/bin/../lib/gcc/avr/4.3.2/avr51/libgcc.a(_prologue.o)
                0x000062d6                __prologue_saves__
 .text.libgcc   0x0000630e       0x36 /usr/local/avr/bin/../lib/gcc/avr/4.3.2/avr51/libgcc.a(_epilogue.o)
                0x0000630e                __epilogue_restores__
 .text.libgcc   0x00006344        0xc /usr/local/avr/bin/../lib/gcc/avr/4.3.2/avr51/libgcc.a(_tablejump.o)
                0x00006348                __tablejump__
                0x00006344                __tablejump2__
 .text.ctype    0x00006350       0x10 /usr/local/avr/bin/../lib/gcc/avr/4.3.2/../../../../avr/lib/avr51/libc.a(isspace.o)
                0x00006350                isspace
 .text.ctype    0x00006360       0x10 /usr/local/avr/bin/../lib/gcc/avr/4.3.2/../../../../avr/lib/avr51/libc.a(tolower.o)
                0x00006360                tolower
 .text.ctype    0x00006370       0x10 /usr/local/avr/bin/../lib/gcc/avr/4.3.2/../../../../avr/lib/avr51/libc.a(toupper.o)
                0x00006370                toupper
 .text.ctype    0x00006380        0x6 /usr/local/avr/bin/../lib/gcc/avr/4.3.2/../../../../avr/lib/avr51/libc.a(cty_isfalse.o)
                0x00006384                __ctype_istrue
                0x00006380                __ctype_isfalse
 .text.libgcc   0x00006386       0x28 /usr/local/avr/bin/../lib/gcc/avr/4.3.2/avr51/libgcc.a(_udivmodhi4.o)
                0x00006386                __udivmodhi4
                0x000063ae                . = ALIGN (0x2)
 *(.fini9)
 .fini9         0x000063ae        0x0 /usr/local/avr/bin/../lib/gcc/avr/4.3.2/avr51/libgcc.a(_exit.o)
                0x000063ae                exit
                0x000063ae                _exit
 *(.fini9)
 *(.fini8)
 *(.fini8)
 *(.fini7)
 *(.fini7)
 *(.fini6)
 .fini6         0x000063ae       0x16 /usr/local/avr/bin/../lib/gcc/avr/4.3.2/avr51/libgcc.a(_dtors.o)
                0x000063ae                __do_global_dtors
 *(.fini6)
 *(.fini5)
 *(.fini5)
 *(.fini4)
 *(.fini4)
 *(.fini3)
 *(.fini3)
 *(.fini2)
 *(.fini2)
 *(.fini1)
 *(.fini1)
 *(.fini0)
 .fini0         0x000063c4        0x4 /usr/local/avr/bin/../lib/gcc/avr/4.3.2/avr51/libgcc.a(_exit.o)
 *(.fini0)
                0x000063c8                _etext = .

.data           0x00800200      0x3c0 load address 0x000063c8
                0x00800200                PROVIDE (__data_start, .)
 *(.data)
 .data          0x00800200        0x0 /usr/local/avr/bin/../lib/gcc/avr/4.3.2/../../../../avr/lib/avr51/crtm1280.o
 .data          0x00800200      0x1df ./main.o
 .data          0x008003df        0x0 ./XBee/XBee.o
 .data          0x008003df        0x0 /Users/XtremD/Documents/workspace/Test2/libArduinoCores.a(HardwareSerial.o)
 .data          0x008003df        0x2 /Users/XtremD/Documents/workspace/Test2/libArduinoCores.a(Print.o)
 .data          0x008003e1        0x0 /Users/XtremD/Documents/workspace/Test2/libArduinoCores.a(WMath.o)
 .data          0x008003e1        0x1 /Users/XtremD/Documents/workspace/Test2/libArduinoCores.a(WString.o)
 .data          0x008003e2        0x0 /Users/XtremD/Documents/workspace/Test2/libArduinoCores.a(wiring.o)
 .data          0x008003e2        0x0 /Users/XtremD/Documents/workspace/Test2/libArduinoCores.a(wiring_analog.o)
 .data          0x008003e2        0x0 /Users/XtremD/Documents/workspace/Test2/libArduinoCores.a(wiring_digital.o)
 .data          0x008003e2        0x0 /Users/XtremD/Documents/workspace/Test2/libArduinoCores.a(pins_arduino.o)
 .data          0x008003e2        0x0 /usr/local/avr/bin/../lib/gcc/avr/4.3.2/avr51/libgcc.a(_mulsi3.o)
 .data          0x008003e2        0x0 /usr/local/avr/bin/../lib/gcc/avr/4.3.2/avr51/libgcc.a(_udivmodsi4.o)
 .data          0x008003e2        0x0 /usr/local/avr/bin/../lib/gcc/avr/4.3.2/avr51/libgcc.a(_divmodsi4.o)
 .data          0x008003e2        0x0 /usr/local/avr/bin/../lib/gcc/avr/4.3.2/avr51/libgcc.a(_exit.o)
 .data          0x008003e2        0x0 /usr/local/avr/bin/../lib/gcc/avr/4.3.2/avr51/libgcc.a(_clear_bss.o)
 .data          0x008003e2        0x0 /usr/local/avr/bin/../lib/gcc/avr/4.3.2/avr51/libgcc.a(_ctors.o)
 .data          0x008003e2        0x0 /usr/local/avr/bin/../lib/gcc/avr/4.3.2/avr51/libgcc.a(_dtors.o)
 .data          0x008003e2        0x0 /usr/local/avr/bin/../lib/gcc/avr/4.3.2/avr51/libgcc.a(_fixunssfsi.o)
 .data          0x008003e2        0x0 /usr/local/avr/bin/../lib/gcc/avr/4.3.2/avr51/libgcc.a(_addsub_sf.o)
 .data          0x008003e2        0x0 /usr/local/avr/bin/../lib/gcc/avr/4.3.2/avr51/libgcc.a(_mul_sf.o)
 .data          0x008003e2        0x0 /usr/local/avr/bin/../lib/gcc/avr/4.3.2/avr51/libgcc.a(_div_sf.o)
 .data          0x008003e2        0x0 /usr/local/avr/bin/../lib/gcc/avr/4.3.2/avr51/libgcc.a(_ge_sf.o)
 .data          0x008003e2        0x0 /usr/local/avr/bin/../lib/gcc/avr/4.3.2/avr51/libgcc.a(_lt_sf.o)
 .data          0x008003e2        0x0 /usr/local/avr/bin/../lib/gcc/avr/4.3.2/avr51/libgcc.a(_si_to_sf.o)
 .data          0x008003e2        0x0 /usr/local/avr/bin/../lib/gcc/avr/4.3.2/avr51/libgcc.a(_sf_to_si.o)
 .data          0x008003e2        0x8 /usr/local/avr/bin/../lib/gcc/avr/4.3.2/avr51/libgcc.a(_thenan_sf.o)
                0x008003e2                __thenan_sf
 .data          0x008003ea        0x0 /usr/local/avr/bin/../lib/gcc/avr/4.3.2/avr51/libgcc.a(_usi_to_sf.o)
 .data          0x008003ea        0x0 /usr/local/avr/bin/../lib/gcc/avr/4.3.2/avr51/libgcc.a(_prologue.o)
 .data          0x008003ea        0x0 /usr/local/avr/bin/../lib/gcc/avr/4.3.2/avr51/libgcc.a(_epilogue.o)
 .data          0x008003ea        0x0 /usr/local/avr/bin/../lib/gcc/avr/4.3.2/avr51/libgcc.a(_tablejump.o)
 .data          0x008003ea        0x0 /usr/local/avr/bin/../lib/gcc/avr/4.3.2/avr51/libgcc.a(_clzsi2.o)
 .data          0x008003ea        0x0 /usr/local/avr/bin/../lib/gcc/avr/4.3.2/avr51/libgcc.a(_pack_sf.o)
 .data          0x008003ea        0x0 /usr/local/avr/bin/../lib/gcc/avr/4.3.2/avr51/libgcc.a(_unpack_sf.o)
 .data          0x008003ea        0x0 /usr/local/avr/bin/../lib/gcc/avr/4.3.2/avr51/libgcc.a(_fpcmp_parts_sf.o)
 .data          0x008003ea      0x100 /usr/local/avr/bin/../lib/gcc/avr/4.3.2/avr51/libgcc.a(_clz.o)
                0x008003ea                __clz_tab
 .data          0x008004ea        0x6 /usr/local/avr/bin/../lib/gcc/avr/4.3.2/../../../../avr/lib/avr51/libc.a(malloc.o)
                0x008004ec                __malloc_heap_start
                0x008004ee                __malloc_heap_end
                0x008004ea                __malloc_margin
 .data          0x008004f0        0x4 /usr/local/avr/bin/../lib/gcc/avr/4.3.2/../../../../avr/lib/avr51/libc.a(random.o)
 .data          0x008004f4        0x0 /usr/local/avr/bin/../lib/gcc/avr/4.3.2/../../../../avr/lib/avr51/libc.a(realloc.o)
 .data          0x008004f4        0x0 /usr/local/avr/bin/../lib/gcc/avr/4.3.2/../../../../avr/lib/avr51/libc.a(atol.o)
 .data          0x008004f4        0x0 /usr/local/avr/bin/../lib/gcc/avr/4.3.2/../../../../avr/lib/avr51/libc.a(isspace.o)
 .data          0x008004f4        0x0 /usr/local/avr/bin/../lib/gcc/avr/4.3.2/../../../../avr/lib/avr51/libc.a(tolower.o)
 .data          0x008004f4        0x0 /usr/local/avr/bin/../lib/gcc/avr/4.3.2/../../../../avr/lib/avr51/libc.a(toupper.o)
 .data          0x008004f4        0x0 /usr/local/avr/bin/../lib/gcc/avr/4.3.2/../../../../avr/lib/avr51/libc.a(memcpy.o)
 .data          0x008004f4        0x0 /usr/local/avr/bin/../lib/gcc/avr/4.3.2/../../../../avr/lib/avr51/libc.a(strcat.o)
 .data          0x008004f4        0x0 /usr/local/avr/bin/../lib/gcc/avr/4.3.2/../../../../avr/lib/avr51/libc.a(strchr.o)
 .data          0x008004f4        0x0 /usr/local/avr/bin/../lib/gcc/avr/4.3.2/../../../../avr/lib/avr51/libc.a(strcmp.o)
 .data          0x008004f4        0x0 /usr/local/avr/bin/../lib/gcc/avr/4.3.2/../../../../avr/lib/avr51/libc.a(strcpy.o)
 .data          0x008004f4        0x0 /usr/local/avr/bin/../lib/gcc/avr/4.3.2/../../../../avr/lib/avr51/libc.a(strncmp.o)
 .data          0x008004f4        0x0 /usr/local/avr/bin/../lib/gcc/avr/4.3.2/../../../../avr/lib/avr51/libc.a(strncpy.o)
 .data          0x008004f4        0x0 /usr/local/avr/bin/../lib/gcc/avr/4.3.2/../../../../avr/lib/avr51/libc.a(strrchr.o)
 .data          0x008004f4        0x0 /usr/local/avr/bin/../lib/gcc/avr/4.3.2/../../../../avr/lib/avr51/libc.a(strstr.o)
 .data          0x008004f4        0x0 /usr/local/avr/bin/../lib/gcc/avr/4.3.2/../../../../avr/lib/avr51/libc.a(itoa.o)
 .data          0x008004f4        0x0 /usr/local/avr/bin/../lib/gcc/avr/4.3.2/../../../../avr/lib/avr51/libc.a(ltoa.o)
 .data          0x008004f4        0x0 /usr/local/avr/bin/../lib/gcc/avr/4.3.2/../../../../avr/lib/avr51/libc.a(mulsi10.o)
 .data          0x008004f4        0x0 /usr/local/avr/bin/../lib/gcc/avr/4.3.2/../../../../avr/lib/avr51/libc.a(ultoa.o)
 .data          0x008004f4        0x0 /usr/local/avr/bin/../lib/gcc/avr/4.3.2/../../../../avr/lib/avr51/libc.a(cty_isfalse.o)
 .data          0x008004f4        0x0 /usr/local/avr/bin/../lib/gcc/avr/4.3.2/../../../../avr/lib/avr51/libc.a(strrev.o)
 .data          0x008004f4        0x0 /usr/local/avr/bin/../lib/gcc/avr/4.3.2/avr51/libgcc.a(_udivmodhi4.o)
 *(.data*)
 .data.xbeeRX   0x008004f4        0x1 ./main.o
                0x008004f4                xbeeRX
 .data.xbeeTX   0x008004f5        0x1 ./main.o
                0x008004f5                xbeeTX
 .data.xbeeRTS  0x008004f6        0x1 ./main.o
                0x008004f6                xbeeRTS
 .data.xbeeCTS  0x008004f7        0x1 ./main.o
                0x008004f7                xbeeCTS
 .data.xbeeDTR  0x008004f8        0x1 ./main.o
                0x008004f8                xbeeDTR
 .data.xbeeReset
                0x008004f9        0x1 ./main.o
                0x008004f9                xbeeReset
 .data.ATMY     0x008004fa        0x2 ./main.o
                0x008004fa                ATMY
 .data.ATWR     0x008004fc        0x2 ./main.o
                0x008004fc                ATWR
 .data.myself   0x008004fe        0x2 ./main.o
                0x008004fe                myself
 .data.door1    0x00800500        0x2 ./main.o
                0x00800500                door1
 .data.door2    0x00800502        0x2 ./main.o
                0x00800502                door2
 .data.analog_reference
                0x00800504        0x1 /Users/XtremD/Documents/workspace/Test2/libArduinoCores.a(wiring_analog.o)
                0x00800504                analog_reference
 *(.rodata)
 *(.rodata*)
 .rodata._ZTV22RemoteAtCommandRequest
                0x00800505        0x8 ./XBee/XBee.o
                0x00800505                vtable for RemoteAtCommandRequest
 .rodata._ZTV16AtCommandRequest
                0x0080050d        0x8 ./XBee/XBee.o
                0x0080050d                vtable for AtCommandRequest
 .rodata._ZTV11Tx64Request
                0x00800515        0x8 ./XBee/XBee.o
                0x00800515                vtable for Tx64Request
 .rodata._ZTV11Tx16Request
                0x0080051d        0x8 ./XBee/XBee.o
                0x0080051d                vtable for Tx16Request
 .rodata._ZTV11ZBTxRequest
                0x00800525        0x8 ./XBee/XBee.o
                0x00800525                vtable for ZBTxRequest
 .rodata._ZTV12Rx64Response
                0x0080052d        0xa ./XBee/XBee.o
                0x0080052d                vtable for Rx64Response
 .rodata._ZTV12Rx16Response
                0x00800537        0xa ./XBee/XBee.o
                0x00800537                vtable for Rx16Response
 .rodata._ZTV10RxResponse
                0x00800541        0xa ./XBee/XBee.o
                0x00800541                vtable for RxResponse
 .rodata._ZTV20Rx64IoSampleResponse
                0x0080054b        0xa ./XBee/XBee.o
                0x0080054b                vtable for Rx64IoSampleResponse