Archive member included because of file (symbol)

/Users/XtremD/Documents/workspace/Test2/libArduinoCores.a(HardwareSerial.o)
                              ./main.o (HardwareSerial::begin(long))
/Users/XtremD/Documents/workspace/Test2/libArduinoCores.a(Print.o)
                              /Users/XtremD/Documents/workspace/Test2/libArduinoCores.a(HardwareSerial.o) (Print::write(char const*))
/Users/XtremD/Documents/workspace/Test2/libArduinoCores.a(WMath.o)
                              ./main.o (random(long, long))
/Users/XtremD/Documents/workspace/Test2/libArduinoCores.a(WString.o)
                              /Users/XtremD/Documents/workspace/Test2/libArduinoCores.a(Print.o) (String::operator[](unsigned int) const)
/Users/XtremD/Documents/workspace/Test2/libArduinoCores.a(wiring.o)
                              ./xbee-arduino-read-only/XBee.o (millis)
/Users/XtremD/Documents/workspace/Test2/libArduinoCores.a(wiring_analog.o)
                              ./main.o (analogRead)
/Users/XtremD/Documents/workspace/Test2/libArduinoCores.a(wiring_digital.o)
                              /Users/XtremD/Documents/workspace/Test2/libArduinoCores.a(wiring_analog.o) (pinMode)
/Users/XtremD/Documents/workspace/Test2/libArduinoCores.a(pins_arduino.o)
                              /Users/XtremD/Documents/workspace/Test2/libArduinoCores.a(wiring_digital.o) (port_to_mode_PGM)
/usr/local/avr/bin/../lib/gcc/avr/4.3.2/avr51/libgcc.a(_mulsi3.o)
                              ./XbeeLib/xbeeLibrary/xbeeLib.o (__mulsi3)
/usr/local/avr/bin/../lib/gcc/avr/4.3.2/avr51/libgcc.a(_udivmodsi4.o)
                              /Users/XtremD/Documents/workspace/Test2/libArduinoCores.a(HardwareSerial.o) (__udivmodsi4)
/usr/local/avr/bin/../lib/gcc/avr/4.3.2/avr51/libgcc.a(_divmodsi4.o)
                              /Users/XtremD/Documents/workspace/Test2/libArduinoCores.a(WMath.o) (__divmodsi4)
/usr/local/avr/bin/../lib/gcc/avr/4.3.2/avr51/libgcc.a(_exit.o)
                              /usr/local/avr/bin/../lib/gcc/avr/4.3.2/../../../../avr/lib/avr51/crtm1280.o (exit)
/usr/local/avr/bin/../lib/gcc/avr/4.3.2/avr51/libgcc.a(_clear_bss.o)
                              ./main.o (__do_clear_bss)
/usr/local/avr/bin/../lib/gcc/avr/4.3.2/avr51/libgcc.a(_ctors.o)
                              ./main.o (__do_global_ctors)
/usr/local/avr/bin/../lib/gcc/avr/4.3.2/avr51/libgcc.a(_dtors.o)
                              ./main.o (__do_global_dtors)
/usr/local/avr/bin/../lib/gcc/avr/4.3.2/avr51/libgcc.a(_fixunssfsi.o)
                              /Users/XtremD/Documents/workspace/Test2/libArduinoCores.a(Print.o) (__fixunssfsi)
/usr/local/avr/bin/../lib/gcc/avr/4.3.2/avr51/libgcc.a(_addsub_sf.o)
                              /Users/XtremD/Documents/workspace/Test2/libArduinoCores.a(Print.o) (__subsf3)
/usr/local/avr/bin/../lib/gcc/avr/4.3.2/avr51/libgcc.a(_mul_sf.o)
                              /Users/XtremD/Documents/workspace/Test2/libArduinoCores.a(Print.o) (__mulsf3)
/usr/local/avr/bin/../lib/gcc/avr/4.3.2/avr51/libgcc.a(_div_sf.o)
                              /Users/XtremD/Documents/workspace/Test2/libArduinoCores.a(Print.o) (__divsf3)
/usr/local/avr/bin/../lib/gcc/avr/4.3.2/avr51/libgcc.a(_ge_sf.o)
                              /usr/local/avr/bin/../lib/gcc/avr/4.3.2/avr51/libgcc.a(_fixunssfsi.o) (__gesf2)
/usr/local/avr/bin/../lib/gcc/avr/4.3.2/avr51/libgcc.a(_lt_sf.o)
                              /Users/XtremD/Documents/workspace/Test2/libArduinoCores.a(Print.o) (__ltsf2)
/usr/local/avr/bin/../lib/gcc/avr/4.3.2/avr51/libgcc.a(_si_to_sf.o)
                              /Users/XtremD/Documents/workspace/Test2/libArduinoCores.a(Print.o) (__floatsisf)
/usr/local/avr/bin/../lib/gcc/avr/4.3.2/avr51/libgcc.a(_sf_to_si.o)
                              /Users/XtremD/Documents/workspace/Test2/libArduinoCores.a(Print.o) (__fixsfsi)
/usr/local/avr/bin/../lib/gcc/avr/4.3.2/avr51/libgcc.a(_thenan_sf.o)
                              /usr/local/avr/bin/../lib/gcc/avr/4.3.2/avr51/libgcc.a(_addsub_sf.o) (__thenan_sf)
/usr/local/avr/bin/../lib/gcc/avr/4.3.2/avr51/libgcc.a(_usi_to_sf.o)
                              /Users/XtremD/Documents/workspace/Test2/libArduinoCores.a(Print.o) (__floatunsisf)
/usr/local/avr/bin/../lib/gcc/avr/4.3.2/avr51/libgcc.a(_prologue.o)
                              /usr/local/avr/bin/../lib/gcc/avr/4.3.2/avr51/libgcc.a(_addsub_sf.o) (__prologue_saves__)
/usr/local/avr/bin/../lib/gcc/avr/4.3.2/avr51/libgcc.a(_epilogue.o)
                              /usr/local/avr/bin/../lib/gcc/avr/4.3.2/avr51/libgcc.a(_addsub_sf.o) (__epilogue_restores__)
/usr/local/avr/bin/../lib/gcc/avr/4.3.2/avr51/libgcc.a(_tablejump.o)
                              /usr/local/avr/bin/../lib/gcc/avr/4.3.2/avr51/libgcc.a(_ctors.o) (__tablejump__)
/usr/local/avr/bin/../lib/gcc/avr/4.3.2/avr51/libgcc.a(_clzsi2.o)
                              /usr/local/avr/bin/../lib/gcc/avr/4.3.2/avr51/libgcc.a(_si_to_sf.o) (__clzsi2)
[...]
Memory Configuration

Name             Origin             Length             Attributes
text             0x00000000         0x00020000         xr
data             0x00800060         0x0000ffa0         rw !x
eeprom           0x00810000         0x00010000         rw !x
fuse             0x00820000         0x00000400         rw !x
lock             0x00830000         0x00000400         rw !x
signature        0x00840000         0x00000400         rw !x
*default*        0x00000000         0xffffffff

Linker script and memory map

Address of section .data set to 0x800200
LOAD /usr/local/avr/bin/../lib/gcc/avr/4.3.2/../../../../avr/lib/avr51/crtm1280.o
LOAD ./main.o
LOAD ./xbee-arduino-read-only/XBee.o
LOAD ./XbeeLib/xbeeSendRseries2/xbeeSRst.o
LOAD ./XbeeLib/xbeeSendRseries1/xbeeSRso.o
LOAD ./XbeeLib/xbeeLibrary/xbeeLib.o
LOAD ./XbeeLib/xbeeIOdataparser/xbeeIOdataParser.o
LOAD ./XbeeLib/xbeeATseries2/xbeeATst.o
LOAD ./XbeeLib/xbeeATseries1/xbeeATso.o
LOAD /Users/XtremD/Documents/workspace/Test2/libaes128.a
LOAD /Users/XtremD/Documents/workspace/Test2/libArduinoCores.a
LOAD /usr/local/avr/bin/../lib/gcc/avr/4.3.2/avr51/libgcc.a
LOAD /usr/local/avr/bin/../lib/gcc/avr/4.3.2/../../../../avr/lib/avr51/libm.a
LOAD /usr/local/avr/bin/../lib/gcc/avr/4.3.2/avr51/libgcc.a
LOAD /usr/local/avr/bin/../lib/gcc/avr/4.3.2/../../../../avr/lib/avr51/libc.a
LOAD /usr/local/avr/bin/../lib/gcc/avr/4.3.2/avr51/libgcc.a

.hash
 *(.hash)

.dynsym
 *(.dynsym)

.dynstr
 *(.dynstr)

.gnu.version
 *(.gnu.version)

.gnu.version_d
 *(.gnu.version_d)

.gnu.version_r
 *(.gnu.version_r)

.rel.init
 *(.rel.init)

.rela.init
 *(.rela.init)

.rel.text
 *(.rel.text)
 *(.rel.text.*)
 *(.rel.gnu.linkonce.t*)

.rela.text
 *(.rela.text)
 *(.rela.text.*)
 *(.rela.gnu.linkonce.t*)

.rel.fini
 *(.rel.fini)

.rela.fini
 *(.rela.fini)

.rel.rodata
 *(.rel.rodata)
 *(.rel.rodata.*)
 *(.rel.gnu.linkonce.r*)

.rela.rodata
 *(.rela.rodata)
 *(.rela.rodata.*)
 *(.rela.gnu.linkonce.r*)

.rel.data
 *(.rel.data)
 *(.rel.data.*)
 *(.rel.gnu.linkonce.d*)

.rela.data
 *(.rela.data)
 *(.rela.data.*)
 *(.rela.gnu.linkonce.d*)

.rel.ctors
 *(.rel.ctors)

.rela.ctors
 *(.rela.ctors)

.rel.dtors
 *(.rel.dtors)

.rela.dtors
 *(.rela.dtors)

.rel.got
 *(.rel.got)

.rela.got
 *(.rela.got)

.rel.bss
 *(.rel.bss)

.rela.bss
 *(.rela.bss)

.rel.plt
 *(.rel.plt)

.rela.plt
 *(.rela.plt)

.text           0x00000000     0x9f80
 *(.vectors)
 .vectors       0x00000000       0xe4 /usr/local/avr/bin/../lib/gcc/avr/4.3.2/../../../../avr/lib/avr51/crtm1280.o
                0x00000000                __vectors
                0x00000000                __vector_default
 *(.vectors)
 *(.progmem.gcc*)
 *(.progmem*)
 .progmem.data  0x000000e4      0x120 /Users/XtremD/Documents/workspace/Test2/libArduinoCores.a(pins_arduino.o)
                0x000000e4                port_to_mode_PGM
                0x00000132                digital_pin_to_port_PGM
                0x00000178                digital_pin_to_bit_mask_PGM
                0x000000fe                port_to_output_PGM
                0x00000118                port_to_input_PGM
                0x000001be                digital_pin_to_timer_PGM
                0x00000204                . = ALIGN (0x2)
                0x00000204                __trampolines_start = .
 *(.trampolines)
 .trampolines   0x00000204        0x0 linker stubs
 *(.trampolines*)
                0x00000204                __trampolines_end = .
 *(.jumptables)
 *(.jumptables*)
 *(.lowtext)
 *(.lowtext*)
                0x00000204                __ctors_start = .
 *(.ctors)
 .ctors         0x00000204        0x2 ./main.o
 .ctors         0x00000206        0x2 ./xbee-arduino-read-only/XBee.o
 .ctors         0x00000208        0x2 /Users/XtremD/Documents/workspace/Test2/libArduinoCores.a(HardwareSerial.o)
                0x0000020a                __ctors_end = .
                0x0000020a                __dtors_start = .
 *(.dtors)
 .dtors         0x0000020a        0x2 ./main.o
                0x0000020c                __dtors_end = .
 SORT(*)(.ctors)
 SORT(*)(.dtors)
 *(.init0)
 .init0         0x0000020c        0x0 /usr/local/avr/bin/../lib/gcc/avr/4.3.2/../../../../avr/lib/avr51/crtm1280.o
                0x0000020c                __init
 *(.init0)
 *(.init1)
 *(.init1)
 *(.init2)
 .init2         0x0000020c        0xc /usr/local/avr/bin/../lib/gcc/avr/4.3.2/../../../../avr/lib/avr51/crtm1280.o
 *(.init2)
 *(.init3)
 *(.init3)
 *(.init4)
 .init4         0x00000218       0x1c /usr/local/avr/bin/../lib/gcc/avr/4.3.2/../../../../avr/lib/avr51/crtm1280.o
                0x00000218                __do_copy_data
 .init4         0x00000234       0x10 /usr/local/avr/bin/../lib/gcc/avr/4.3.2/avr51/libgcc.a(_clear_bss.o)
                0x00000234                __do_clear_bss
 *(.init4)
 *(.init5)
 *(.init5)
 *(.init6)
 .init6         0x00000244       0x16 /usr/local/avr/bin/../lib/gcc/avr/4.3.2/avr51/libgcc.a(_ctors.o)
                0x00000244                __do_global_ctors
 *(.init6)
 *(.init7)
 *(.init7)
 *(.init8)
 *(.init8)
 *(.init9)
 .init9         0x0000025a        0x8 /usr/local/avr/bin/../lib/gcc/avr/4.3.2/../../../../avr/lib/avr51/crtm1280.o
 *(.init9)
 *(.text)
 .text          0x00000262        0x4 /usr/local/avr/bin/../lib/gcc/avr/4.3.2/../../../../avr/lib/avr51/crtm1280.o
                0x00000262                __vector_38
                0x00000262                __vector_22
                0x00000262                __vector_28
                0x00000262                __vector_1
                0x00000262                __vector_32
                0x00000262                __vector_34
                0x00000262                __vector_24
                0x00000262                __vector_12
                0x00000262                __vector_55
                0x00000262                __vector_46
                0x00000262                __bad_interrupt
                0x00000262                __vector_6
                0x00000262                __vector_31
                0x00000262                __vector_35
                0x00000262                __vector_39
                0x00000262                __vector_3
                0x00000262                __vector_30
                0x00000262                __vector_45
                0x00000262                __vector_11
                0x00000262                __vector_13
                0x00000262                __vector_17
                0x00000262                __vector_19
                0x00000262                __vector_56
                0x00000262                __vector_7
                0x00000262                __vector_49
                0x00000262                __vector_41
                0x00000262                __vector_43
                0x00000262                __vector_27
                0x00000262                __vector_5
                0x00000262                __vector_33
                0x00000262                __vector_47
                0x00000262                __vector_52
                0x00000262                __vector_37
                0x00000262                __vector_4
                0x00000262                __vector_44
                0x00000262                __vector_9
                0x00000262                __vector_2
                0x00000262                __vector_21
                0x00000262                __vector_15
                0x00000262                __vector_29
                0x00000262                __vector_40
                0x00000262                __vector_8
                0x00000262                __vector_26
                0x00000262                __vector_48
                0x00000262                __vector_14
                0x00000262                __vector_53
                0x00000262                __vector_10
                0x00000262                __vector_50
                0x00000262                __vector_16
                0x00000262                __vector_18
                0x00000262                __vector_20
                0x00000262                __vector_42
 .text          0x00000266        0x0 ./main.o
 .text          0x00000266        0x0 ./xbee-arduino-read-only/XBee.o
 .text          0x00000266        0x0 ./XbeeLib/xbeeSendRseries2/xbeeSRst.o
 .text          0x00000266        0x0 ./XbeeLib/xbeeSendRseries1/xbeeSRso.o
 .text          0x00000266        0x0 ./XbeeLib/xbeeLibrary/xbeeLib.o
 .text          0x00000266        0x0 ./XbeeLib/xbeeIOdataparser/xbeeIOdataParser.o
 .text          0x00000266        0x0 ./XbeeLib/xbeeATseries2/xbeeATst.o
 .text          0x00000266        0x0 ./XbeeLib/xbeeATseries1/xbeeATso.o
 .text          0x00000266        0x0 /Users/XtremD/Documents/workspace/Test2/libArduinoCores.a(HardwareSerial.o)
 .text          0x00000266        0x0 /Users/XtremD/Documents/workspace/Test2/libArduinoCores.a(Print.o)
 .text          0x00000266        0x0 /Users/XtremD/Documents/workspace/Test2/libArduinoCores.a(WMath.o)
 .text          0x00000266        0x0 /Users/XtremD/Documents/workspace/Test2/libArduinoCores.a(WString.o)
 .text          0x00000266        0x0 /Users/XtremD/Documents/workspace/Test2/libArduinoCores.a(wiring.o)
 .text          0x00000266        0x0 /Users/XtremD/Documents/workspace/Test2/libArduinoCores.a(wiring_analog.o)
 .text          0x00000266        0x0 /Users/XtremD/Documents/workspace/Test2/libArduinoCores.a(wiring_digital.o)
 .text          0x00000266        0x0 /Users/XtremD/Documents/workspace/Test2/libArduinoCores.a(pins_arduino.o)
 .text          0x00000266        0x0 /usr/local/avr/bin/../lib/gcc/avr/4.3.2/avr51/libgcc.a(_mulsi3.o)
 .text          0x00000266        0x0 /usr/local/avr/bin/../lib/gcc/avr/4.3.2/avr51/libgcc.a(_udivmodsi4.o)
 .text          0x00000266        0x0 /usr/local/avr/bin/../lib/gcc/avr/4.3.2/avr51/libgcc.a(_divmodsi4.o)
 .text          0x00000266        0x0 /usr/local/avr/bin/../lib/gcc/avr/4.3.2/avr51/libgcc.a(_exit.o)
 .text          0x00000266        0x0 /usr/local/avr/bin/../lib/gcc/avr/4.3.2/avr51/libgcc.a(_clear_bss.o)
 .text          0x00000266        0x0 /usr/local/avr/bin/../lib/gcc/avr/4.3.2/avr51/libgcc.a(_ctors.o)
 .text          0x00000266        0x0 /usr/local/avr/bin/../lib/gcc/avr/4.3.2/avr51/libgcc.a(_dtors.o)
 .text          0x00000266       0x58 /usr/local/avr/bin/../lib/gcc/avr/4.3.2/avr51/libgcc.a(_fixunssfsi.o)
                0x00000266                __fixunssfsi
 .text          0x000002be      0x354 /usr/local/avr/bin/../lib/gcc/avr/4.3.2/avr51/libgcc.a(_addsub_sf.o)
                0x00000556                __subsf3
                0x000005b8                __addsf3
 .text          0x00000612      0x1f4 /usr/local/avr/bin/../lib/gcc/avr/4.3.2/avr51/libgcc.a(_mul_sf.o)
                0x00000612                __mulsf3
 .text          0x00000806      0x158 /usr/local/avr/bin/../lib/gcc/avr/4.3.2/avr51/libgcc.a(_div_sf.o)
                0x00000806                __divsf3
 .text          0x0000095e       0x60 /usr/local/avr/bin/../lib/gcc/avr/4.3.2/avr51/libgcc.a(_ge_sf.o)
                0x0000095e                __gesf2
 .text          0x000009be       0x60 /usr/local/avr/bin/../lib/gcc/avr/4.3.2/avr51/libgcc.a(_lt_sf.o)
                0x000009be                __ltsf2
 .text          0x00000a1e       0xbc /usr/local/avr/bin/../lib/gcc/avr/4.3.2/avr51/libgcc.a(_si_to_sf.o)
                0x00000a1e                __floatsisf
 .text          0x00000ada       0xa8 /usr/local/avr/bin/../lib/gcc/avr/4.3.2/avr51/libgcc.a(_sf_to_si.o)
                0x00000ada                __fixsfsi
 .text          0x00000b82        0x0 /usr/local/avr/bin/../lib/gcc/avr/4.3.2/avr51/libgcc.a(_thenan_sf.o)
 .text          0x00000b82       0xf2 /usr/local/avr/bin/../lib/gcc/avr/4.3.2/avr51/libgcc.a(_usi_to_sf.o)
                0x00000b82                __floatunsisf
 .text          0x00000c74        0x0 /usr/local/avr/bin/../lib/gcc/avr/4.3.2/avr51/libgcc.a(_prologue.o)
 .text          0x00000c74        0x0 /usr/local/avr/bin/../lib/gcc/avr/4.3.2/avr51/libgcc.a(_epilogue.o)
 .text          0x00000c74        0x0 /usr/local/avr/bin/../lib/gcc/avr/4.3.2/avr51/libgcc.a(_tablejump.o)
 .text          0x00000c74       0x9e /usr/local/avr/bin/../lib/gcc/avr/4.3.2/avr51/libgcc.a(_clzsi2.o)
                0x00000c74                __clzsi2
 .text          0x00000d12      0x1aa /usr/local/avr/bin/../lib/gcc/avr/4.3.2/avr51/libgcc.a(_pack_sf.o)
                0x00000d12                __pack_f
 .text          0x00000ebc       0xf0 /usr/local/avr/bin/../lib/gcc/avr/4.3.2/avr51/libgcc.a(_unpack_sf.o)
                0x00000ebc                __unpack_f
 .text          0x00000fac       0xb2 /usr/local/avr/bin/../lib/gcc/avr/4.3.2/avr51/libgcc.a(_fpcmp_parts_sf.o)
                0x00000fac                __fpcmp_parts_f
 .text          0x0000105e        0x0 /usr/local/avr/bin/../lib/gcc/avr/4.3.2/avr51/libgcc.a(_clz.o)
 .text          0x0000105e      0x204 /usr/local/avr/bin/../lib/gcc/avr/4.3.2/../../../../avr/lib/avr51/libc.a(malloc.o)
                0x0000105e                malloc
                0x000011b2                free
 .text          0x00001262       0xc2 /usr/local/avr/bin/../lib/gcc/avr/4.3.2/../../../../avr/lib/avr51/libc.a(random.o)
                0x00001308                random
                0x00001302                random_r
                0x00001312                srandom
 .text          0x00001324      0x1aa /usr/local/avr/bin/../lib/gcc/avr/4.3.2/../../../../avr/lib/avr51/libc.a(realloc.o)
                0x00001324                realloc
 .text          0x000014ce       0x4e /usr/local/avr/bin/../lib/gcc/avr/4.3.2/../../../../avr/lib/avr51/libc.a(atol.o)
                0x000014ce                atol
 .text          0x0000151c        0x0 /usr/local/avr/bin/../lib/gcc/avr/4.3.2/../../../../avr/lib/avr51/libc.a(isspace.o)
 .text          0x0000151c        0x0 /usr/local/avr/bin/../lib/gcc/avr/4.3.2/../../../../avr/lib/avr51/libc.a(tolower.o)
 .text          0x0000151c        0x0 /usr/local/avr/bin/../lib/gcc/avr/4.3.2/../../../../avr/lib/avr51/libc.a(toupper.o)
 .text          0x0000151c       0x12 /usr/local/avr/bin/../lib/gcc/avr/4.3.2/../../../../avr/lib/avr51/libc.a(memcpy.o)
                0x0000151c                memcpy
 .text          0x0000152e       0x16 /usr/local/avr/bin/../lib/gcc/avr/4.3.2/../../../../avr/lib/avr51/libc.a(strcat.o)
                0x0000152e                strcat
 .text          0x00001544       0x16 /usr/local/avr/bin/../lib/gcc/avr/4.3.2/../../../../avr/lib/avr51/libc.a(strchr.o)
                0x00001544                strchr
 .text          0x0000155a       0x12 /usr/local/avr/bin/../lib/gcc/avr/4.3.2/../../../../avr/lib/avr51/libc.a(strcmp.o)
                0x0000155a                strcmp
 .text          0x0000156c        0xe /usr/local/avr/bin/../lib/gcc/avr/4.3.2/../../../../avr/lib/avr51/libc.a(strcpy.o)
                0x0000156c                strcpy
 .text          0x0000157a       0x1c /usr/local/avr/bin/../lib/gcc/avr/4.3.2/../../../../avr/lib/avr51/libc.a(strncmp.o)
                0x0000157a                strncmp
 .text          0x00001596       0x1e /usr/local/avr/bin/../lib/gcc/avr/4.3.2/../../../../avr/lib/avr51/libc.a(strncpy.o)
                0x00001596                strncpy
 .text          0x000015b4       0x16 /usr/local/avr/bin/../lib/gcc/avr/4.3.2/../../../../avr/lib/avr51/libc.a(strrchr.o)
                0x000015b4                strrchr
 .text          0x000015ca       0x34 /usr/local/avr/bin/../lib/gcc/avr/4.3.2/../../../../avr/lib/avr51/libc.a(strstr.o)
                0x000015ca                strstr
 .text          0x000015fe       0x42 /usr/local/avr/bin/../lib/gcc/avr/4.3.2/../../../../avr/lib/avr51/libc.a(itoa.o)
                0x000015fe                itoa
 .text          0x00001640       0x68 /usr/local/avr/bin/../lib/gcc/avr/4.3.2/../../../../avr/lib/avr51/libc.a(ltoa.o)
                0x00001640                ltoa
 .text          0x000016a8       0x2a /usr/local/avr/bin/../lib/gcc/avr/4.3.2/../../../../avr/lib/avr51/libc.a(mulsi10.o)
                0x000016a8                __mulsi_const_10
 .text          0x000016d2       0x4a /usr/local/avr/bin/../lib/gcc/avr/4.3.2/../../../../avr/lib/avr51/libc.a(ultoa.o)
                0x000016d2                ultoa
 .text          0x0000171c        0x0 /usr/local/avr/bin/../lib/gcc/avr/4.3.2/../../../../avr/lib/avr51/libc.a(cty_isfalse.o)
 .text          0x0000171c       0x20 /usr/local/avr/bin/../lib/gcc/avr/4.3.2/../../../../avr/lib/avr51/libc.a(strrev.o)
                0x0000171c                strrev
 .text          0x0000173c        0x0 /usr/local/avr/bin/../lib/gcc/avr/4.3.2/avr51/libgcc.a(_udivmodhi4.o)
                0x0000173c                . = ALIGN (0x2)
 *(.text.*)
 .text.__cxa_pure_virtual
                0x0000173c        0x4 ./main.o
                0x0000173c                __cxa_pure_virtual
 .text._ZN11XBeeRequestaSERKS_
                0x00001740       0x16 ./main.o
                0x00001740                XBeeRequest::operator=(XBeeRequest const&)
 .text._ZN16AtCommandRequestaSERKS_
                0x00001756       0x3c ./main.o
                0x00001756                AtCommandRequest::operator=(AtCommandRequest const&)
 .text._Z12cleanPayloadv
                0x00001792       0x10 ./main.o
                0x00001792                cleanPayload()
 .text._Z13cleanRXPacketv
                0x000017a2       0x10 ./main.o
                0x000017a2                cleanRXPacket()
 .text._ZN6StringD1Ev
                0x000017b2       0x20 ./main.o
                0x000017b2                String::~String()
 .text._Z41__static_initialization_and_destruction_0ii
                0x000017d2       0x8c ./main.o
 .text._GLOBAL__D___cxa_pure_virtual
                0x0000185e        0xe ./main.o
 .text._GLOBAL__I___cxa_pure_virtual
                0x0000186c        0xe ./main.o
 .text._Z17handleTXAftermathv
                0x0000187a       0x74 ./main.o
                0x0000187a                handleTXAftermath()
 .text._Z13sendAtCommandv
                0x000018ee      0x1c2 ./main.o
                0x000018ee                sendAtCommand()
 .text._Z12randoPayloadv
                0x00001ab0       0x32 ./main.o
                0x00001ab0                randoPayload()
 .text.main     0x00001ae2      0x122 ./main.o
                0x00001ae2                main
 .text._ZN12XBeeResponseC2Ev
                0x00001c04        0x2 ./xbee-arduino-read-only/XBee.o
                0x00001c04                XBeeResponse::XBeeResponse()
 .text._ZN12XBeeResponseC1Ev
                0x00001c06        0x2 ./xbee-arduino-read-only/XBee.o
                0x00001c06                XBeeResponse::XBeeResponse()
 .text._ZN12XBeeResponse8getApiIdEv
                0x00001c08        0x6 ./xbee-arduino-read-only/XBee.o
                0x00001c08                XBeeResponse::getApiId()
 .text._ZN12XBeeResponse8setApiIdEh
                0x00001c0e        0x6 ./xbee-arduino-read-only/XBee.o
                0x00001c0e                XBeeResponse::setApiId(unsigned char)
 .text._ZN12XBeeResponse12getMsbLengthEv
                0x00001c14        0x6 ./xbee-arduino-read-only/XBee.o
                0x00001c14                XBeeResponse::getMsbLength()
 .text._ZN12XBeeResponse12setMsbLengthEh
                0x00001c1a        0x6 ./xbee-arduino-read-only/XBee.o
                0x00001c1a                XBeeResponse::setMsbLength(unsigned char)
 .text._ZN12XBeeResponse12getLsbLengthEv
                0x00001c20        0x6 ./xbee-arduino-read-only/XBee.o
                0x00001c20                XBeeResponse::getLsbLength()
 .text._ZN12XBeeResponse12setLsbLengthEh
                0x00001c26        0x6 ./xbee-arduino-read-only/XBee.o
                0x00001c26                XBeeResponse::setLsbLength(unsigned char)
 .text._ZN12XBeeResponse11getChecksumEv
                0x00001c2c        0x6 ./xbee-arduino-read-only/XBee.o
                0x00001c2c                XBeeResponse::getChecksum()
 .text._ZN12XBeeResponse11setChecksumEh
                0x00001c32        0x6 ./xbee-arduino-read-only/XBee.o
                0x00001c32                XBeeResponse::setChecksum(unsigned char)
 .text._ZN12XBeeResponse18getFrameDataLengthEv
                0x00001c38        0x6 ./xbee-arduino-read-only/XBee.o
                0x00001c38                XBeeResponse::getFrameDataLength()
 .text._ZN12XBeeResponse14setFrameLengthEh
                0x00001c3e        0x6 ./xbee-arduino-read-only/XBee.o
                0x00001c3e                XBeeResponse::setFrameLength(unsigned char)
 .text._ZN12XBeeResponse11isAvailableEv
                0x00001c44        0x6 ./xbee-arduino-read-only/XBee.o
                0x00001c44                XBeeResponse::isAvailable()
 .text._ZN12XBeeResponse12setAvailableEb
                0x00001c4a        0x6 ./xbee-arduino-read-only/XBee.o
                0x00001c4a                XBeeResponse::setAvailable(bool)
 .text._ZN12XBeeResponse7isErrorEv
                0x00001c50        0xa ./xbee-arduino-read-only/XBee.o
                0x00001c50                XBeeResponse::isError()
 .text._ZN12XBeeResponse12getErrorCodeEv
                0x00001c5a        0x6 ./xbee-arduino-read-only/XBee.o
                0x00001c5a                XBeeResponse::getErrorCode()
 .text._ZN12XBeeResponse12setErrorCodeEh
                0x00001c60        0x6 ./xbee-arduino-read-only/XBee.o
                0x00001c60                XBeeResponse::setErrorCode(unsigned char)
 .text._ZN12XBeeResponse9setCommonERS_
                0x00001c66       0x76 ./xbee-arduino-read-only/XBee.o
                0x00001c66                XBeeResponse::setCommon(XBeeResponse&)
 .text._ZN12ZBRxResponse13getDataOffsetEv
                0x00001cdc        0x4 ./xbee-arduino-read-only/XBee.o
                0x00001cdc                ZBRxResponse::getDataOffset()
 .text._ZN12ZBRxResponse18getRemoteAddress64Ev
                0x00001ce0        0xa ./xbee-arduino-read-only/XBee.o
                0x00001ce0                ZBRxResponse::getRemoteAddress64()
 .text._ZN12Rx64Response18getRemoteAddress64Ev
                0x00001cea        0xa ./xbee-arduino-read-only/XBee.o
                0x00001cea                Rx64Response::getRemoteAddress64()
 .text._ZN22RxIoSampleBaseResponse15getSampleOffsetEv
                0x00001cf4       0x16 ./xbee-arduino-read-only/XBee.o
                0x00001cf4                RxIoSampleBaseResponse::getSampleOffset()
 .text._ZN20Rx16IoSampleResponse13getRssiOffsetEv
                0x00001d0a        0x4 ./xbee-arduino-read-only/XBee.o
                0x00001d0a                Rx16IoSampleResponse::getRssiOffset()
 .text._ZN20Rx64IoSampleResponse18getRemoteAddress64Ev
                0x00001d0e        0xa ./xbee-arduino-read-only/XBee.o
                0x00001d0e                Rx64IoSampleResponse::getRemoteAddress64()
 .text._ZN20Rx64IoSampleResponse13getRssiOffsetEv
                0x00001d18        0x4 ./xbee-arduino-read-only/XBee.o
                0x00001d18                Rx64IoSampleResponse::getRssiOffset()
 .text._ZN10RxResponse13getDataOffsetEv
                0x00001d1c       0x16 ./xbee-arduino-read-only/XBee.o
                0x00001d1c                RxResponse::getDataOffset()
 .text._ZN12Rx16Response13getRssiOffsetEv
                0x00001d32        0x4 ./xbee-arduino-read-only/XBee.o
                0x00001d32                Rx16Response::getRssiOffset()
 .text._ZN12Rx64Response13getRssiOffsetEv
                0x00001d36        0x4 ./xbee-arduino-read-only/XBee.o
                0x00001d36                Rx64Response::getRssiOffset()
 .text._ZN23RemoteAtCommandResponse14getValueLengthEv
                0x00001d3a        0x8 ./xbee-arduino-read-only/XBee.o
                0x00001d3a                RemoteAtCommandResponse::getValueLength()
 .text._ZN23RemoteAtCommandResponse18getRemoteAddress64Ev
                0x00001d42        0xa ./xbee-arduino-read-only/XBee.o
                0x00001d42                RemoteAtCommandResponse::getRemoteAddress64()
 .text._ZN14RxDataResponseC2Ev
                0x00001d4c        0xc ./xbee-arduino-read-only/XBee.o
                0x00001d4c                RxDataResponse::RxDataResponse()
 .text._ZN10RxResponseC1Ev
                0x00001d58       0x1a ./xbee-arduino-read-only/XBee.o
                0x00001d58                RxResponse::RxResponse()
 .text._ZN10RxResponseC2Ev
                0x00001d72       0x1a ./xbee-arduino-read-only/XBee.o
                0x00001d72                RxResponse::RxResponse()
 .text._ZN22RxIoSampleBaseResponseC1Ev
                0x00001d8c       0x1a ./xbee-arduino-read-only/XBee.o
                0x00001d8c                RxIoSampleBaseResponse::RxIoSampleBaseResponse()
 .text._ZN22RxIoSampleBaseResponseC2Ev
                0x00001da6       0x1a ./xbee-arduino-read-only/XBee.o
                0x00001da6                RxIoSampleBaseResponse::RxIoSampleBaseResponse()
 .text._ZN20Rx16IoSampleResponseC1Ev
                0x00001dc0       0x1a ./xbee-arduino-read-only/XBee.o
                0x00001dc0                Rx16IoSampleResponse::Rx16IoSampleResponse()
 .text._ZN20Rx16IoSampleResponseC2Ev
                0x00001dda       0x1a ./xbee-arduino-read-only/XBee.o
                0x00001dda                Rx16IoSampleResponse::Rx16IoSampleResponse()
 .text._ZN12Rx16ResponseC1Ev
                0x00001df4       0x1a ./xbee-arduino-read-only/XBee.o
                0x00001df4                Rx16Response::Rx16Response()
 .text._ZN12Rx16ResponseC2Ev
                0x00001e0e       0x1a ./xbee-arduino-read-only/XBee.o
                0x00001e0e                Rx16Response::Rx16Response()
 .text._ZN14RxDataResponseC1Ev
                0x00001e28        0xc ./xbee-arduino-read-only/XBee.o
                0x00001e28                RxDataResponse::RxDataResponse()
 .text._ZN15FrameIdResponseC2Ev
                0x00001e34        0x2 ./xbee-arduino-read-only/XBee.o
                0x00001e34                FrameIdResponse::FrameIdResponse()
 .text._ZN16TxStatusResponseC1Ev
                0x00001e36        0x2 ./xbee-arduino-read-only/XBee.o
                0x00001e36                TxStatusResponse::TxStatusResponse()
 .text._ZN16TxStatusResponseC2Ev
                0x00001e38        0x2 ./xbee-arduino-read-only/XBee.o
                0x00001e38                TxStatusResponse::TxStatusResponse()
 .text._ZN18ZBTxStatusResponseC1Ev
                0x00001e3a        0x2 ./xbee-arduino-read-only/XBee.o
                0x00001e3a                ZBTxStatusResponse::ZBTxStatusResponse()
 .text._ZN18ZBTxStatusResponseC2Ev
                0x00001e3c        0x2 ./xbee-arduino-read-only/XBee.o
                0x00001e3c                ZBTxStatusResponse::ZBTxStatusResponse()
 .text._ZN15FrameIdResponseC1Ev
                0x00001e3e        0x2 ./xbee-arduino-read-only/XBee.o
                0x00001e3e                FrameIdResponse::FrameIdResponse()
 .text._ZN19ModemStatusResponseC2Ev
                0x00001e40        0x2 ./xbee-arduino-read-only/XBee.o
                0x00001e40                ModemStatusResponse::ModemStatusResponse()
 .text._ZN19ModemStatusResponseC1Ev
                0x00001e42        0x2 ./xbee-arduino-read-only/XBee.o
                0x00001e42                ModemStatusResponse::ModemStatusResponse()
 .text._ZN17AtCommandResponseC2Ev
                0x00001e44        0x2 ./xbee-arduino-read-only/XBee.o
                0x00001e44                AtCommandResponse::AtCommandResponse()
 .text._ZN17AtCommandResponseC1Ev
                0x00001e46        0x2 ./xbee-arduino-read-only/XBee.o
                0x00001e46                AtCommandResponse::AtCommandResponse()
 .text._ZN17AtCommandResponse14getValueLengthEv
                0x00001e48        0x8 ./xbee-arduino-read-only/XBee.o
                0x00001e48                AtCommandResponse::getValueLength()
 .text._ZN12XBeeResponse15getPacketLengthEv
                0x00001e50        0x8 ./xbee-arduino-read-only/XBee.o
                0x00001e50                XBeeResponse::getPacketLength()
 .text._ZN10RxResponse13getDataLengthEv
                0x00001e58       0x2e ./xbee-arduino-read-only/XBee.o
                0x00001e58                RxResponse::getDataLength()
 .text._ZN12ZBRxResponse13getDataLengthEv
                0x00001e86       0x2e ./xbee-arduino-read-only/XBee.o
                0x00001e86                ZBRxResponse::getDataLength()
 .text._ZN12XBeeResponse12getFrameDataEv
                0x00001eb4        0x8 ./xbee-arduino-read-only/XBee.o
                0x00001eb4                XBeeResponse::getFrameData()
 .text._ZN17AtCommandResponse8getValueEv
                0x00001ebc       0x28 ./xbee-arduino-read-only/XBee.o
                0x00001ebc                AtCommandResponse::getValue()
 .text._ZN17AtCommandResponse9getStatusEv
                0x00001ee4        0xa ./xbee-arduino-read-only/XBee.o
                0x00001ee4                AtCommandResponse::getStatus()
 .text._ZN17AtCommandResponse4isOkEv
                0x00001eee       0x10 ./xbee-arduino-read-only/XBee.o
                0x00001eee                AtCommandResponse::isOk()
 .text._ZN17AtCommandResponse10getCommandEv
                0x00001efe        0xe ./xbee-arduino-read-only/XBee.o
                0x00001efe                AtCommandResponse::getCommand()
 .text._ZN19ModemStatusResponse9getStatusEv
                0x00001f0c        0xa ./xbee-arduino-read-only/XBee.o
                0x00001f0c                ModemStatusResponse::getStatus()
 .text._ZN15FrameIdResponse10getFrameIdEv
                0x00001f16        0xa ./xbee-arduino-read-only/XBee.o
                0x00001f16                FrameIdResponse::getFrameId()
 .text._ZN14RxDataResponse7getDataEv
                0x00001f20       0x32 ./xbee-arduino-read-only/XBee.o
                0x00001f20                RxDataResponse::getData()
 .text._ZN14RxDataResponse7getDataEi
                0x00001f52       0x42 ./xbee-arduino-read-only/XBee.o
                0x00001f52                RxDataResponse::getData(int)
 .text._ZN23RemoteAtCommandResponse18getRemoteAddress16Ev
                0x00001f94       0x14 ./xbee-arduino-read-only/XBee.o
                0x00001f94                RemoteAtCommandResponse::getRemoteAddress16()
 .text._ZN23RemoteAtCommandResponse8getValueEv
                0x00001fa8       0x28 ./xbee-arduino-read-only/XBee.o
                0x00001fa8                RemoteAtCommandResponse::getValue()
 .text._ZN23RemoteAtCommandResponse9getStatusEv
                0x00001fd0        0xa ./xbee-arduino-read-only/XBee.o
                0x00001fd0                RemoteAtCommandResponse::getStatus()
 .text._ZN23RemoteAtCommandResponse4isOkEv
                0x00001fda       0x10 ./xbee-arduino-read-only/XBee.o
                0x00001fda                RemoteAtCommandResponse::isOk()
 .text._ZN23RemoteAtCommandResponse10getCommandEv
                0x00001fea        0xe ./xbee-arduino-read-only/XBee.o
                0x00001fea                RemoteAtCommandResponse::getCommand()
 .text._ZN10RxResponse9getOptionEv
                0x00001ff8       0x34 ./xbee-arduino-read-only/XBee.o
                0x00001ff8                RxResponse::getOption()
 .text._ZN10RxResponse14isPanBroadcastEv
                0x0000202c       0x12 ./xbee-arduino-read-only/XBee.o
                0x0000202c                RxResponse::isPanBroadcast()
 .text._ZN10RxResponse18isAddressBroadcastEv
                0x0000203e        0xe ./xbee-arduino-read-only/XBee.o
                0x0000203e                RxResponse::isAddressBroadcast()
 .text._ZN10RxResponse7getRssiEv
                0x0000204c       0x34 ./xbee-arduino-read-only/XBee.o
                0x0000204c                RxResponse::getRssi()
 .text._ZN16TxStatusResponse9getStatusEv
                0x00002080        0xa ./xbee-arduino-read-only/XBee.o
                0x00002080                TxStatusResponse::getStatus()
 .text._ZN16TxStatusResponse9isSuccessEv
                0x0000208a       0x10 ./xbee-arduino-read-only/XBee.o
                0x0000208a                TxStatusResponse::isSuccess()
 .text._ZN20Rx16IoSampleResponse18getRemoteAddress16Ev
                0x0000209a       0x16 ./xbee-arduino-read-only/XBee.o
                0x0000209a                Rx16IoSampleResponse::getRemoteAddress16()
 .text._ZN22RxIoSampleBaseResponse11isDigitalOnEhh
                0x000020b0       0x5a ./xbee-arduino-read-only/XBee.o
                0x000020b0                RxIoSampleBaseResponse::isDigitalOn(unsigned char, unsigned char)
 .text._ZN22RxIoSampleBaseResponse16isDigitalEnabledEh
                0x0000210a       0x5a ./xbee-arduino-read-only/XBee.o
                0x0000210a                RxIoSampleBaseResponse::isDigitalEnabled(unsigned char)
 .text._ZN22RxIoSampleBaseResponse15isAnalogEnabledEh
                0x00002164       0x4a ./xbee-arduino-read-only/XBee.o
                0x00002164                RxIoSampleBaseResponse::isAnalogEnabled(unsigned char)
 .text._ZN22RxIoSampleBaseResponse15containsDigitalEv
                0x000021ae       0x5a ./xbee-arduino-read-only/XBee.o
                0x000021ae                RxIoSampleBaseResponse::containsDigital()
 .text._ZN22RxIoSampleBaseResponse9getAnalogEhh
                0x00002208       0xe4 ./xbee-arduino-read-only/XBee.o
                0x00002208                RxIoSampleBaseResponse::getAnalog(unsigned char, unsigned char)
 .text._ZN22RxIoSampleBaseResponse14containsAnalogEv
                0x000022ec       0x34 ./xbee-arduino-read-only/XBee.o
                0x000022ec                RxIoSampleBaseResponse::containsAnalog()
 .text._ZN22RxIoSampleBaseResponse13getSampleSizeEv
                0x00002320       0x2a ./xbee-arduino-read-only/XBee.o
                0x00002320                RxIoSampleBaseResponse::getSampleSize()
 .text._ZN12Rx16Response18getRemoteAddress16Ev
                0x0000234a       0x16 ./xbee-arduino-read-only/XBee.o
                0x0000234a                Rx16Response::getRemoteAddress16()
 .text._ZN20ZBRxIoSampleResponse11isDigitalOnEh
                0x00002360       0x42 ./xbee-arduino-read-only/XBee.o
                0x00002360                ZBRxIoSampleResponse::isDigitalOn(unsigned char)
 .text._ZN20ZBRxIoSampleResponse13getAnalogMaskEv
                0x000023a2        0xe ./xbee-arduino-read-only/XBee.o
                0x000023a2                ZBRxIoSampleResponse::getAnalogMask()
 .text._ZN20ZBRxIoSampleResponse15isAnalogEnabledEh
                0x000023b0       0x1a ./xbee-arduino-read-only/XBee.o
                0x000023b0                ZBRxIoSampleResponse::isAnalogEnabled(unsigned char)
 .text._ZN20ZBRxIoSampleResponse14containsAnalogEv
                0x000023ca        0xa ./xbee-arduino-read-only/XBee.o
                0x000023ca                ZBRxIoSampleResponse::containsAnalog()
 .text._ZN20ZBRxIoSampleResponse17getDigitalMaskLsbEv
                0x000023d4        0xc ./xbee-arduino-read-only/XBee.o
                0x000023d4                ZBRxIoSampleResponse::getDigitalMaskLsb()
 .text._ZN20ZBRxIoSampleResponse17getDigitalMaskMsbEv
                0x000023e0        0xe ./xbee-arduino-read-only/XBee.o
                0x000023e0                ZBRxIoSampleResponse::getDigitalMaskMsb()
 .text._ZN20ZBRxIoSampleResponse16isDigitalEnabledEh
                0x000023ee       0x38 ./xbee-arduino-read-only/XBee.o
                0x000023ee                ZBRxIoSampleResponse::isDigitalEnabled(unsigned char)
 .text._ZN20ZBRxIoSampleResponse15containsDigitalEv
                0x00002426       0x1e ./xbee-arduino-read-only/XBee.o
                0x00002426                ZBRxIoSampleResponse::containsDigital()
 .text._ZN20ZBRxIoSampleResponse9getAnalogEh
                0x00002444       0x70 ./xbee-arduino-read-only/XBee.o
                0x00002444                ZBRxIoSampleResponse::getAnalog(unsigned char)
 .text._ZN12ZBRxResponse9getOptionEv
                0x000024b4        0xc ./xbee-arduino-read-only/XBee.o
                0x000024b4                ZBRxResponse::getOption()
 .text._ZN12ZBRxResponse18getRemoteAddress16Ev
                0x000024c0       0x16 ./xbee-arduino-read-only/XBee.o
                0x000024c0                ZBRxResponse::getRemoteAddress16()
 .text._ZN18ZBTxStatusResponse18getDiscoveryStatusEv
                0x000024d6        0xa ./xbee-arduino-read-only/XBee.o
                0x000024d6                ZBTxStatusResponse::getDiscoveryStatus()
 .text._ZN18ZBTxStatusResponse17getDeliveryStatusEv
                0x000024e0        0xa ./xbee-arduino-read-only/XBee.o
                0x000024e0                ZBTxStatusResponse::getDeliveryStatus()
 .text._ZN18ZBTxStatusResponse9isSuccessEv
                0x000024ea       0x10 ./xbee-arduino-read-only/XBee.o
                0x000024ea                ZBTxStatusResponse::isSuccess()
 .text._ZN18ZBTxStatusResponse15getTxRetryCountEv
                0x000024fa        0xa ./xbee-arduino-read-only/XBee.o
                0x000024fa                ZBTxStatusResponse::getTxRetryCount()
 .text._ZN18ZBTxStatusResponse16getRemoteAddressEv
                0x00002504       0x14 ./xbee-arduino-read-only/XBee.o
                0x00002504                ZBTxStatusResponse::getRemoteAddress()
 .text._ZN12XBeeResponse12setFrameDataEPh
                0x00002518        0x8 ./xbee-arduino-read-only/XBee.o
                0x00002518                XBeeResponse::setFrameData(unsigned char*)
 .text._ZN12XBeeResponse20getAtCommandResponseERS_
                0x00002520       0x2a ./xbee-arduino-read-only/XBee.o
                0x00002520                XBeeResponse::getAtCommandResponse(XBeeResponse&)
 .text._ZN12XBeeResponse22getModemStatusResponseERS_
                0x0000254a       0x2a ./xbee-arduino-read-only/XBee.o
                0x0000254a                XBeeResponse::getModemStatusResponse(XBeeResponse&)
 .text._ZN12XBeeResponse15getRx16ResponseERS_
                0x00002574       0x2a ./xbee-arduino-read-only/XBee.o
                0x00002574                XBeeResponse::getRx16Response(XBeeResponse&)
 .text._ZN12XBeeResponse19getTxStatusResponseERS_
                0x0000259e       0x2a ./xbee-arduino-read-only/XBee.o
                0x0000259e                XBeeResponse::getTxStatusResponse(XBeeResponse&)
 .text._ZN12XBeeResponse23getRx16IoSampleResponseERS_
                0x000025c8       0x2a ./xbee-arduino-read-only/XBee.o
                0x000025c8                XBeeResponse::getRx16IoSampleResponse(XBeeResponse&)
 .text._ZN12XBeeResponse21getZBTxStatusResponseERS_
                0x000025f2       0x2a ./xbee-arduino-read-only/XBee.o
                0x000025f2                XBeeResponse::getZBTxStatusResponse(XBeeResponse&)
 .text._ZN12XBeeResponse4initEv
                0x0000261c        0xa ./xbee-arduino-read-only/XBee.o
                0x0000261c                XBeeResponse::init()
 .text._ZN12XBeeResponse5resetEv
                0x00002626       0x40 ./xbee-arduino-read-only/XBee.o
                0x00002626                XBeeResponse::reset()
 .text._ZN4XBee13resetResponseEv
                0x00002666        0xc ./xbee-arduino-read-only/XBee.o
                0x00002666                XBee::resetResponse()
 .text._ZN4XBeeC2Ev
                0x00002672       0x32 ./xbee-arduino-read-only/XBee.o
                0x00002672                XBee::XBee()
 .text._ZN4XBeeC1Ev
                0x000026a4       0x32 ./xbee-arduino-read-only/XBee.o
                0x000026a4                XBee::XBee()
 .text._ZN4XBee14getNextFrameIdEv
                0x000026d6       0x14 ./xbee-arduino-read-only/XBee.o
                0x000026d6                XBee::getNextFrameId()
 .text._ZN4XBee9availableEv
                0x000026ea       0x26 ./xbee-arduino-read-only/XBee.o
                0x000026ea                XBee::available()
 .text._ZN4XBee4readEv
                0x00002710       0x1c ./xbee-arduino-read-only/XBee.o
                0x00002710                XBee::read()
 .text._ZN4XBee5flushEv
                0x0000272c       0x1c ./xbee-arduino-read-only/XBee.o
                0x0000272c                XBee::flush()
 .text._ZN4XBee9setSerialER14HardwareSerial
                0x00002748        0xe ./xbee-arduino-read-only/XBee.o
                0x00002748                XBee::setSerial(HardwareSerial&)
 .text._ZN4XBee11getResponseEv
                0x00002756        0x2 ./xbee-arduino-read-only/XBee.o
                0x00002756                XBee::getResponse()
 .text._ZN4XBee11getResponseER12XBeeResponse
                0x00002758       0x64 ./xbee-arduino-read-only/XBee.o
                0x00002758                XBee::getResponse(XBeeResponse&)
 .text._ZN4XBee10readPacketEv
                0x000027bc      0x172 ./xbee-arduino-read-only/XBee.o
                0x000027bc                XBee::readPacket()
 .text._ZN4XBee24readPacketUntilAvailableEv
                0x0000292e       0x36 ./xbee-arduino-read-only/XBee.o
                0x0000292e                XBee::readPacketUntilAvailable()
 .text._ZN11XBeeRequestC2Ehh
                0x00002964       0x10 ./xbee-arduino-read-only/XBee.o
                0x00002964                XBeeRequest::XBeeRequest(unsigned char, unsigned char)
 .text._ZN11XBeeRequestC1Ehh
                0x00002974       0x10 ./xbee-arduino-read-only/XBee.o
                0x00002974                XBeeRequest::XBeeRequest(unsigned char, unsigned char)
 .text._ZN11XBeeRequest10setFrameIdEh
                0x00002984        0x6 ./xbee-arduino-read-only/XBee.o
                0x00002984                XBeeRequest::setFrameId(unsigned char)
 .text._ZN11XBeeRequest10getFrameIdEv
                0x0000298a        0x6 ./xbee-arduino-read-only/XBee.o
                0x0000298a                XBeeRequest::getFrameId()
 .text._ZN11XBeeRequest8getApiIdEv
                0x00002990        0x6 ./xbee-arduino-read-only/XBee.o
                0x00002990                XBeeRequest::getApiId()
 .text._ZN11XBeeRequest8setApiIdEh
                0x00002996        0x6 ./xbee-arduino-read-only/XBee.o
                0x00002996                XBeeRequest::setApiId(unsigned char)
 .text._ZN14PayloadRequestC2EhhPhh
                0x0000299c       0x2e ./xbee-arduino-read-only/XBee.o
                0x0000299c                PayloadRequest::PayloadRequest(unsigned char, unsigned char, unsigned char*, unsigned char)
 .text._ZN14PayloadRequestC1EhhPhh
                0x000029ca       0x2e ./xbee-arduino-read-only/XBee.o
                0x000029ca                PayloadRequest::PayloadRequest(unsigned char, unsigned char, unsigned char*, unsigned char)
 .text._ZN14PayloadRequest10getPayloadEv
                0x000029f8        0x8 ./xbee-arduino-read-only/XBee.o
                0x000029f8                PayloadRequest::getPayload()
 .text._ZN14PayloadRequest10setPayloadEPh
                0x00002a00        0x8 ./xbee-arduino-read-only/XBee.o
                0x00002a00                PayloadRequest::setPayload(unsigned char*)
 .text._ZN14PayloadRequest16getPayloadLengthEv
                0x00002a08        0x6 ./xbee-arduino-read-only/XBee.o
                0x00002a08                PayloadRequest::getPayloadLength()
 .text._ZN14PayloadRequest16setPayloadLengthEh
                0x00002a0e        0x6 ./xbee-arduino-read-only/XBee.o
                0x00002a0e                PayloadRequest::setPayloadLength(unsigned char)
 .text._ZN11XBeeAddressC2Ev
                0x00002a14        0x2 ./xbee-arduino-read-only/XBee.o
                0x00002a14                XBeeAddress::XBeeAddress()
 .text._ZN11XBeeAddressC1Ev
                0x00002a16        0x2 ./xbee-arduino-read-only/XBee.o
                0x00002a16                XBeeAddress::XBeeAddress()
 .text._ZN13XBeeAddress64C2Ev
                0x00002a18        0x2 ./xbee-arduino-read-only/XBee.o
                0x00002a18                XBeeAddress64::XBeeAddress64()
 .text._ZN13XBeeAddress64C1Ev
                0x00002a1a        0x2 ./xbee-arduino-read-only/XBee.o
                0x00002a1a                XBeeAddress64::XBeeAddress64()
 .text._ZN23RemoteAtCommandResponseC1Ev
                0x00002a1c        0x2 ./xbee-arduino-read-only/XBee.o
                0x00002a1c                RemoteAtCommandResponse::RemoteAtCommandResponse()
 .text._ZN23RemoteAtCommandResponseC2Ev
                0x00002a1e        0x2 ./xbee-arduino-read-only/XBee.o
                0x00002a1e                RemoteAtCommandResponse::RemoteAtCommandResponse()
 .text._ZN20Rx64IoSampleResponseC1Ev
                0x00002a20       0x50 ./xbee-arduino-read-only/XBee.o
                0x00002a20                Rx64IoSampleResponse::Rx64IoSampleResponse()
 .text._ZN20Rx64IoSampleResponseC2Ev
                0x00002a70       0x50 ./xbee-arduino-read-only/XBee.o
                0x00002a70                Rx64IoSampleResponse::Rx64IoSampleResponse()
 .text._ZN12Rx64ResponseC1Ev
                0x00002ac0       0x50 ./xbee-arduino-read-only/XBee.o
                0x00002ac0                Rx64Response::Rx64Response()
 .text._ZN12Rx64ResponseC2Ev
                0x00002b10       0x50 ./xbee-arduino-read-only/XBee.o
                0x00002b10                Rx64Response::Rx64Response()
 .text._ZN12ZBRxResponseC1Ev
                0x00002b60       0x50 ./xbee-arduino-read-only/XBee.o
                0x00002b60                ZBRxResponse::ZBRxResponse()
 .text._ZN12ZBRxResponseC2Ev
                0x00002bb0       0x50 ./xbee-arduino-read-only/XBee.o
                0x00002bb0                ZBRxResponse::ZBRxResponse()
 .text._ZN20ZBRxIoSampleResponseC1Ev
                0x00002c00       0x1a ./xbee-arduino-read-only/XBee.o
                0x00002c00                ZBRxIoSampleResponse::ZBRxIoSampleResponse()
 .text._ZN20ZBRxIoSampleResponseC2Ev
                0x00002c1a       0x1a ./xbee-arduino-read-only/XBee.o
                0x00002c1a                ZBRxIoSampleResponse::ZBRxIoSampleResponse()
 .text._ZN13XBeeAddress64C2Emm
                0x00002c34       0x1c ./xbee-arduino-read-only/XBee.o
                0x00002c34                XBeeAddress64::XBeeAddress64(unsigned long, unsigned long)
 .text._ZN13XBeeAddress64C1Emm
                0x00002c50       0x1c ./xbee-arduino-read-only/XBee.o
                0x00002c50                XBeeAddress64::XBeeAddress64(unsigned long, unsigned long)
 .text._ZN13XBeeAddress646getMsbEv
                0x00002c6c        0xc ./xbee-arduino-read-only/XBee.o
                0x00002c6c                XBeeAddress64::getMsb()
 .text._ZN13XBeeAddress646setMsbEm
                0x00002c78        0xc ./xbee-arduino-read-only/XBee.o
                0x00002c78                XBeeAddress64::setMsb(unsigned long)
 .text._ZN13XBeeAddress646getLsbEv
                0x00002c84        0xc ./xbee-arduino-read-only/XBee.o
                0x00002c84                XBeeAddress64::getLsb()
 .text._ZN13XBeeAddress646setLsbEm
                0x00002c90        0xc ./xbee-arduino-read-only/XBee.o
                0x00002c90                XBeeAddress64::setLsb(unsigned long)
 .text._ZN12XBeeResponse26getRemoteAtCommandResponseERS_
                0x00002c9c       0xd6 ./xbee-arduino-read-only/XBee.o
                0x00002c9c                XBeeResponse::getRemoteAtCommandResponse(XBeeResponse&)
 .text._ZN12XBeeResponse15getRx64ResponseERS_
                0x00002d72       0xd2 ./xbee-arduino-read-only/XBee.o
                0x00002d72                XBeeResponse::getRx64Response(XBeeResponse&)
 .text._ZN12XBeeResponse23getRx64IoSampleResponseERS_
                0x00002e44       0xd2 ./xbee-arduino-read-only/XBee.o
                0x00002e44                XBeeResponse::getRx64IoSampleResponse(XBeeResponse&)
 .text._ZN12XBeeResponse23getZBRxIoSampleResponseERS_
                0x00002f16       0xd2 ./xbee-arduino-read-only/XBee.o
                0x00002f16                XBeeResponse::getZBRxIoSampleResponse(XBeeResponse&)
 .text._ZN12XBeeResponse15getZBRxResponseERS_
                0x00002fe8       0xd2 ./xbee-arduino-read-only/XBee.o
                0x00002fe8                XBeeResponse::getZBRxResponse(XBeeResponse&)
 .text._ZN11ZBTxRequestC2Ev
                0x000030ba       0x28 ./xbee-arduino-read-only/XBee.o
                0x000030ba                ZBTxRequest::ZBTxRequest()
 .text._ZN11ZBTxRequestC1Ev
                0x000030e2       0x28 ./xbee-arduino-read-only/XBee.o
                0x000030e2                ZBTxRequest::ZBTxRequest()
 .text._ZN11ZBTxRequestC2ER13XBeeAddress64jhhPhhh
                0x0000310a       0x74 ./xbee-arduino-read-only/XBee.o
                0x0000310a                ZBTxRequest::ZBTxRequest(XBeeAddress64&, unsigned int, unsigned char, unsigned char, unsigned char*, unsigned char, unsigned char)
 .text._ZN11ZBTxRequestC1ER13XBeeAddress64jhhPhhh
                0x0000317e       0x74 ./xbee-arduino-read-only/XBee.o
                0x0000317e                ZBTxRequest::ZBTxRequest(XBeeAddress64&, unsigned int, unsigned char, unsigned char, unsigned char*, unsigned char, unsigned char)
 .text._ZN11ZBTxRequestC2ER13XBeeAddress64Phh
                0x000031f2       0x54 ./xbee-arduino-read-only/XBee.o
                0x000031f2                ZBTxRequest::ZBTxRequest(XBeeAddress64&, unsigned char*, unsigned char)
 .text._ZN11ZBTxRequestC1ER13XBeeAddress64Phh
                0x00003246       0x54 ./xbee-arduino-read-only/XBee.o
                0x00003246                ZBTxRequest::ZBTxRequest(XBeeAddress64&, unsigned char*, unsigned char)
 .text._ZN11ZBTxRequest12getFrameDataEh
                0x0000329a       0xb0 ./xbee-arduino-read-only/XBee.o
                0x0000329a                ZBTxRequest::getFrameData(unsigned char)
 .text._ZN11ZBTxRequest18getFrameDataLengthEv
                0x0000334a        0x8 ./xbee-arduino-read-only/XBee.o
                0x0000334a                ZBTxRequest::getFrameDataLength()
 .text._ZN11ZBTxRequest12getAddress64Ev
                0x00003352        0xa ./xbee-arduino-read-only/XBee.o
                0x00003352                ZBTxRequest::getAddress64()
 .text._ZN11ZBTxRequest12getAddress16Ev
                0x0000335c        0x8 ./xbee-arduino-read-only/XBee.o
                0x0000335c                ZBTxRequest::getAddress16()
 .text._ZN11ZBTxRequest18getBroadcastRadiusEv
                0x00003364        0x6 ./xbee-arduino-read-only/XBee.o
                0x00003364                ZBTxRequest::getBroadcastRadius()
 .text._ZN11ZBTxRequest9getOptionEv
                0x0000336a        0x6 ./xbee-arduino-read-only/XBee.o
                0x0000336a                ZBTxRequest::getOption()
 .text._ZN11ZBTxRequest12setAddress64ER13XBeeAddress64
                0x00003370       0x12 ./xbee-arduino-read-only/XBee.o
                0x00003370                ZBTxRequest::setAddress64(XBeeAddress64&)
 .text._ZN11ZBTxRequest12setAddress16Ej
                0x00003382        0x8 ./xbee-arduino-read-only/XBee.o
                0x00003382                ZBTxRequest::setAddress16(unsigned int)
 .text._ZN11ZBTxRequest18setBroadcastRadiusEh
                0x0000338a        0x6 ./xbee-arduino-read-only/XBee.o
                0x0000338a                ZBTxRequest::setBroadcastRadius(unsigned char)
 .text._ZN11ZBTxRequest9setOptionEh
                0x00003390        0x6 ./xbee-arduino-read-only/XBee.o
                0x00003390                ZBTxRequest::setOption(unsigned char)
 .text._ZN11Tx16RequestC2Ev
                0x00003396       0x28 ./xbee-arduino-read-only/XBee.o
                0x00003396                Tx16Request::Tx16Request()
 .text._ZN11Tx16RequestC1Ev
                0x000033be       0x28 ./xbee-arduino-read-only/XBee.o
                0x000033be                Tx16Request::Tx16Request()
 .text._ZN11Tx16RequestC2EjhPhhh
                0x000033e6       0x3c ./xbee-arduino-read-only/XBee.o
                0x000033e6                Tx16Request::Tx16Request(unsigned int, unsigned char, unsigned char*, unsigned char, unsigned char)
 .text._ZN11Tx16RequestC1EjhPhhh
                0x00003422       0x3c ./xbee-arduino-read-only/XBee.o
                0x00003422                Tx16Request::Tx16Request(unsigned int, unsigned char, unsigned char*, unsigned char, unsigned char)
 .text._ZN11Tx16RequestC2EjPhh
                0x0000345e       0x38 ./xbee-arduino-read-only/XBee.o
                0x0000345e                Tx16Request::Tx16Request(unsigned int, unsigned char*, unsigned char)
 .text._ZN11Tx16RequestC1EjPhh
                0x00003496       0x38 ./xbee-arduino-read-only/XBee.o
                0x00003496                Tx16Request::Tx16Request(unsigned int, unsigned char*, unsigned char)
 .text._ZN11Tx16Request12getFrameDataEh
                0x000034ce       0x30 ./xbee-arduino-read-only/XBee.o
                0x000034ce                Tx16Request::getFrameData(unsigned char)
 .text._ZN11Tx16Request18getFrameDataLengthEv
                0x000034fe        0x8 ./xbee-arduino-read-only/XBee.o
                0x000034fe                Tx16Request::getFrameDataLength()
 .text._ZN11Tx16Request12getAddress16Ev
                0x00003506        0x8 ./xbee-arduino-read-only/XBee.o
                0x00003506                Tx16Request::getAddress16()
 .text._ZN11Tx16Request12setAddress16Ej
                0x0000350e        0x8 ./xbee-arduino-read-only/XBee.o
                0x0000350e                Tx16Request::setAddress16(unsigned int)
 .text._ZN11Tx16Request9getOptionEv
                0x00003516        0x6 ./xbee-arduino-read-only/XBee.o
                0x00003516                Tx16Request::getOption()
 .text._ZN11Tx16Request9setOptionEh
                0x0000351c        0x6 ./xbee-arduino-read-only/XBee.o
                0x0000351c                Tx16Request::setOption(unsigned char)
 .text._ZN11Tx64RequestC2Ev
                0x00003522       0x28 ./xbee-arduino-read-only/XBee.o
                0x00003522                Tx64Request::Tx64Request()
 .text._ZN11Tx64RequestC1Ev
                0x0000354a       0x28 ./xbee-arduino-read-only/XBee.o
                0x0000354a                Tx64Request::Tx64Request()
 .text._ZN11Tx64RequestC2ER13XBeeAddress64hPhhh
                0x00003572       0x4e ./xbee-arduino-read-only/XBee.o
                0x00003572                Tx64Request::Tx64Request(XBeeAddress64&, unsigned char, unsigned char*, unsigned char, unsigned char)
 .text._ZN11Tx64RequestC1ER13XBeeAddress64hPhhh
                0x000035c0       0x4e ./xbee-arduino-read-only/XBee.o
                0x000035c0                Tx64Request::Tx64Request(XBeeAddress64&, unsigned char, unsigned char*, unsigned char, unsigned char)
 .text._ZN11Tx64RequestC2ER13XBeeAddress64Phh
                0x0000360e       0x4a ./xbee-arduino-read-only/XBee.o
                0x0000360e                Tx64Request::Tx64Request(XBeeAddress64&, unsigned char*, unsigned char)
 .text._ZN11Tx64RequestC1ER13XBeeAddress64Phh
                0x00003658       0x4a ./xbee-arduino-read-only/XBee.o
                0x00003658                Tx64Request::Tx64Request(XBeeAddress64&, unsigned char*, unsigned char)
 .text._ZN11Tx64Request12getFrameDataEh
                0x000036a2       0x98 ./xbee-arduino-read-only/XBee.o
                0x000036a2                Tx64Request::getFrameData(unsigned char)
 .text._ZN11Tx64Request18getFrameDataLengthEv
                0x0000373a        0x8 ./xbee-arduino-read-only/XBee.o
                0x0000373a                Tx64Request::getFrameDataLength()
 .text._ZN11Tx64Request12getAddress64Ev
                0x00003742        0xa ./xbee-arduino-read-only/XBee.o
                0x00003742                Tx64Request::getAddress64()
 .text._ZN11Tx64Request12setAddress64ER13XBeeAddress64
                0x0000374c       0x12 ./xbee-arduino-read-only/XBee.o
                0x0000374c                Tx64Request::setAddress64(XBeeAddress64&)
 .text._ZN11Tx64Request9getOptionEv
                0x0000375e        0x6 ./xbee-arduino-read-only/XBee.o
                0x0000375e                Tx64Request::getOption()
 .text._ZN11Tx64Request9setOptionEh
                0x00003764        0x6 ./xbee-arduino-read-only/XBee.o
                0x00003764                Tx64Request::setOption(unsigned char)
 .text._ZN16AtCommandRequestC2EPhS0_h
                0x0000376a       0x42 ./xbee-arduino-read-only/XBee.o
                0x0000376a                AtCommandRequest::AtCommandRequest(unsigned char*, unsigned char*, unsigned char)
 .text._ZN16AtCommandRequestC1EPhS0_h
                0x000037ac       0x42 ./xbee-arduino-read-only/XBee.o
                0x000037ac                AtCommandRequest::AtCommandRequest(unsigned char*, unsigned char*, unsigned char)
 .text._ZN16AtCommandRequest10getCommandEv
                0x000037ee        0x8 ./xbee-arduino-read-only/XBee.o
                0x000037ee                AtCommandRequest::getCommand()
 .text._ZN16AtCommandRequest15getCommandValueEv
                0x000037f6        0x8 ./xbee-arduino-read-only/XBee.o
                0x000037f6                AtCommandRequest::getCommandValue()
 .text._ZN16AtCommandRequest21getCommandValueLengthEv
                0x000037fe        0x6 ./xbee-arduino-read-only/XBee.o
                0x000037fe                AtCommandRequest::getCommandValueLength()
 .text._ZN16AtCommandRequest10setCommandEPh
                0x00003804        0x8 ./xbee-arduino-read-only/XBee.o
                0x00003804                AtCommandRequest::setCommand(unsigned char*)
 .text._ZN16AtCommandRequest15setCommandValueEPh
                0x0000380c        0x8 ./xbee-arduino-read-only/XBee.o
                0x0000380c                AtCommandRequest::setCommandValue(unsigned char*)
 .text._ZN16AtCommandRequest21setCommandValueLengthEh
                0x00003814        0x6 ./xbee-arduino-read-only/XBee.o
                0x00003814                AtCommandRequest::setCommandValueLength(unsigned char)
 .text._ZN16AtCommandRequest12getFrameDataEh
                0x0000381a       0x2e ./xbee-arduino-read-only/XBee.o
                0x0000381a                AtCommandRequest::getFrameData(unsigned char)
 .text._ZN16AtCommandRequest17clearCommandValueEv
                0x00003848        0xa ./xbee-arduino-read-only/XBee.o
                0x00003848                AtCommandRequest::clearCommandValue()
 .text._ZN16AtCommandRequestC1EPh
                0x00003852       0x32 ./xbee-arduino-read-only/XBee.o
                0x00003852                AtCommandRequest::AtCommandRequest(unsigned char*)
 .text._ZN16AtCommandRequestC2EPh
                0x00003884       0x32 ./xbee-arduino-read-only/XBee.o
                0x00003884                AtCommandRequest::AtCommandRequest(unsigned char*)
 .text._ZN16AtCommandRequestC1Ev
                0x000038b6       0x28 ./xbee-arduino-read-only/XBee.o
                0x000038b6                AtCommandRequest::AtCommandRequest()
 .text._ZN16AtCommandRequestC2Ev
                0x000038de       0x28 ./xbee-arduino-read-only/XBee.o
                0x000038de                AtCommandRequest::AtCommandRequest()
 .text._ZN16AtCommandRequest18getFrameDataLengthEv
                0x00003906        0x8 ./xbee-arduino-read-only/XBee.o
                0x00003906                AtCommandRequest::getFrameDataLength()
 .text._ZN22RemoteAtCommandRequestC2Ev
                0x0000390e       0x32 ./xbee-arduino-read-only/XBee.o
                0x0000390e                RemoteAtCommandRequest::RemoteAtCommandRequest()
 .text._ZN22RemoteAtCommandRequestC1Ev
                0x00003940       0x32 ./xbee-arduino-read-only/XBee.o
                0x00003940                RemoteAtCommandRequest::RemoteAtCommandRequest()
 .text._ZN22RemoteAtCommandRequestC2EjPhS0_h
                0x00003972       0x4e ./xbee-arduino-read-only/XBee.o
                0x00003972                RemoteAtCommandRequest::RemoteAtCommandRequest(unsigned int, unsigned char*, unsigned char*, unsigned char)
 .text._ZN22RemoteAtCommandRequestC1EjPhS0_h
                0x000039c0       0x4e ./xbee-arduino-read-only/XBee.o
                0x000039c0                RemoteAtCommandRequest::RemoteAtCommandRequest(unsigned int, unsigned char*, unsigned char*, unsigned char)
 .text._ZN22RemoteAtCommandRequestC2EjPh
                0x00003a0e       0x4a ./xbee-arduino-read-only/XBee.o
                0x00003a0e                RemoteAtCommandRequest::RemoteAtCommandRequest(unsigned int, unsigned char*)
 .text._ZN22RemoteAtCommandRequestC1EjPh
                0x00003a58       0x4a ./xbee-arduino-read-only/XBee.o
                0x00003a58                RemoteAtCommandRequest::RemoteAtCommandRequest(unsigned int, unsigned char*)
 .text._ZN22RemoteAtCommandRequestC2ER13XBeeAddress64PhS2_h
                0x00003aa2       0x58 ./xbee-arduino-read-only/XBee.o
                0x00003aa2                RemoteAtCommandRequest::RemoteAtCommandRequest(XBeeAddress64&, unsigned char*, unsigned char*, unsigned char)
 .text._ZN22RemoteAtCommandRequestC1ER13XBeeAddress64PhS2_h
                0x00003afa       0x58 ./xbee-arduino-read-only/XBee.o
                0x00003afa                RemoteAtCommandRequest::RemoteAtCommandRequest(XBeeAddress64&, unsigned char*, unsigned char*, unsigned char)
 .text._ZN22RemoteAtCommandRequestC2ER13XBeeAddress64Ph
                0x00003b52       0x54 ./xbee-arduino-read-only/XBee.o
                0x00003b52                RemoteAtCommandRequest::RemoteAtCommandRequest(XBeeAddress64&, unsigned char*)
 .text._ZN22RemoteAtCommandRequestC1ER13XBeeAddress64Ph
                0x00003ba6       0x54 ./xbee-arduino-read-only/XBee.o
                0x00003ba6                RemoteAtCommandRequest::RemoteAtCommandRequest(XBeeAddress64&, unsigned char*)
 .text._ZN22RemoteAtCommandRequest18getRemoteAddress16Ev
                0x00003bfa        0x8 ./xbee-arduino-read-only/XBee.o
                0x00003bfa                RemoteAtCommandRequest::getRemoteAddress16()
 .text._ZN22RemoteAtCommandRequest18setRemoteAddress16Ej
                0x00003c02        0x8 ./xbee-arduino-read-only/XBee.o
                0x00003c02                RemoteAtCommandRequest::setRemoteAddress16(unsigned int)
 .text._ZN22RemoteAtCommandRequest18getRemoteAddress64Ev
                0x00003c0a        0xa ./xbee-arduino-read-only/XBee.o
                0x00003c0a                RemoteAtCommandRequest::getRemoteAddress64()
 .text._ZN22RemoteAtCommandRequest18setRemoteAddress64ER13XBeeAddress64
                0x00003c14       0x12 ./xbee-arduino-read-only/XBee.o
                0x00003c14                RemoteAtCommandRequest::setRemoteAddress64(XBeeAddress64&)
 .text._ZN22RemoteAtCommandRequest15getApplyChangesEv
                0x00003c26        0x6 ./xbee-arduino-read-only/XBee.o
                0x00003c26                RemoteAtCommandRequest::getApplyChanges()
 .text._ZN22RemoteAtCommandRequest15setApplyChangesEb
                0x00003c2c        0x6 ./xbee-arduino-read-only/XBee.o
                0x00003c2c                RemoteAtCommandRequest::setApplyChanges(bool)
 .text._ZN22RemoteAtCommandRequest12getFrameDataEh
                0x00003c32       0xcc ./xbee-arduino-read-only/XBee.o
                0x00003c32                RemoteAtCommandRequest::getFrameData(unsigned char)
 .text._ZN22RemoteAtCommandRequest18getFrameDataLengthEv
                0x00003cfe        0x8 ./xbee-arduino-read-only/XBee.o
                0x00003cfe                RemoteAtCommandRequest::getFrameDataLength()
 .text._GLOBAL__I__ZN12XBeeResponseC2Ev
                0x00003d06       0x22 ./xbee-arduino-read-only/XBee.o
 .text._ZN4XBee10readPacketEi
                0x00003d28       0x70 ./xbee-arduino-read-only/XBee.o
                0x00003d28                XBee::readPacket(int)
 .text._ZN4XBee5printEh
                0x00003d98       0x14 ./xbee-arduino-read-only/XBee.o
                0x00003d98                XBee::print(unsigned char)
 .text._ZN4XBee8sendByteEhb
                0x00003dac       0x3e ./xbee-arduino-read-only/XBee.o
                0x00003dac                XBee::sendByte(unsigned char, bool)
 .text._ZN4XBee4sendER11XBeeRequest
                0x00003dea       0xf0 ./xbee-arduino-read-only/XBee.o
                0x00003dea                XBee::send(XBeeRequest&)
 .text._ZN4XBee5beginEl
                0x00003eda       0x10 ./xbee-arduino-read-only/XBee.o
                0x00003eda                XBee::begin(long)
 .text._ZN8xbeeSRstC2Ev
                0x00003eea       0x18 ./XbeeLib/xbeeSendRseries2/xbeeSRst.o
                0x00003eea                xbeeSRst::xbeeSRst()
 .text._ZN8xbeeSRstC1Ev
                0x00003f02       0x18 ./XbeeLib/xbeeSendRseries2/xbeeSRst.o
                0x00003f02                xbeeSRst::xbeeSRst()
 .text._ZN8xbeeSRst8sendDataEPhiPli
                0x00003f1a      0x198 ./XbeeLib/xbeeSendRseries2/xbeeSRst.o
                0x00003f1a                xbeeSRst::sendData(unsigned char*, int, long*, int)
 .text._ZN8xbeeSRst7getDataEPhi
                0x000040b2      0x34a ./XbeeLib/xbeeSendRseries2/xbeeSRst.o
                0x000040b2                xbeeSRst::getData(unsigned char*, int)
 .text._ZN8xbeeSRst11getDataAutoEi
                0x000043fc      0x382 ./XbeeLib/xbeeSendRseries2/xbeeSRst.o
                0x000043fc                xbeeSRst::getDataAuto(int)
 .text._ZN8xbeeSRsoC2Ev
                0x0000477e       0x18 ./XbeeLib/xbeeSendRseries1/xbeeSRso.o
                0x0000477e                xbeeSRso::xbeeSRso()
 .text._ZN8xbeeSRsoC1Ev
                0x00004796       0x18 ./XbeeLib/xbeeSendRseries1/xbeeSRso.o
                0x00004796                xbeeSRso::xbeeSRso()
 .text._ZN8xbeeSRso10sendData16EPhii
                0x000047ae      0x108 ./XbeeLib/xbeeSendRseries1/xbeeSRso.o
                0x000047ae                xbeeSRso::sendData16(unsigned char*, int, int)
 .text._ZN8xbeeSRso10sendData64EPhiPl
                0x000048b6      0x14c ./XbeeLib/xbeeSendRseries1/xbeeSRso.o
                0x000048b6                xbeeSRso::sendData64(unsigned char*, int, long*)
 .text._ZN8xbeeSRso11getDataAutoEi
                0x00004a02      0x3c4 ./XbeeLib/xbeeSendRseries1/xbeeSRso.o
                0x00004a02                xbeeSRso::getDataAuto(int)
 .text._ZN6xbeeSTC2Ev
                0x00004dc6       0x54 ./XbeeLib/xbeeLibrary/xbeeLib.o
                0x00004dc6                xbeeST::xbeeST()
 .text._ZN6xbeeSTC1Ev
                0x00004e1a       0x54 ./XbeeLib/xbeeLibrary/xbeeLib.o
                0x00004e1a                xbeeST::xbeeST()
 .text._ZN6xbeeST17getSensorReadingsEPh
                0x00004e6e      0x324 ./XbeeLib/xbeeLibrary/xbeeLib.o
                0x00004e6e                xbeeST::getSensorReadings(unsigned char*)
 .text._ZN6xbeeST7getDataEPhi
                0x00005192      0x350 ./XbeeLib/xbeeLibrary/xbeeLib.o
                0x00005192                xbeeST::getData(unsigned char*, int)
 .text._ZN6xbeeST16getATCommandDataEi
                0x000054e2      0x420 ./XbeeLib/xbeeLibrary/xbeeLib.o
                0x000054e2                xbeeST::getATCommandData(int)
 .text._ZN6xbeeST21getLocalATCommandDataEi
                0x00005902      0x2f6 ./XbeeLib/xbeeLibrary/xbeeLib.o
                0x00005902                xbeeST::getLocalATCommandData(int)
 .text._ZN6xbeeST11getDataAutoEi
                0x00005bf8      0x382 ./XbeeLib/xbeeLibrary/xbeeLib.o
                0x00005bf8                xbeeST::getDataAuto(int)
 .text._ZN6xbeeST8sendDataEPhiPli
                0x00005f7a      0x198 ./XbeeLib/xbeeLibrary/xbeeLib.o
                0x00005f7a                xbeeST::sendData(unsigned char*, int, long*, int)
 .text._ZN6xbeeST13sendAtCommandEPlPci
                0x00006112      0x196 ./XbeeLib/xbeeLibrary/xbeeLib.o
                0x00006112                xbeeST::sendAtCommand(long*, char*, int)
 .text._ZN6xbeeST24sendAtCommandWithOptionsEPlPcS1_ii
                0x000062a8      0x1e8 ./XbeeLib/xbeeLibrary/xbeeLib.o
                0x000062a8                xbeeST::sendAtCommandWithOptions(long*, char*, char*, int, int)
 .text._ZN6xbeeST18sendLocalAtCommandEPc
                0x00006490       0xc8 ./XbeeLib/xbeeLibrary/xbeeLib.o
                0x00006490                xbeeST::sendLocalAtCommand(char*)
 .text._ZN6xbeeST29sendLocalAtCommandWithOptionsEPcS0_i
                0x00006558      0x11c ./XbeeLib/xbeeLibrary/xbeeLib.o
                0x00006558                xbeeST::sendLocalAtCommandWithOptions(char*, char*, int)
 .text._ZN16xbeeIOdataParserC2Ev
                0x00006674       0x34 ./XbeeLib/xbeeIOdataparser/xbeeIOdataParser.o
                0x00006674                xbeeIOdataParser::xbeeIOdataParser()
 .text._ZN16xbeeIOdataParserC1Ev
                0x000066a8       0x34 ./XbeeLib/xbeeIOdataparser/xbeeIOdataParser.o
                0x000066a8                xbeeIOdataParser::xbeeIOdataParser()
 .text._ZN16xbeeIOdataParser17getSensorReadingsEPh
                0x000066dc      0x1e0 ./XbeeLib/xbeeIOdataparser/xbeeIOdataParser.o
                0x000066dc                xbeeIOdataParser::getSensorReadings(unsigned char*)
 .text._ZN8xbeeATstC2Ev
                0x000068bc       0x1e ./XbeeLib/xbeeATseries2/xbeeATst.o
                0x000068bc                xbeeATst::xbeeATst()
 .text._ZN8xbeeATstC1Ev
                0x000068da       0x1e ./XbeeLib/xbeeATseries2/xbeeATst.o
                0x000068da                xbeeATst::xbeeATst()
 .text._ZN8xbeeATst16getATCommandDataEi
                0x000068f8      0x41a ./XbeeLib/xbeeATseries2/xbeeATst.o
                0x000068f8                xbeeATst::getATCommandData(int)
 .text._ZN8xbeeATst21getLocalATCommandDataEi
                0x00006d12      0x2f6 ./XbeeLib/xbeeATseries2/xbeeATst.o
                0x00006d12                xbeeATst::getLocalATCommandData(int)
 .text._ZN8xbeeATst13sendAtCommandEPlPci
                0x00007008      0x196 ./XbeeLib/xbeeATseries2/xbeeATst.o
                0x00007008                xbeeATst::sendAtCommand(long*, char*, int)
 .text._ZN8xbeeATst24sendAtCommandWithOptionsEPlPcS1_ii
                0x0000719e      0x1e8 ./XbeeLib/xbeeATseries2/xbeeATst.o
                0x0000719e                xbeeATst::sendAtCommandWithOptions(long*, char*, char*, int, int)
 .text._ZN8xbeeATst29sendLocalAtCommandWithOptionsEPcS0_i
                0x00007386      0x11c ./XbeeLib/xbeeATseries2/xbeeATst.o
                0x00007386                xbeeATst::sendLocalAtCommandWithOptions(char*, char*, int)
 .text._ZN8xbeeATst18sendLocalAtCommandEPc
                0x000074a2       0xc8 ./XbeeLib/xbeeATseries2/xbeeATst.o
                0x000074a2                xbeeATst::sendLocalAtCommand(char*)
 .text._ZN8xbeeATsoC2Ev
                0x0000756a        0xa ./XbeeLib/xbeeATseries1/xbeeATso.o
                0x0000756a                xbeeATso::xbeeATso()
 .text._ZN8xbeeATsoC1Ev
                0x00007574        0xa ./XbeeLib/xbeeATseries1/xbeeATso.o
                0x00007574                xbeeATso::xbeeATso()
 .text._ZN8xbeeATso21getLocalATCommandDataEi
                0x0000757e      0x2f6 ./XbeeLib/xbeeATseries1/xbeeATso.o
                0x0000757e                xbeeATso::getLocalATCommandData(int)
 .text._ZN8xbeeATso18sendLocalAtCommandEPc
                0x00007874       0xc8 ./XbeeLib/xbeeATseries1/xbeeATso.o
                0x00007874                xbeeATso::sendLocalAtCommand(char*)
 .text._ZN8xbeeATso29sendLocalAtCommandWithOptionsEPcS0_i
                0x0000793c      0x11c ./XbeeLib/xbeeATseries1/xbeeATso.o
                0x0000793c                xbeeATso::sendLocalAtCommandWithOptions(char*, char*, int)
 .text.__vector_25
                0x00007a58       0x6a /Users/XtremD/Documents/workspace/Test2/libArduinoCores.a(HardwareSerial.o)
                0x00007a58                __vector_25
 .text.__vector_36
                0x00007ac2       0x6a /Users/XtremD/Documents/workspace/Test2/libArduinoCores.a(HardwareSerial.o)
                0x00007ac2                __vector_36
 .text.__vector_51
                0x00007b2c       0x6a /Users/XtremD/Documents/workspace/Test2/libArduinoCores.a(HardwareSerial.o)
                0x00007b2c                __vector_51
 .text.__vector_54
                0x00007b96       0x6a /Users/XtremD/Documents/workspace/Test2/libArduinoCores.a(HardwareSerial.o)
                0x00007b96                __vector_54
 .text._ZN14HardwareSerialC2EP11ring_bufferPVhS3_S3_S3_S3_hhhhh
                0x00007c00       0x60 /Users/XtremD/Documents/workspace/Test2/libArduinoCores.a(HardwareSerial.o)
                0x00007c00                HardwareSerial::HardwareSerial(ring_buffer*, unsigned char volatile*, unsigned char volatile*, unsigned char volatile*, unsigned char volatile*, unsigned char volatile*, unsigned char, unsigned char, unsigned char, unsigned char, unsigned char)
 .text._ZN14HardwareSerialC1EP11ring_bufferPVhS3_S3_S3_S3_hhhhh
                0x00007c60       0x60 /Users/XtremD/Documents/workspace/Test2/libArduinoCores.a(HardwareSerial.o)
                0x00007c60                HardwareSerial::HardwareSerial(ring_buffer*, unsigned char volatile*, unsigned char volatile*, unsigned char volatile*, unsigned char volatile*, unsigned char volatile*, unsigned char, unsigned char, unsigned char, unsigned char, unsigned char)
 .text._ZN14HardwareSerial5beginEl
                0x00007cc0       0xb2 /Users/XtremD/Documents/workspace/Test2/libArduinoCores.a(HardwareSerial.o)
                0x00007cc0                HardwareSerial::begin(long)
 .text._ZN14HardwareSerial3endEv
                0x00007d72       0x54 /Users/XtremD/Documents/workspace/Test2/libArduinoCores.a(HardwareSerial.o)
                0x00007d72                HardwareSerial::end()
 .text._ZN14HardwareSerial9availableEv
                0x00007dc6       0x22 /Users/XtremD/Documents/workspace/Test2/libArduinoCores.a(HardwareSerial.o)
                0x00007dc6                HardwareSerial::available()
 .text._ZN14HardwareSerial4peekEv
                0x00007de8       0x34 /Users/XtremD/Documents/workspace/Test2/libArduinoCores.a(HardwareSerial.o)
                0x00007de8                HardwareSerial::peek()
 .text._ZN14HardwareSerial4readEv
                0x00007e1c       0x48 /Users/XtremD/Documents/workspace/Test2/libArduinoCores.a(HardwareSerial.o)
                0x00007e1c                HardwareSerial::read()
 .text._ZN14HardwareSerial5flushEv
                0x00007e64       0x18 /Users/XtremD/Documents/workspace/Test2/libArduinoCores.a(HardwareSerial.o)
                0x00007e64                HardwareSerial::flush()
 .text._ZN14HardwareSerial5writeEh
                0x00007e7c       0x26 /Users/XtremD/Documents/workspace/Test2/libArduinoCores.a(HardwareSerial.o)
                0x00007e7c                HardwareSerial::write(unsigned char)
 .text._GLOBAL__I_rx_buffer
                0x00007ea2      0x1a0 /Users/XtremD/Documents/workspace/Test2/libArduinoCores.a(HardwareSerial.o)
 .text._ZN5Print5writeEPKc
                0x00008042       0x30 /Users/XtremD/Documents/workspace/Test2/libArduinoCores.a(Print.o)
                0x00008042                Print::write(char const*)
 .text._ZN5Print5writeEPKhj
                0x00008072       0x3e /Users/XtremD/Documents/workspace/Test2/libArduinoCores.a(Print.o)
                0x00008072                Print::write(unsigned char const*, unsigned int)
 .text._ZN5Print5printEPKc
                0x000080b0       0x10 /Users/XtremD/Documents/workspace/Test2/libArduinoCores.a(Print.o)
                0x000080b0                Print::print(char const*)
 .text._ZN5Print5printERK6String
                0x000080c0       0x54 /Users/XtremD/Documents/workspace/Test2/libArduinoCores.a(Print.o)
                0x000080c0                Print::print(String const&)
 .text._ZN5Print11printNumberEmh
                0x00008114      0x130 /Users/XtremD/Documents/workspace/Test2/libArduinoCores.a(Print.o)
                0x00008114                Print::printNumber(unsigned long, unsigned char)
 .text._ZN5Print5printEmi
                0x00008244       0x1e /Users/XtremD/Documents/workspace/Test2/libArduinoCores.a(Print.o)
                0x00008244                Print::print(unsigned long, int)
 .text._ZN5Print5printEji
                0x00008262       0x22 /Users/XtremD/Documents/workspace/Test2/libArduinoCores.a(Print.o)
                0x00008262                Print::print(unsigned int, int)
 .text._ZN5Print5printEhi
                0x00008284       0x24 /Users/XtremD/Documents/workspace/Test2/libArduinoCores.a(Print.o)
                0x00008284                Print::print(unsigned char, int)
 .text._ZN5Print5printEli
                0x000082a8       0x6c /Users/XtremD/Documents/workspace/Test2/libArduinoCores.a(Print.o)
                0x000082a8                Print::print(long, int)
 .text._ZN5Print5printEii
                0x00008314       0x26 /Users/XtremD/Documents/workspace/Test2/libArduinoCores.a(Print.o)
                0x00008314                Print::print(int, int)
 .text._ZN5Print5printEci
                0x0000833a       0x24 /Users/XtremD/Documents/workspace/Test2/libArduinoCores.a(Print.o)
                0x0000833a                Print::print(char, int)
 .text._ZN5Print7printlnEv
                0x0000835e       0x2e /Users/XtremD/Documents/workspace/Test2/libArduinoCores.a(Print.o)
                0x0000835e                Print::println()
 .text._ZN5Print7printlnEmi
                0x0000838c       0x16 /Users/XtremD/Documents/workspace/Test2/libArduinoCores.a(Print.o)
                0x0000838c                Print::println(unsigned long, int)
 .text._ZN5Print7printlnEji
                0x000083a2       0x32 /Users/XtremD/Documents/workspace/Test2/libArduinoCores.a(Print.o)
                0x000083a2                Print::println(unsigned int, int)
 .text._ZN5Print7printlnEhi
                0x000083d4       0x34 /Users/XtremD/Documents/workspace/Test2/libArduinoCores.a(Print.o)
                0x000083d4                Print::println(unsigned char, int)
 .text._ZN5Print7printlnEPKc
                0x00008408       0x16 /Users/XtremD/Documents/workspace/Test2/libArduinoCores.a(Print.o)
                0x00008408                Print::println(char const*)
 .text._ZN5Print7printlnERK6String
                0x0000841e       0x16 /Users/XtremD/Documents/workspace/Test2/libArduinoCores.a(Print.o)
                0x0000841e                Print::println(String const&)
 .text._ZN5Print7printlnEli
                0x00008434       0x16 /Users/XtremD/Documents/workspace/Test2/libArduinoCores.a(Print.o)
                0x00008434                Print::println(long, int)
 .text._ZN5Print7printlnEii
                0x0000844a       0x36 /Users/XtremD/Documents/workspace/Test2/libArduinoCores.a(Print.o)
                0x0000844a                Print::println(int, int)
 .text._ZN5Print7printlnEci
                0x00008480       0x34 /Users/XtremD/Documents/workspace/Test2/libArduinoCores.a(Print.o)
                0x00008480                Print::println(char, int)
 .text._ZN5Print10printFloatEdh
                0x000084b4      0x118 /Users/XtremD/Documents/workspace/Test2/libArduinoCores.a(Print.o)
                0x000084b4                Print::printFloat(double, unsigned char)
 .text._ZN5Print5printEdi
                0x000085cc        0x6 /Users/XtremD/Documents/workspace/Test2/libArduinoCores.a(Print.o)
                0x000085cc                Print::print(double, int)
 .text._ZN5Print7printlnEdi
                0x000085d2       0x16 /Users/XtremD/Documents/workspace/Test2/libArduinoCores.a(Print.o)
                0x000085d2                Print::println(double, int)
 .text._Z3maplllll
                0x000085e8       0x92 /Users/XtremD/Documents/workspace/Test2/libArduinoCores.a(WMath.o)
                0x000085e8                map(long, long, long, long, long)
 .text._Z8makeWordj
                0x0000867a        0x2 /Users/XtremD/Documents/workspace/Test2/libArduinoCores.a(WMath.o)
                0x0000867a                makeWord(unsigned int)
 .text._Z8makeWordhh
                0x0000867c        0xe /Users/XtremD/Documents/workspace/Test2/libArduinoCores.a(WMath.o)
                0x0000867c                makeWord(unsigned char, unsigned char)
 .text._Z6randoml
                0x0000868a       0x44 /Users/XtremD/Documents/workspace/Test2/libArduinoCores.a(WMath.o)
                0x0000868a                random(long)
 .text._Z6randomll
                0x000086ce       0x3c /Users/XtremD/Documents/workspace/Test2/libArduinoCores.a(WMath.o)
                0x000086ce                random(long, long)
 .text._Z10randomSeedj
                0x0000870a       0x10 /Users/XtremD/Documents/workspace/Test2/libArduinoCores.a(WMath.o)
                0x0000870a                randomSeed(unsigned int)
 .text._ZNK6String6charAtEj
                0x0000871a       0x10 /Users/XtremD/Documents/workspace/Test2/libArduinoCores.a(WString.o)
                0x0000871a                String::charAt(unsigned int) const
 .text._ZN6String9setCharAtEjc
                0x0000872a       0x22 /Users/XtremD/Documents/workspace/Test2/libArduinoCores.a(WString.o)
                0x0000872a                String::setCharAt(unsigned int, char)
 .text._ZN6StringixEj
                0x0000874c       0x2a /Users/XtremD/Documents/workspace/Test2/libArduinoCores.a(WString.o)
                0x0000874c                String::operator[](unsigned int)
 .text._ZNK6StringixEj
                0x00008776       0x10 /Users/XtremD/Documents/workspace/Test2/libArduinoCores.a(WString.o)
                0x00008776                String::operator[](unsigned int) const
 .text._ZN6String5toIntEv
                0x00008786        0xc /Users/XtremD/Documents/workspace/Test2/libArduinoCores.a(WString.o)
                0x00008786                String::toInt()
 .text._ZN6String11toCharArrayEPcj
                0x00008792       0x44 /Users/XtremD/Documents/workspace/Test2/libArduinoCores.a(WString.o)
                0x00008792                String::toCharArray(char*, unsigned int)
 .text._ZN6String8getBytesEPhj
                0x000087d6       0x44 /Users/XtremD/Documents/workspace/Test2/libArduinoCores.a(WString.o)
                0x000087d6                String::getBytes(unsigned char*, unsigned int)
 .text._ZN6StringD1Ev
                0x0000881a       0x20 /Users/XtremD/Documents/workspace/Test2/libArduinoCores.a(WString.o)
 .text._ZNK6String10startsWithERKS_j
                0x0000883a       0x3c /Users/XtremD/Documents/workspace/Test2/libArduinoCores.a(WString.o)
                0x0000883a                String::startsWith(String const&, unsigned int) const
 .text._ZNK6String10startsWithERKS_
                0x00008876       0x26 /Users/XtremD/Documents/workspace/Test2/libArduinoCores.a(WString.o)
                0x00008876                String::startsWith(String const&) const
 .text._ZNK6String11lastIndexOfEcj
                0x0000889c       0x6a /Users/XtremD/Documents/workspace/Test2/libArduinoCores.a(WString.o)
                0x0000889c                String::lastIndexOf(char, unsigned int) const
 .text._ZNK6String11lastIndexOfEc
                0x00008906       0x10 /Users/XtremD/Documents/workspace/Test2/libArduinoCores.a(WString.o)
                0x00008906                String::lastIndexOf(char) const
 .text._ZNK6String7indexOfERKS_j
                0x00008916       0x3c /Users/XtremD/Documents/workspace/Test2/libArduinoCores.a(WString.o)
                0x00008916                String::indexOf(String const&, unsigned int) const
 .text._ZNK6String7indexOfERKS_
                0x00008952        0xa /Users/XtremD/Documents/workspace/Test2/libArduinoCores.a(WString.o)
                0x00008952                String::indexOf(String const&) const
 .text._ZNK6String7indexOfEcj
                0x0000895c       0x38 /Users/XtremD/Documents/workspace/Test2/libArduinoCores.a(WString.o)
                0x0000895c                String::indexOf(char, unsigned int) const
 .text._ZNK6String7indexOfEc
                0x00008994        0xa /Users/XtremD/Documents/workspace/Test2/libArduinoCores.a(WString.o)
                0x00008994                String::indexOf(char) const
 .text._ZNK6String6equalsERKS_
                0x0000899e       0x32 /Users/XtremD/Documents/workspace/Test2/libArduinoCores.a(WString.o)
                0x0000899e                String::equals(String const&) const
 .text._ZNK6String8endsWithERKS_
                0x000089d0       0x3a /Users/XtremD/Documents/workspace/Test2/libArduinoCores.a(WString.o)
                0x000089d0                String::endsWith(String const&) const
 .text._ZNK6StringgeERKS_
                0x00008a0a       0x28 /Users/XtremD/Documents/workspace/Test2/libArduinoCores.a(WString.o)
                0x00008a0a                String::operator>=(String const&) const
 .text._ZNK6StringleERKS_
                0x00008a32       0x22 /Users/XtremD/Documents/workspace/Test2/libArduinoCores.a(WString.o)
                0x00008a32                String::operator<=(String const&) const
 .text._ZNK6StringgtERKS_
                0x00008a54       0x22 /Users/XtremD/Documents/workspace/Test2/libArduinoCores.a(WString.o)
                0x00008a54                String::operator>(String const&) const
 .text._ZNK6StringltERKS_
                0x00008a76       0x24 /Users/XtremD/Documents/workspace/Test2/libArduinoCores.a(WString.o)
                0x00008a76                String::operator<(String const&) const
 .text._ZNK6StringneERKS_
                0x00008a9a       0x30 /Users/XtremD/Documents/workspace/Test2/libArduinoCores.a(WString.o)
                0x00008a9a                String::operator!=(String const&) const
 .text._ZNK6StringeqERKS_
                0x00008aca       0x34 /Users/XtremD/Documents/workspace/Test2/libArduinoCores.a(WString.o)
                0x00008aca                String::operator==(String const&) const
 .text._ZNK6String9compareToERKS_
                0x00008afe       0x12 /Users/XtremD/Documents/workspace/Test2/libArduinoCores.a(WString.o)
                0x00008afe                String::compareTo(String const&) const
 .text._ZN6StringpLERKS_
                0x00008b10       0x70 /Users/XtremD/Documents/workspace/Test2/libArduinoCores.a(WString.o)
                0x00008b10                String::operator+=(String const&)
 .text._ZN6String6concatERKS_
                0x00008b80        0x6 /Users/XtremD/Documents/workspace/Test2/libArduinoCores.a(WString.o)
                0x00008b80                String::concat(String const&)
 .text._ZN6String9getBufferEj
                0x00008b86       0x28 /Users/XtremD/Documents/workspace/Test2/libArduinoCores.a(WString.o)
                0x00008b86                String::getBuffer(unsigned int)
 .text._ZN6StringaSERKS_
                0x00008bae       0x60 /Users/XtremD/Documents/workspace/Test2/libArduinoCores.a(WString.o)
                0x00008bae                String::operator=(String const&)
 .text._ZN6StringC1Eh
                0x00008c0e       0x34 /Users/XtremD/Documents/workspace/Test2/libArduinoCores.a(WString.o)
                0x00008c0e                String::String(unsigned char)
 .text._ZN6StringC2Eh
                0x00008c42       0x34 /Users/XtremD/Documents/workspace/Test2/libArduinoCores.a(WString.o)
                0x00008c42                String::String(unsigned char)
 .text._ZN6StringC1Ec
                0x00008c76       0x34 /Users/XtremD/Documents/workspace/Test2/libArduinoCores.a(WString.o)
                0x00008c76                String::String(char)
 .text._ZN6StringC2Ec
                0x00008caa       0x34 /Users/XtremD/Documents/workspace/Test2/libArduinoCores.a(WString.o)
                0x00008caa                String::String(char)
 .text._ZN6StringC1ERKS_
                0x00008cde       0x36 /Users/XtremD/Documents/workspace/Test2/libArduinoCores.a(WString.o)
                0x00008cde                String::String(String const&)
 .text._ZN6StringC2ERKS_
                0x00008d14       0x36 /Users/XtremD/Documents/workspace/Test2/libArduinoCores.a(WString.o)
                0x00008d14                String::String(String const&)
 .text._ZN6StringC1Emi
                0x00008d4a       0x7e /Users/XtremD/Documents/workspace/Test2/libArduinoCores.a(WString.o)
                0x00008d4a                String::String(unsigned long, int)
 .text._ZN6StringC2Emi
                0x00008dc8       0x7e /Users/XtremD/Documents/workspace/Test2/libArduinoCores.a(WString.o)
                0x00008dc8                String::String(unsigned long, int)
 .text._ZN6StringC1Eji
                0x00008e46       0x7c /Users/XtremD/Documents/workspace/Test2/libArduinoCores.a(WString.o)
                0x00008e46                String::String(unsigned int, int)
 .text._ZN6StringC2Eji
                0x00008ec2       0x7c /Users/XtremD/Documents/workspace/Test2/libArduinoCores.a(WString.o)
                0x00008ec2                String::String(unsigned int, int)
 .text._ZN6StringC1EPKc
                0x00008f3e       0x50 /Users/XtremD/Documents/workspace/Test2/libArduinoCores.a(WString.o)
                0x00008f3e                String::String(char const*)
 .text._ZNK6String11toUpperCaseEv
                0x00008f8e       0x72 /Users/XtremD/Documents/workspace/Test2/libArduinoCores.a(WString.o)
                0x00008f8e                String::toUpperCase() const
 .text._ZNK6String11toLowerCaseEv
                0x00009000       0x72 /Users/XtremD/Documents/workspace/Test2/libArduinoCores.a(WString.o)
                0x00009000                String::toLowerCase() const
 .text._ZNK6String16equalsIgnoreCaseERKS_
                0x00009072       0x98 /Users/XtremD/Documents/workspace/Test2/libArduinoCores.a(WString.o)
                0x00009072                String::equalsIgnoreCase(String const&) const
 .text._ZNK6String9substringEjj
                0x0000910a       0x6e /Users/XtremD/Documents/workspace/Test2/libArduinoCores.a(WString.o)
                0x0000910a                String::substring(unsigned int, unsigned int) const
 .text._ZNK6String9substringEj
                0x00009178       0x18 /Users/XtremD/Documents/workspace/Test2/libArduinoCores.a(WString.o)
                0x00009178                String::substring(unsigned int) const
 .text._ZNK6String11lastIndexOfERKS_j
                0x00009190       0xca /Users/XtremD/Documents/workspace/Test2/libArduinoCores.a(WString.o)
                0x00009190                String::lastIndexOf(String const&, unsigned int) const
 .text._ZNK6String11lastIndexOfERKS_
                0x0000925a       0x1c /Users/XtremD/Documents/workspace/Test2/libArduinoCores.a(WString.o)
                0x0000925a                String::lastIndexOf(String const&) const
 .text._ZNK6String4trimEv
                0x00009276       0xd6 /Users/XtremD/Documents/workspace/Test2/libArduinoCores.a(WString.o)
                0x00009276                String::trim() const
 .text._ZN6String7replaceERKS_S1_
                0x0000934c      0x136 /Users/XtremD/Documents/workspace/Test2/libArduinoCores.a(WString.o)
                0x0000934c                String::replace(String const&, String const&)
 .text._ZN6String7replaceEcc
                0x00009482       0x7e /Users/XtremD/Documents/workspace/Test2/libArduinoCores.a(WString.o)
                0x00009482                String::replace(char, char)
 .text._ZN6StringC2EPKc
                0x00009500       0x50 /Users/XtremD/Documents/workspace/Test2/libArduinoCores.a(WString.o)
                0x00009500                String::String(char const*)
 .text._ZN6StringC1Eli
                0x00009550       0x7a /Users/XtremD/Documents/workspace/Test2/libArduinoCores.a(WString.o)
                0x00009550                String::String(long, int)
 .text._ZN6StringC2Eli
                0x000095ca       0x7a /Users/XtremD/Documents/workspace/Test2/libArduinoCores.a(WString.o)
                0x000095ca                String::String(long, int)
 .text._ZN6StringC1Eii
                0x00009644       0x78 /Users/XtremD/Documents/workspace/Test2/libArduinoCores.a(WString.o)
                0x00009644                String::String(int, int)
 .text._ZN6StringC2Eii
                0x000096bc       0x78 /Users/XtremD/Documents/workspace/Test2/libArduinoCores.a(WString.o)
                0x000096bc                String::String(int, int)
 .text.__vector_23
                0x00009734       0x90 /Users/XtremD/Documents/workspace/Test2/libArduinoCores.a(wiring.o)
                0x00009734                __vector_23
 .text.millis   0x000097c4       0x1c /Users/XtremD/Documents/workspace/Test2/libArduinoCores.a(wiring.o)
                0x000097c4                millis
 .text.micros   0x000097e0       0x4c /Users/XtremD/Documents/workspace/Test2/libArduinoCores.a(wiring.o)
                0x000097e0                micros
 .text.delay    0x0000982c       0xb2 /Users/XtremD/Documents/workspace/Test2/libArduinoCores.a(wiring.o)
                0x0000982c                delay
 .text.delayMicroseconds
                0x000098de       0x14 /Users/XtremD/Documents/workspace/Test2/libArduinoCores.a(wiring.o)
                0x000098de                delayMicroseconds
 .text.init     0x000098f2       0xc4 /Users/XtremD/Documents/workspace/Test2/libArduinoCores.a(wiring.o)
                0x000098f2                init
 .text.analogReference
                0x000099b6        0x6 /Users/XtremD/Documents/workspace/Test2/libArduinoCores.a(wiring_analog.o)
                0x000099b6                analogReference
 .text.analogRead
                0x000099bc       0x68 /Users/XtremD/Documents/workspace/Test2/libArduinoCores.a(wiring_analog.o)
                0x000099bc                analogRead
 .text.analogWrite
                0x00009a24      0x1b6 /Users/XtremD/Documents/workspace/Test2/libArduinoCores.a(wiring_analog.o)
                0x00009a24                analogWrite
 .text.pinMode  0x00009bda       0x4c /Users/XtremD/Documents/workspace/Test2/libArduinoCores.a(wiring_digital.o)
                0x00009bda                pinMode
 .text.turnOffPWM
                0x00009c26       0xe6 /Users/XtremD/Documents/workspace/Test2/libArduinoCores.a(wiring_digital.o)
 .text.digitalWrite
                0x00009d0c       0x6a /Users/XtremD/Documents/workspace/Test2/libArduinoCores.a(wiring_digital.o)
                0x00009d0c                digitalWrite
 .text.digitalRead
                0x00009d76       0x60 /Users/XtremD/Documents/workspace/Test2/libArduinoCores.a(wiring_digital.o)
                0x00009d76                digitalRead
 .text.libgcc   0x00009dd6       0x3e /usr/local/avr/bin/../lib/gcc/avr/4.3.2/avr51/libgcc.a(_mulsi3.o)
                0x00009dd6                __mulsi3